******************************************************************************
                  TI ARM Linker PC v5.2.6                      
******************************************************************************
>> Linked Wed Feb 17 12:08:25 2016

OUTPUT FILE NAME:   <Hercules_N64_RC_CAR.out>
ENTRY POINT SYMBOL: "_c_int00"  address: 00003750


MEMORY CONFIGURATION

         name            origin    length      used     unused   attr    fill
----------------------  --------  ---------  --------  --------  ----  --------
  VECTORS               00000000   00000020  00000020  00000000     X
  FLASH0                00000020   001fffe0  00003c5c  001fc384  R  X
  FLASH1                00200000   00200000  00000000  00200000  R  X
  STACKS                08000000   00001500  00000000  00001500  RW  
  RAM                   08001500   0007eb00  000001e9  0007e917  RW  


SEGMENT ALLOCATION MAP

run origin  load origin   length   init length attrs members
----------  ----------- ---------- ----------- ----- -------
00000000    00000000    00003c80   00003c80    r-x
  00000000    00000000    00000020   00000020    r-x .intvecs
  00000020    00000020    000039f4   000039f4    r-x .text
  00003a18    00003a18    00000200   00000200    r-- .const
  00003c18    00003c18    00000068   00000068    r-- .cinit
08001500    08001500    000001e9   00000000    rw-
  08001500    08001500    00000188   00000000    rw- .bss
  08001688    08001688    00000061   00000000    rw- .data


SECTION ALLOCATION MAP

 output                                  attributes/
section   page    origin      length       input sections
--------  ----  ----------  ----------   ----------------
.intvecs   0    00000000    00000020     
                  00000000    00000020     HL_sys_intvecs.obj (.intvecs)

.text      0    00000020    000039f4     
                  00000020    000005f0     HL_system.obj (.text)
                  00000610    000005ac     HL_sys_vim.obj (.text)
                  00000bbc    00000004     --HOLE-- [fill = 0]
                  00000bc0    000004f0     HL_pinmux.obj (.text)
                  000010b0    00000434     HL_esm.obj (.text)
                  000014e4    00000418     HL_sys_core.obj (.text)
                  000018fc    00000004     --HOLE-- [fill = 0]
                  00001900    000003c0     SPI.obj (.text)
                  00001cc0    00000394     HL_sys_mpu.obj (.text)
                  00002054    00000008     rtsv7R4_A_be_v3D16_eabi.lib : copy_decompress_rle.obj (.text:decompress:rle24)
                  0000205c    00000004     --HOLE-- [fill = 0]
                  00002060    00000304     WAV.obj (.text)
                  00002364    0000000c     --HOLE-- [fill = 0]
                  00002370    00000228     main.obj (.text)
                  00002598    00000008     --HOLE-- [fill = 0]
                  000025a0    00000208     TIMERS.obj (.text)
                  000027a8    00000008     --HOLE-- [fill = 0]
                  000027b0    000001f8     N64.obj (.text)
                  000029a8    00000008     --HOLE-- [fill = 0]
                  000029b0    000001e0     INTERRUPTS.obj (.text:retain)
                  00002b90    000001b8     MISC.obj (.text)
                  00002d48    00000008     --HOLE-- [fill = 0]
                  00002d50    000001b4     HL_sys_vim.obj (.text:retain)
                  00002f04    0000000c     --HOLE-- [fill = 0]
                  00002f10    000001b0     POT.obj (.text)
                  000030c0    00000180     rtsv7R4_A_be_v3D16_eabi.lib : memcpy32.obj (.text)
                  00003240    0000013c     LED.obj (.text)
                  0000337c    00000004     --HOLE-- [fill = 0]
                  00003380    0000010c     HL_esm.obj (.text:retain)
                  0000348c    00000004     --HOLE-- [fill = 0]
                  00003490    000000cc     USER.obj (.text)
                  0000355c    000000b0     rtsv7R4_A_be_v3D16_eabi.lib : memset32.obj (.text)
                  0000360c    000000a4                                 : autoinit.obj (.text)
                  000036b0    0000009c                                 : copy_decompress_rle.obj (.text)
                  0000374c    00000004     --HOLE-- [fill = 0]
                  00003750    00000094     HL_sys_startup.obj (.text:retain)
                  000037e4    00000084     rtsv7R4_A_be_v3D16_eabi.lib : cpy_tbl.obj (.text)
                  00003868    00000078                                 : exit.obj (.text)
                  000038e0    00000064     HL_notification.obj (.text)
                  00003944    0000000c     --HOLE-- [fill = 0]
                  00003950    00000060     DAC.obj (.text)
                  000039b0    00000024     rtsv7R4_A_be_v3D16_eabi.lib : _lock.obj (.text)
                  000039d4    00000014                                 : copy_decompress_none.obj (.text:decompress:none)
                  000039e8    00000010                                 : copy_zero_init.obj (.text:decompress:ZI)
                  000039f8    00000008     --HOLE-- [fill = 0]
                  00003a00    00000004     AUDIO.obj (.text)
                  00003a04    0000000c     --HOLE-- [fill = 0]
                  00003a10    00000004     HL_sys_phantom.obj (.text:retain)

.const     0    00003a18    00000200     
                  00003a18    00000200     HL_sys_vim.obj (.const:s_vim_init)

.cinit     0    00003c18    00000068     
                  00003c18    0000003d     (.cinit..data.load) [load image, compression = rle]
                  00003c55    00000003     --HOLE-- [fill = 0]
                  00003c58    0000000c     (__TI_handler_table)
                  00003c64    00000004     --HOLE-- [fill = 0]
                  00003c68    00000008     (.cinit..bss.load) [load image, compression = zero_init]
                  00003c70    00000010     (__TI_cinit_table)

.bss       0    08001500    00000188     UNINITIALIZED
                  08001500    0000012c     SPI.obj (.bss:SPI_TX_Buffer)
                  0800162c    00000024     N64.obj (.bss:N64_Buffer_Code)
                  08001650    00000014     (.common:WAV_PlayingQueue)
                  08001664    00000012     (.common:N64_New)
                  08001676    00000012     (.common:N64_Old)

.TI.noinit 
*          0    08001500    00000000     UNINITIALIZED

.data      0    08001688    00000061     UNINITIALIZED
                  08001688    0000002c     TIMERS.obj (.data)
                  080016b4    00000014     SYSTEM.obj (.data)
                  080016c8    00000008     N64.obj (.data)
                  080016d0    00000008     rtsv7R4_A_be_v3D16_eabi.lib : _lock.obj (.data)
                  080016d8    00000008                                 : exit.obj (.data)
                  080016e0    00000004     SPI.obj (.data)
                  080016e4    00000003     WAV.obj (.data)
                  080016e7    00000002     POT.obj (.data)

.TI.persistent 
*          0    08001688    00000000     UNINITIALIZED


LINKER GENERATED COPY TABLES

__TI_cinit_table @ 00003c70 records: 2, size/record: 8, table size: 16
	.data: load addr=00003c18, load size=0000003d bytes, run addr=08001688, run size=00000061 bytes, compression=rle
	.bss: load addr=00003c68, load size=00000008 bytes, run addr=08001500, run size=00000188 bytes, compression=zero_init


LINKER GENERATED HANDLER TABLE

__TI_handler_table @ 00003c58 records: 3, size/record: 4, table size: 12
	index: 0, handler: __TI_zero_init
	index: 1, handler: __TI_decompress_rle24
	index: 2, handler: __TI_decompress_none


GLOBAL SYMBOLS: SORTED ALPHABETICALLY BY Name 

address   name                                
-------   ----                                
00003868  C$$EXIT                             
00003950  DAC_SendData                        
080016b4  GCLK                                
080016b8  HCLK                                
00002a90  ISR_SPI1_INT0                       
00002a00  ISR_Timer1                          
000029b0  ISR_Timer2                          
00003a00  InitAudio                           
00003990  InitDAC                             
00003300  InitLEDs                            
000026d0  InitN2HET1                          
00002730  InitN2HET2                          
00002980  InitN64                             
000030b0  InitPOT                             
00003090  InitPOTGas                          
00003070  InitPOTSteering                     
00001c50  InitSPI                             
00001c50  InitSPI1                            
00002790  InitTimers                          
00002350  InitWAV                             
00003530  Init_Modules                        
00003490  Init_Pins                           
000032c0  LED_BoardGreen                      
00003280  LED_Green                           
00003240  LED_Red                             
00002d20  MSC_DelayNOP                        
00002c10  MSC_DelayUS                         
00002c00  MSC_EndianLong                      
00002be0  MSC_EndianLongArray                 
00002bd0  MSC_EndianShort                     
00002bb0  MSC_EndianShortArray                
00002b90  MSC_Round                           
0800162c  N64_Buffer_Code                     
000027d0  N64_BuildCode                       
080016c9  N64_CodeSectionBit                  
080016cc  N64_ControllerCount                 
00002930  N64_GetButtonState                  
000027c0  N64_GetUpdateFlag                   
08001664  N64_New                             
08001676  N64_Old                             
000027b0  N64_SetUpdateFlag                   
00003050  POT_ClearGasUpdateFlag              
00003030  POT_ClearSteeringUpdateFlag         
00003020  POT_GetGasUpdateFlag                
00003010  POT_GetSteeringUpdateFlag           
00002fb0  POT_SendDataGas                     
00002f30  POT_SendDataSteering                
00002ff0  POT_SetGas                          
00002f90  POT_SetGasUpdateFlag                
00002f70  POT_SetSteering                     
00002f10  POT_SetSteeringUpdateFlag           
UNDEFED   SHT$$INIT_ARRAY$$Base               
UNDEFED   SHT$$INIT_ARRAY$$Limit              
00001b50  SPI_AddToTXBuffer                   
00001b30  SPI_IsTransmitBufferFull            
000019c0  SPI_Parameters1                     
00001990  SPI_ReceiveInterrupt1               
00001970  SPI_SendByte                        
00001930  SPI_SetPins                         
08001500  SPI_TX_Buffer                       
080016e0  SPI_TX_Buffer_Add_place             
080016e2  SPI_TX_Buffer_Remove_place          
00001900  SPI_TransmitInterrupt1              
08001688  TMR_Flag2                           
00002640  TMR_SetTimerMicroSeconds1           
000025d0  TMR_SetTimerPeriod2                 
000025a0  TMR_TestTimer2                      
0800168c  Timer1Program                       
0800169c  Timer2Program                       
080016bc  VCLK1                               
080016c0  VCLK2                               
080016c4  VCLK3                               
00002180  WAV_AddToQueue                      
000020d0  WAV_EraseFromQueue                  
000020c0  WAV_Finished                        
000020b0  WAV_IsFinished                      
000020a0  WAV_IsPlaying                       
00002090  WAV_IsStarted                       
00002080  WAV_Playing                         
08001650  WAV_PlayingQueue                    
00002070  WAV_SetupPlayback                   
00002060  WAV_Started                         
00003c70  __TI_CINIT_Base                     
00003c80  __TI_CINIT_Limit                    
00003c58  __TI_Handler_Table_Base             
00003c64  __TI_Handler_Table_Limit            
000018f4  __TI_PINIT_Base                     
000018f8  __TI_PINIT_Limit                    
0000360c  __TI_auto_init                      
080016d8  __TI_cleanup_ptr                    
000039d4  __TI_decompress_none                
00002054  __TI_decompress_rle24               
080016dc  __TI_dtors_ptr                      
00000000  __TI_static_base__                  
000039e8  __TI_zero_init                      
0000355c  __aeabi_memclr                      
0000355c  __aeabi_memclr4                     
0000355c  __aeabi_memclr8                     
000030c0  __aeabi_memcpy                      
000030c0  __aeabi_memcpy4                     
000030c0  __aeabi_memcpy8                     
00003560  __aeabi_memset                      
00003560  __aeabi_memset4                     
00003560  __aeabi_memset8                     
ffffffff  __binit__                           
ffffffff  __c_args__                          
00003750  _c_int00                            
00001898  _cacheDisable_                      
00001860  _cacheEnable_                       
00001840  _checkMemInitOn_                    
0000173c  _coreClearAuxiliaryDataFault_       
00001758  _coreClearAuxiliaryInstructionFault_
00001704  _coreClearDataFaultAddress_         
000016cc  _coreClearDataFault_                
00001720  _coreClearInstructionFaultAddress_  
000016e8  _coreClearInstructionFault_         
00001694  _coreDisableEventBusExport_         
0000167c  _coreEnableEventBusExport_          
000016ac  _coreEnableIrqVicOffset_            
0000165c  _coreEnableVfp_                     
00001734  _coreGetAuxiliaryDataFault_         
00001750  _coreGetAuxiliaryInstructionFault_  
000016fc  _coreGetDataFaultAddress_           
000016c4  _coreGetDataFault_                  
00001718  _coreGetInstructionFaultAddress_    
000016e0  _coreGetInstructionFault_           
000014e4  _coreInitRegisters_                 
000015f0  _coreInitStackPointer_              
000018bc  _dCacheInvalidate_                  
0000176c  _disable_IRQ_interrupt_             
00001774  _enable_IRQ_interrupt_              
0000177c  _enable_interrupt_                  
00001784  _esmCcmErrorsClear_                 
0000163c  _getCPSRValue_                      
00001644  _gotoCPUIdle_                       
000018d8  _iCacheInvalidate_                  
080016d0  _lock                               
0000180c  _memInit_                           
00001ffc  _mpuAreRegionsSeparate_             
00001fd8  _mpuDisableBackgroundRegion_        
00001fa0  _mpuDisable_                        
00001fc0  _mpuEnableBackgroundRegion_         
00001f80  _mpuEnable_                         
00001ff0  _mpuGetNumberOfRegions_             
00002020  _mpuGetRegionBaseAddress_           
00002040  _mpuGetRegionPermission_            
00002034  _mpuGetRegionType_                  
00002010  _mpuGetRegion_                      
00001cc0  _mpuInit_                           
00002018  _mpuSetRegionBaseAddress_           
0000204c  _mpuSetRegionSizeRegister_          
00002028  _mpuSetRegionTypeAndPermission_     
00002008  _mpuSetRegion_                      
000039c8  _nop                                
000039bc  _register_lock                      
000039b0  _register_unlock                    
080016d4  _unlock                             
00003870  abort                               
ffffffff  binit                               
000037e4  copy_in                             
00003940  dmaGroupANotification               
00003930  epcCAMFullNotification              
00003920  epcFIFOFullNotification             
000014d0  esmActivateNormalOperation          
000014a0  esmClearStatus                      
00001490  esmClearStatusBuffer                
00001470  esmClearStatusUpper                 
00001450  esmDisableError                     
00001440  esmDisableErrorUpper                
00001420  esmDisableInterrupt                 
00001410  esmDisableInterruptUpper            
000013f0  esmEnableError                      
000013e0  esmEnableErrorUpper                 
000013c0  esmEnableInterrupt                  
000013b0  esmEnableInterruptUpper             
00001360  esmEnterSelfTest                    
00001350  esmError                            
000012a0  esmGetConfigValue                   
00001260  esmGetStatus                        
00001240  esmGetStatusBuffer                  
00001220  esmGetStatusUpper                   
00003910  esmGroup1Notification               
00003900  esmGroup2Notification               
000038f0  esmGroup3Notification               
00003380  esmHighInterrupt                    
00001180  esmInit                             
00001150  esmSelfTestStatus                   
00001130  esmSetCounterPreloadValue           
000010f0  esmSetInterruptLevel                
000010d0  esmSetInterruptLevelUpper           
000010b0  esmTriggerErrorPinReset             
0000387c  exit                                
00000550  getResetSource                      
000038e0  gioNotification                     
00002370  main                                
000001a0  mapClocks                           
000030c0  memcpy                              
0000356c  memset                              
00000bc0  muxInit                             
000000f0  periphInit                          
00003a10  phantomInterrupt                    
00000000  resetEntry                          
00000160  setupFlash                          
00000090  setupPLL                            
000002d0  systemGetConfigValue                
00000280  systemInit                          
00000070  systemPowerDown                     
00000020  trimLPO                             
00000b70  vimChannelMap                       
00000ac0  vimDisableInterrupt                 
00002d50  vimECCErrorHandler                  
00000960  vimEnableInterrupt                  
000006b0  vimGetConfigValue                   
00000610  vimInit                             


GLOBAL SYMBOLS: SORTED BY Symbol Address 

address   name                                
-------   ----                                
00000000  __TI_static_base__                  
00000000  resetEntry                          
00000020  trimLPO                             
00000070  systemPowerDown                     
00000090  setupPLL                            
000000f0  periphInit                          
00000160  setupFlash                          
000001a0  mapClocks                           
00000280  systemInit                          
000002d0  systemGetConfigValue                
00000550  getResetSource                      
00000610  vimInit                             
000006b0  vimGetConfigValue                   
00000960  vimEnableInterrupt                  
00000ac0  vimDisableInterrupt                 
00000b70  vimChannelMap                       
00000bc0  muxInit                             
000010b0  esmTriggerErrorPinReset             
000010d0  esmSetInterruptLevelUpper           
000010f0  esmSetInterruptLevel                
00001130  esmSetCounterPreloadValue           
00001150  esmSelfTestStatus                   
00001180  esmInit                             
00001220  esmGetStatusUpper                   
00001240  esmGetStatusBuffer                  
00001260  esmGetStatus                        
000012a0  esmGetConfigValue                   
00001350  esmError                            
00001360  esmEnterSelfTest                    
000013b0  esmEnableInterruptUpper             
000013c0  esmEnableInterrupt                  
000013e0  esmEnableErrorUpper                 
000013f0  esmEnableError                      
00001410  esmDisableInterruptUpper            
00001420  esmDisableInterrupt                 
00001440  esmDisableErrorUpper                
00001450  esmDisableError                     
00001470  esmClearStatusUpper                 
00001490  esmClearStatusBuffer                
000014a0  esmClearStatus                      
000014d0  esmActivateNormalOperation          
000014e4  _coreInitRegisters_                 
000015f0  _coreInitStackPointer_              
0000163c  _getCPSRValue_                      
00001644  _gotoCPUIdle_                       
0000165c  _coreEnableVfp_                     
0000167c  _coreEnableEventBusExport_          
00001694  _coreDisableEventBusExport_         
000016ac  _coreEnableIrqVicOffset_            
000016c4  _coreGetDataFault_                  
000016cc  _coreClearDataFault_                
000016e0  _coreGetInstructionFault_           
000016e8  _coreClearInstructionFault_         
000016fc  _coreGetDataFaultAddress_           
00001704  _coreClearDataFaultAddress_         
00001718  _coreGetInstructionFaultAddress_    
00001720  _coreClearInstructionFaultAddress_  
00001734  _coreGetAuxiliaryDataFault_         
0000173c  _coreClearAuxiliaryDataFault_       
00001750  _coreGetAuxiliaryInstructionFault_  
00001758  _coreClearAuxiliaryInstructionFault_
0000176c  _disable_IRQ_interrupt_             
00001774  _enable_IRQ_interrupt_              
0000177c  _enable_interrupt_                  
00001784  _esmCcmErrorsClear_                 
0000180c  _memInit_                           
00001840  _checkMemInitOn_                    
00001860  _cacheEnable_                       
00001898  _cacheDisable_                      
000018bc  _dCacheInvalidate_                  
000018d8  _iCacheInvalidate_                  
000018f4  __TI_PINIT_Base                     
000018f8  __TI_PINIT_Limit                    
00001900  SPI_TransmitInterrupt1              
00001930  SPI_SetPins                         
00001970  SPI_SendByte                        
00001990  SPI_ReceiveInterrupt1               
000019c0  SPI_Parameters1                     
00001b30  SPI_IsTransmitBufferFull            
00001b50  SPI_AddToTXBuffer                   
00001c50  InitSPI                             
00001c50  InitSPI1                            
00001cc0  _mpuInit_                           
00001f80  _mpuEnable_                         
00001fa0  _mpuDisable_                        
00001fc0  _mpuEnableBackgroundRegion_         
00001fd8  _mpuDisableBackgroundRegion_        
00001ff0  _mpuGetNumberOfRegions_             
00001ffc  _mpuAreRegionsSeparate_             
00002008  _mpuSetRegion_                      
00002010  _mpuGetRegion_                      
00002018  _mpuSetRegionBaseAddress_           
00002020  _mpuGetRegionBaseAddress_           
00002028  _mpuSetRegionTypeAndPermission_     
00002034  _mpuGetRegionType_                  
00002040  _mpuGetRegionPermission_            
0000204c  _mpuSetRegionSizeRegister_          
00002054  __TI_decompress_rle24               
00002060  WAV_Started                         
00002070  WAV_SetupPlayback                   
00002080  WAV_Playing                         
00002090  WAV_IsStarted                       
000020a0  WAV_IsPlaying                       
000020b0  WAV_IsFinished                      
000020c0  WAV_Finished                        
000020d0  WAV_EraseFromQueue                  
00002180  WAV_AddToQueue                      
00002350  InitWAV                             
00002370  main                                
000025a0  TMR_TestTimer2                      
000025d0  TMR_SetTimerPeriod2                 
00002640  TMR_SetTimerMicroSeconds1           
000026d0  InitN2HET1                          
00002730  InitN2HET2                          
00002790  InitTimers                          
000027b0  N64_SetUpdateFlag                   
000027c0  N64_GetUpdateFlag                   
000027d0  N64_BuildCode                       
00002930  N64_GetButtonState                  
00002980  InitN64                             
000029b0  ISR_Timer2                          
00002a00  ISR_Timer1                          
00002a90  ISR_SPI1_INT0                       
00002b90  MSC_Round                           
00002bb0  MSC_EndianShortArray                
00002bd0  MSC_EndianShort                     
00002be0  MSC_EndianLongArray                 
00002c00  MSC_EndianLong                      
00002c10  MSC_DelayUS                         
00002d20  MSC_DelayNOP                        
00002d50  vimECCErrorHandler                  
00002f10  POT_SetSteeringUpdateFlag           
00002f30  POT_SendDataSteering                
00002f70  POT_SetSteering                     
00002f90  POT_SetGasUpdateFlag                
00002fb0  POT_SendDataGas                     
00002ff0  POT_SetGas                          
00003010  POT_GetSteeringUpdateFlag           
00003020  POT_GetGasUpdateFlag                
00003030  POT_ClearSteeringUpdateFlag         
00003050  POT_ClearGasUpdateFlag              
00003070  InitPOTSteering                     
00003090  InitPOTGas                          
000030b0  InitPOT                             
000030c0  __aeabi_memcpy                      
000030c0  __aeabi_memcpy4                     
000030c0  __aeabi_memcpy8                     
000030c0  memcpy                              
00003240  LED_Red                             
00003280  LED_Green                           
000032c0  LED_BoardGreen                      
00003300  InitLEDs                            
00003380  esmHighInterrupt                    
00003490  Init_Pins                           
00003530  Init_Modules                        
0000355c  __aeabi_memclr                      
0000355c  __aeabi_memclr4                     
0000355c  __aeabi_memclr8                     
00003560  __aeabi_memset                      
00003560  __aeabi_memset4                     
00003560  __aeabi_memset8                     
0000356c  memset                              
0000360c  __TI_auto_init                      
00003750  _c_int00                            
000037e4  copy_in                             
00003868  C$$EXIT                             
00003870  abort                               
0000387c  exit                                
000038e0  gioNotification                     
000038f0  esmGroup3Notification               
00003900  esmGroup2Notification               
00003910  esmGroup1Notification               
00003920  epcFIFOFullNotification             
00003930  epcCAMFullNotification              
00003940  dmaGroupANotification               
00003950  DAC_SendData                        
00003990  InitDAC                             
000039b0  _register_unlock                    
000039bc  _register_lock                      
000039c8  _nop                                
000039d4  __TI_decompress_none                
000039e8  __TI_zero_init                      
00003a00  InitAudio                           
00003a10  phantomInterrupt                    
00003c58  __TI_Handler_Table_Base             
00003c64  __TI_Handler_Table_Limit            
00003c70  __TI_CINIT_Base                     
00003c80  __TI_CINIT_Limit                    
08001500  SPI_TX_Buffer                       
0800162c  N64_Buffer_Code                     
08001650  WAV_PlayingQueue                    
08001664  N64_New                             
08001676  N64_Old                             
08001688  TMR_Flag2                           
0800168c  Timer1Program                       
0800169c  Timer2Program                       
080016b4  GCLK                                
080016b8  HCLK                                
080016bc  VCLK1                               
080016c0  VCLK2                               
080016c4  VCLK3                               
080016c9  N64_CodeSectionBit                  
080016cc  N64_ControllerCount                 
080016d0  _lock                               
080016d4  _unlock                             
080016d8  __TI_cleanup_ptr                    
080016dc  __TI_dtors_ptr                      
080016e0  SPI_TX_Buffer_Add_place             
080016e2  SPI_TX_Buffer_Remove_place          
ffffffff  __binit__                           
ffffffff  __c_args__                          
ffffffff  binit                               
UNDEFED   SHT$$INIT_ARRAY$$Base               
UNDEFED   SHT$$INIT_ARRAY$$Limit              

[214 symbols]
