******************************************************************************
                  TI ARM Linker PC v5.2.6                      
******************************************************************************
>> Linked Thu Feb 18 14:55:15 2016

OUTPUT FILE NAME:   <Hercules_N64_RC_CAR.out>
ENTRY POINT SYMBOL: "_c_int00"  address: 000b48bc


MEMORY CONFIGURATION

         name            origin    length      used     unused   attr    fill
----------------------  --------  ---------  --------  --------  ----  --------
  VECTORS               00000000   00000020  00000020  00000000     X
  FLASH0                00000020   001fffe0  000b4c58  0014b388  R  X
  FLASH1                00200000   00200000  00000000  00200000  R  X
  STACKS                08000000   00001500  00000000  00001500  RW  
  RAM                   08001500   0007eb00  0000166d  0007d493  RW  


SEGMENT ALLOCATION MAP

run origin  load origin   length   init length attrs members
----------  ----------- ---------- ----------- ----- -------
00000000    00000000    000b4c78   000b4c78    r-x
  00000000    00000000    00000020   00000020    r-x .intvecs
  00000020    00000020    000b01f8   000b01f8    r-- .const
  000b0218    000b0218    000049e0   000049e0    r-x .text
  000b4bf8    000b4bf8    00000080   00000080    r-- .cinit
08001500    08001500    0000166d   00000000    rw-
  08001500    08001500    000015cc   00000000    rw- .bss
  08002acc    08002acc    000000a1   00000000    rw- .data


SECTION ALLOCATION MAP

 output                                  attributes/
section   page    origin      length       input sections
--------  ----  ----------  ----------   ----------------
.intvecs   0    00000000    00000020     
                  00000000    00000020     HL_sys_intvecs.obj (.intvecs)

.const     0    00000020    000b01f8     
                  00000020    0009442c     WAV.obj (.const:.string:Start_WAV)
                  0009444c    0001482c     WAV.obj (.const:.string:Turtle_WAV)
                  000a8c78    0000739e     WAV.obj (.const:.string:Banana_WAV)
                  000b0016    00000002     --HOLE-- [fill = 0]
                  000b0018    00000200     HL_sys_vim.obj (.const:s_vim_init)

.text      0    000b0218    000049e0     
                  000b0218    00000768     HL_pinmux.obj (.text)
                  000b0980    00000710     HL_system.obj (.text)
                  000b1090    000006a8     HL_sys_vim.obj (.text)
                  000b1738    00000574     INTERRUPTS.obj (.text:retain)
                  000b1cac    0000050c     N64.obj (.text)
                  000b21b8    00000490     HL_esm.obj (.text)
                  000b2648    0000041c     WAV.obj (.text)
                  000b2a64    00000418     HL_sys_core.obj (.text)
                  000b2e7c    000003a8     SPI.obj (.text)
                  000b3224    00000394     HL_sys_mpu.obj (.text)
                  000b35b8    00000374     main.obj (.text)
                  000b392c    000002ec     TIMERS.obj (.text)
                  000b3c18    00000260     HL_sys_vim.obj (.text:retain)
                  000b3e78    00000198     USER.obj (.text)
                  000b4010    00000180     rtsv7R4_A_be_v3D16_eabi.lib : memcpy32.obj (.text)
                  000b4190    00000148     POT.obj (.text)
                  000b42d8    00000138     MISC.obj (.text)
                  000b4410    00000110     HL_esm.obj (.text:retain)
                  000b4520    0000010c     LED.obj (.text)
                  000b462c    000000b0     rtsv7R4_A_be_v3D16_eabi.lib : memset32.obj (.text)
                  000b46dc    000000a4                                 : autoinit.obj (.text)
                  000b4780    000000a0     ECAP.obj (.text)
                  000b4820    0000009c     rtsv7R4_A_be_v3D16_eabi.lib : copy_decompress_rle.obj (.text)
                  000b48bc    00000098     HL_sys_startup.obj (.text:retain)
                  000b4954    00000084     rtsv7R4_A_be_v3D16_eabi.lib : cpy_tbl.obj (.text)
                  000b49d8    0000007c     AUDIO.obj (.text)
                  000b4a54    00000078     rtsv7R4_A_be_v3D16_eabi.lib : exit.obj (.text)
                  000b4acc    00000068     DAC.obj (.text)
                  000b4b34    00000050     rtsv7R4_A_be_v3D16_eabi.lib : u_div32.obj (.text)
                  000b4b84    00000024                                 : _lock.obj (.text)
                  000b4ba8    0000001c     HL_notification.obj (.text)
                  000b4bc4    00000014     rtsv7R4_A_be_v3D16_eabi.lib : copy_decompress_none.obj (.text:decompress:none)
                  000b4bd8    00000010                                 : copy_zero_init.obj (.text:decompress:ZI)
                  000b4be8    00000008                                 : copy_decompress_rle.obj (.text:decompress:rle24)
                  000b4bf0    00000004     HL_sys_phantom.obj (.text:retain)
                  000b4bf4    00000004     rtsv7R4_A_be_v3D16_eabi.lib : i_div0.obj (.text)

.cinit     0    000b4bf8    00000080     
                  000b4bf8    00000059     (.cinit..data.load) [load image, compression = rle]
                  000b4c51    00000003     --HOLE-- [fill = 0]
                  000b4c54    0000000c     (__TI_handler_table)
                  000b4c60    00000008     (.cinit..bss.load) [load image, compression = zero_init]
                  000b4c68    00000010     (__TI_cinit_table)

.bss       0    08001500    000015cc     UNINITIALIZED
                  08001500    00000bb8     SPI.obj (.bss:SPI_TX_Buffer)
                  080020b8    000004b0     N64.obj (.bss:N64_TimingInputBuffer)
                  08002568    000004b0     N64.obj (.bss:N64_TimingRaw)
                  08002a18    0000002c     N64.obj (.bss:N64_Code)
                  08002a44    0000002b     WAV.obj (.bss:CurrentWAVFile)
                  08002a6f    00000024     N64.obj (.bss:N64_Buffer_Code)
                  08002a93    00000014     (.common:WAV_PlayingQueue)
                  08002aa7    00000001     --HOLE--
                  08002aa8    00000012     (.common:N64_New)
                  08002aba    00000012     (.common:N64_Old)

.TI.noinit 
*          0    08001500    00000000     UNINITIALIZED

.data      0    08002acc    000000a1     UNINITIALIZED
                  08002acc    00000030     TIMERS.obj (.data:Timer2Program)
                  08002afc    00000028     TIMERS.obj (.data)
                  08002b24    00000014     SYSTEM.obj (.data)
                  08002b38    0000000c     N64.obj (.data)
                  08002b44    00000008     AUDIO.obj (.data)
                  08002b4c    00000008     SPI.obj (.data)
                  08002b54    00000008     rtsv7R4_A_be_v3D16_eabi.lib : _lock.obj (.data)
                  08002b5c    00000008                                 : exit.obj (.data)
                  08002b64    00000004     INTERRUPTS.obj (.data)
                  08002b68    00000003     WAV.obj (.data)
                  08002b6b    00000002     POT.obj (.data)

.TI.persistent 
*          0    08002acc    00000000     UNINITIALIZED


LINKER GENERATED COPY TABLES

__TI_cinit_table @ 000b4c68 records: 2, size/record: 8, table size: 16
	.data: load addr=000b4bf8, load size=00000059 bytes, run addr=08002acc, run size=000000a1 bytes, compression=rle
	.bss: load addr=000b4c60, load size=00000008 bytes, run addr=08001500, run size=000015cc bytes, compression=zero_init


LINKER GENERATED HANDLER TABLE

__TI_handler_table @ 000b4c54 records: 3, size/record: 4, table size: 12
	index: 0, handler: __TI_zero_init
	index: 1, handler: __TI_decompress_rle24
	index: 2, handler: __TI_decompress_none


GLOBAL SYMBOLS: SORTED ALPHABETICALLY BY Name 

address   name                                
-------   ----                                
000b4a1c  Audio_GetPowerStatus                
000b4a28  Audio_IsDiagnosticFail              
000b49e0  Audio_Power                         
08002b48  Audio_Powercount                    
000a8c78  Banana_WAV                          
000b4a54  C$$EXIT                             
08002a44  CurrentWAVFile                      
000b4aec  DAC_SendData                        
000b47f0  ECAP_Interrupt                      
08002b24  GCLK                                
08002b28  HCLK                                
000b17f8  ISR_ECAP_N64                        
000b1738  ISR_SPI1_INT0                       
000b1964  ISR_Timer1                          
000b19f0  ISR_Timer2                          
000b49d8  InitAudio                           
000b4acc  InitDAC                             
000b4780  InitECAP                            
000b4520  InitLEDs                            
000b397c  InitN2HET1                          
000b39d4  InitN2HET2                          
000b1cac  InitN64                             
000b4190  InitPOT                             
000b41bc  InitPOTGas                          
000b41a0  InitPOTSteering                     
000b2e7c  InitSPI                             
000b2e7c  InitSPI1                            
000b392c  InitTimers                          
000b2648  InitWAV                             
000b3fa0  Init_Modules                        
000b3e78  Init_Pins                           
000b45f0  LED_BoardGreen                      
000b45a0  LED_Green                           
000b45c8  LED_Red                             
08002b10  MAIN_TimerFlag                      
000b436c  MSC_DelayNOP                        
000b42d8  MSC_DelayUS                         
000b43d0  MSC_EndianLong                      
000b43e8  MSC_EndianLongArray                 
000b43a8  MSC_EndianShort                     
000b43bc  MSC_EndianShortArray                
000b438c  MSC_Round                           
08002a6f  N64_Buffer_Code                     
000b1ce4  N64_BuildCode                       
08002b3a  N64_CodeSectionBit                  
08002b3c  N64_ControllerCount                 
000b1dd8  N64_DecodeTiming                    
000b209c  N64_GetButtonState                  
000b2138  N64_GetUpdateFlag                   
000b2150  N64_IsReceivedFinished              
08002aa8  N64_New                             
08002aba  N64_Old                             
000b215c  N64_ReceivedFinished                
000b2080  N64_SendReset                       
000b2144  N64_SetUpdateFlag                   
08002b40  N64_TimingInputBit                  
080020b8  N64_TimingInputBuffer               
000b4288  POT_ClearGasUpdateFlag              
000b425c  POT_ClearSteeringUpdateFlag         
000b426c  POT_GetGasUpdateFlag                
000b4240  POT_GetSteeringUpdateFlag           
000b420c  POT_SendDataGas                     
000b41d8  POT_SendDataSteering                
000b42b4  POT_SetGas                          
000b4278  POT_SetGasUpdateFlag                
000b4298  POT_SetSteering                     
000b424c  POT_SetSteeringUpdateFlag           
UNDEFED   SHT$$INIT_ARRAY$$Base               
UNDEFED   SHT$$INIT_ARRAY$$Limit              
000b30f0  SPI_AddToTXBuffer                   
000b3090  SPI_IsTransmitBufferFull            
000b2ee4  SPI_Parameters1                     
000b3064  SPI_ReceiveInterrupt1               
000b30d4  SPI_SendByte                        
000b30a0  SPI_SetPins                         
08001500  SPI_TX_Buffer                       
08002b4c  SPI_TX_Buffer_Add_place             
08002b50  SPI_TX_Buffer_Remove_place          
000b3038  SPI_TransmitInterrupt1              
00000020  Start_WAV                           
000b3a2c  TMR_CalculatePeriod2                
08002afc  TMR_Flag2                           
000b3b38  TMR_SetTimerMicroSeconds1           
000b3a9c  TMR_SetTimerPeriod2                 
000b3a70  TMR_TestTimer2                      
08002b00  Timer1Program                       
08002acc  Timer2Program                       
0009444c  Turtle_WAV                          
08002b2c  VCLK1                               
08002b30  VCLK2                               
08002b34  VCLK3                               
000b26dc  WAV_AddToQueue                      
000b26a0  WAV_EraseFromQueue                  
000b2694  WAV_Finished                        
000b2688  WAV_IsFinished                      
000b2670  WAV_IsPlaying                       
000b2658  WAV_IsStarted                       
000b27e4  WAV_ParseHeader                     
000b267c  WAV_Playing                         
08002a93  WAV_PlayingQueue                    
000b2758  WAV_SetupPlayback                   
000b2664  WAV_Started                         
000b4c68  __TI_CINIT_Base                     
000b4c78  __TI_CINIT_Limit                    
000b4c54  __TI_Handler_Table_Base             
000b4c60  __TI_Handler_Table_Limit            
000b2e74  __TI_PINIT_Base                     
000b2e78  __TI_PINIT_Limit                    
000b46dc  __TI_auto_init                      
08002b5c  __TI_cleanup_ptr                    
000b4bc4  __TI_decompress_none                
000b4be8  __TI_decompress_rle24               
08002b60  __TI_dtors_ptr                      
00000000  __TI_static_base__                  
000b4bd8  __TI_zero_init                      
000b4bf4  __aeabi_idiv0                       
000b462c  __aeabi_memclr                      
000b462c  __aeabi_memclr4                     
000b462c  __aeabi_memclr8                     
000b4010  __aeabi_memcpy                      
000b4010  __aeabi_memcpy4                     
000b4010  __aeabi_memcpy8                     
000b4630  __aeabi_memset                      
000b4630  __aeabi_memset4                     
000b4630  __aeabi_memset8                     
000b4b34  __aeabi_uidiv                       
000b4b34  __aeabi_uidivmod                    
ffffffff  __binit__                           
ffffffff  __c_args__                          
000b48bc  _c_int00                            
000b2e18  _cacheDisable_                      
000b2de0  _cacheEnable_                       
000b2dc0  _checkMemInitOn_                    
000b2cbc  _coreClearAuxiliaryDataFault_       
000b2cd8  _coreClearAuxiliaryInstructionFault_
000b2c84  _coreClearDataFaultAddress_         
000b2c4c  _coreClearDataFault_                
000b2ca0  _coreClearInstructionFaultAddress_  
000b2c68  _coreClearInstructionFault_         
000b2c14  _coreDisableEventBusExport_         
000b2bfc  _coreEnableEventBusExport_          
000b2c2c  _coreEnableIrqVicOffset_            
000b2bdc  _coreEnableVfp_                     
000b2cb4  _coreGetAuxiliaryDataFault_         
000b2cd0  _coreGetAuxiliaryInstructionFault_  
000b2c7c  _coreGetDataFaultAddress_           
000b2c44  _coreGetDataFault_                  
000b2c98  _coreGetInstructionFaultAddress_    
000b2c60  _coreGetInstructionFault_           
000b2a64  _coreInitRegisters_                 
000b2b70  _coreInitStackPointer_              
000b2e3c  _dCacheInvalidate_                  
000b2cec  _disable_IRQ_interrupt_             
000b2cf4  _enable_IRQ_interrupt_              
000b2cfc  _enable_interrupt_                  
000b2d04  _esmCcmErrorsClear_                 
000b2bbc  _getCPSRValue_                      
000b2bc4  _gotoCPUIdle_                       
000b2e58  _iCacheInvalidate_                  
08002b54  _lock                               
000b2d8c  _memInit_                           
000b3560  _mpuAreRegionsSeparate_             
000b353c  _mpuDisableBackgroundRegion_        
000b3504  _mpuDisable_                        
000b3524  _mpuEnableBackgroundRegion_         
000b34e4  _mpuEnable_                         
000b3554  _mpuGetNumberOfRegions_             
000b3584  _mpuGetRegionBaseAddress_           
000b35a4  _mpuGetRegionPermission_            
000b3598  _mpuGetRegionType_                  
000b3574  _mpuGetRegion_                      
000b3224  _mpuInit_                           
000b357c  _mpuSetRegionBaseAddress_           
000b35b0  _mpuSetRegionSizeRegister_          
000b358c  _mpuSetRegionTypeAndPermission_     
000b356c  _mpuSetRegion_                      
000b4b9c  _nop                                
000b4b90  _register_lock                      
000b4b84  _register_unlock                    
08002b58  _unlock                             
000b4a5c  abort                               
ffffffff  binit                               
000b4954  copy_in                             
000b4bb4  dmaGroupANotification               
000b4bbc  epcCAMFullNotification              
000b4bc0  epcFIFOFullNotification             
000b231c  esmActivateNormalOperation          
000b23dc  esmClearStatus                      
000b2408  esmClearStatusBuffer                
000b23fc  esmClearStatusUpper                 
000b22e8  esmDisableError                     
000b2300  esmDisableErrorUpper                
000b2350  esmDisableInterrupt                 
000b2368  esmDisableInterruptUpper            
000b22c4  esmEnableError                      
000b22dc  esmEnableErrorUpper                 
000b232c  esmEnableInterrupt                  
000b2344  esmEnableInterruptUpper             
000b2488  esmEnterSelfTest                    
000b22b8  esmError                            
000b250c  esmGetConfigValue                   
000b2424  esmGetStatus                        
000b2478  esmGetStatusBuffer                  
000b2460  esmGetStatusUpper                   
000b4ba8  esmGroup1Notification               
000b4bac  esmGroup2Notification               
000b4bb0  esmGroup3Notification               
000b4410  esmHighInterrupt                    
000b21b8  esmInit                             
000b24d4  esmSelfTestStatus                   
000b2414  esmSetCounterPreloadValue           
000b2374  esmSetInterruptLevel                
000b23c0  esmSetInterruptLevelUpper           
000b230c  esmTriggerErrorPinReset             
000b4a68  exit                                
000b0c40  getResetSource                      
000b4bb8  gioNotification                     
000b35b8  main                                
000b0ad8  mapClocks                           
000b4010  memcpy                              
000b463c  memset                              
000b0218  muxInit                             
000b0a54  periphInit                          
000b4bf0  phantomInterrupt                    
00000000  resetEntry                          
000b0a18  setupFlash                          
000b0980  setupPLL                            
000b0d28  systemGetConfigValue                
000b0bc0  systemInit                          
000b0c24  systemPowerDown                     
000b09dc  trimLPO                             
000b1130  vimChannelMap                       
000b12cc  vimDisableInterrupt                 
000b3c18  vimECCErrorHandler                  
000b1178  vimEnableInterrupt                  
000b1348  vimGetConfigValue                   
000b1090  vimInit                             


GLOBAL SYMBOLS: SORTED BY Symbol Address 

address   name                                
-------   ----                                
00000000  __TI_static_base__                  
00000000  resetEntry                          
00000020  Start_WAV                           
0009444c  Turtle_WAV                          
000a8c78  Banana_WAV                          
000b0218  muxInit                             
000b0980  setupPLL                            
000b09dc  trimLPO                             
000b0a18  setupFlash                          
000b0a54  periphInit                          
000b0ad8  mapClocks                           
000b0bc0  systemInit                          
000b0c24  systemPowerDown                     
000b0c40  getResetSource                      
000b0d28  systemGetConfigValue                
000b1090  vimInit                             
000b1130  vimChannelMap                       
000b1178  vimEnableInterrupt                  
000b12cc  vimDisableInterrupt                 
000b1348  vimGetConfigValue                   
000b1738  ISR_SPI1_INT0                       
000b17f8  ISR_ECAP_N64                        
000b1964  ISR_Timer1                          
000b19f0  ISR_Timer2                          
000b1cac  InitN64                             
000b1ce4  N64_BuildCode                       
000b1dd8  N64_DecodeTiming                    
000b2080  N64_SendReset                       
000b209c  N64_GetButtonState                  
000b2138  N64_GetUpdateFlag                   
000b2144  N64_SetUpdateFlag                   
000b2150  N64_IsReceivedFinished              
000b215c  N64_ReceivedFinished                
000b21b8  esmInit                             
000b22b8  esmError                            
000b22c4  esmEnableError                      
000b22dc  esmEnableErrorUpper                 
000b22e8  esmDisableError                     
000b2300  esmDisableErrorUpper                
000b230c  esmTriggerErrorPinReset             
000b231c  esmActivateNormalOperation          
000b232c  esmEnableInterrupt                  
000b2344  esmEnableInterruptUpper             
000b2350  esmDisableInterrupt                 
000b2368  esmDisableInterruptUpper            
000b2374  esmSetInterruptLevel                
000b23c0  esmSetInterruptLevelUpper           
000b23dc  esmClearStatus                      
000b23fc  esmClearStatusUpper                 
000b2408  esmClearStatusBuffer                
000b2414  esmSetCounterPreloadValue           
000b2424  esmGetStatus                        
000b2460  esmGetStatusUpper                   
000b2478  esmGetStatusBuffer                  
000b2488  esmEnterSelfTest                    
000b24d4  esmSelfTestStatus                   
000b250c  esmGetConfigValue                   
000b2648  InitWAV                             
000b2658  WAV_IsStarted                       
000b2664  WAV_Started                         
000b2670  WAV_IsPlaying                       
000b267c  WAV_Playing                         
000b2688  WAV_IsFinished                      
000b2694  WAV_Finished                        
000b26a0  WAV_EraseFromQueue                  
000b26dc  WAV_AddToQueue                      
000b2758  WAV_SetupPlayback                   
000b27e4  WAV_ParseHeader                     
000b2a64  _coreInitRegisters_                 
000b2b70  _coreInitStackPointer_              
000b2bbc  _getCPSRValue_                      
000b2bc4  _gotoCPUIdle_                       
000b2bdc  _coreEnableVfp_                     
000b2bfc  _coreEnableEventBusExport_          
000b2c14  _coreDisableEventBusExport_         
000b2c2c  _coreEnableIrqVicOffset_            
000b2c44  _coreGetDataFault_                  
000b2c4c  _coreClearDataFault_                
000b2c60  _coreGetInstructionFault_           
000b2c68  _coreClearInstructionFault_         
000b2c7c  _coreGetDataFaultAddress_           
000b2c84  _coreClearDataFaultAddress_         
000b2c98  _coreGetInstructionFaultAddress_    
000b2ca0  _coreClearInstructionFaultAddress_  
000b2cb4  _coreGetAuxiliaryDataFault_         
000b2cbc  _coreClearAuxiliaryDataFault_       
000b2cd0  _coreGetAuxiliaryInstructionFault_  
000b2cd8  _coreClearAuxiliaryInstructionFault_
000b2cec  _disable_IRQ_interrupt_             
000b2cf4  _enable_IRQ_interrupt_              
000b2cfc  _enable_interrupt_                  
000b2d04  _esmCcmErrorsClear_                 
000b2d8c  _memInit_                           
000b2dc0  _checkMemInitOn_                    
000b2de0  _cacheEnable_                       
000b2e18  _cacheDisable_                      
000b2e3c  _dCacheInvalidate_                  
000b2e58  _iCacheInvalidate_                  
000b2e74  __TI_PINIT_Base                     
000b2e78  __TI_PINIT_Limit                    
000b2e7c  InitSPI                             
000b2e7c  InitSPI1                            
000b2ee4  SPI_Parameters1                     
000b3038  SPI_TransmitInterrupt1              
000b3064  SPI_ReceiveInterrupt1               
000b3090  SPI_IsTransmitBufferFull            
000b30a0  SPI_SetPins                         
000b30d4  SPI_SendByte                        
000b30f0  SPI_AddToTXBuffer                   
000b3224  _mpuInit_                           
000b34e4  _mpuEnable_                         
000b3504  _mpuDisable_                        
000b3524  _mpuEnableBackgroundRegion_         
000b353c  _mpuDisableBackgroundRegion_        
000b3554  _mpuGetNumberOfRegions_             
000b3560  _mpuAreRegionsSeparate_             
000b356c  _mpuSetRegion_                      
000b3574  _mpuGetRegion_                      
000b357c  _mpuSetRegionBaseAddress_           
000b3584  _mpuGetRegionBaseAddress_           
000b358c  _mpuSetRegionTypeAndPermission_     
000b3598  _mpuGetRegionType_                  
000b35a4  _mpuGetRegionPermission_            
000b35b0  _mpuSetRegionSizeRegister_          
000b35b8  main                                
000b392c  InitTimers                          
000b397c  InitN2HET1                          
000b39d4  InitN2HET2                          
000b3a2c  TMR_CalculatePeriod2                
000b3a70  TMR_TestTimer2                      
000b3a9c  TMR_SetTimerPeriod2                 
000b3b38  TMR_SetTimerMicroSeconds1           
000b3c18  vimECCErrorHandler                  
000b3e78  Init_Pins                           
000b3fa0  Init_Modules                        
000b4010  __aeabi_memcpy                      
000b4010  __aeabi_memcpy4                     
000b4010  __aeabi_memcpy8                     
000b4010  memcpy                              
000b4190  InitPOT                             
000b41a0  InitPOTSteering                     
000b41bc  InitPOTGas                          
000b41d8  POT_SendDataSteering                
000b420c  POT_SendDataGas                     
000b4240  POT_GetSteeringUpdateFlag           
000b424c  POT_SetSteeringUpdateFlag           
000b425c  POT_ClearSteeringUpdateFlag         
000b426c  POT_GetGasUpdateFlag                
000b4278  POT_SetGasUpdateFlag                
000b4288  POT_ClearGasUpdateFlag              
000b4298  POT_SetSteering                     
000b42b4  POT_SetGas                          
000b42d8  MSC_DelayUS                         
000b436c  MSC_DelayNOP                        
000b438c  MSC_Round                           
000b43a8  MSC_EndianShort                     
000b43bc  MSC_EndianShortArray                
000b43d0  MSC_EndianLong                      
000b43e8  MSC_EndianLongArray                 
000b4410  esmHighInterrupt                    
000b4520  InitLEDs                            
000b45a0  LED_Green                           
000b45c8  LED_Red                             
000b45f0  LED_BoardGreen                      
000b462c  __aeabi_memclr                      
000b462c  __aeabi_memclr4                     
000b462c  __aeabi_memclr8                     
000b4630  __aeabi_memset                      
000b4630  __aeabi_memset4                     
000b4630  __aeabi_memset8                     
000b463c  memset                              
000b46dc  __TI_auto_init                      
000b4780  InitECAP                            
000b47f0  ECAP_Interrupt                      
000b48bc  _c_int00                            
000b4954  copy_in                             
000b49d8  InitAudio                           
000b49e0  Audio_Power                         
000b4a1c  Audio_GetPowerStatus                
000b4a28  Audio_IsDiagnosticFail              
000b4a54  C$$EXIT                             
000b4a5c  abort                               
000b4a68  exit                                
000b4acc  InitDAC                             
000b4aec  DAC_SendData                        
000b4b34  __aeabi_uidiv                       
000b4b34  __aeabi_uidivmod                    
000b4b84  _register_unlock                    
000b4b90  _register_lock                      
000b4b9c  _nop                                
000b4ba8  esmGroup1Notification               
000b4bac  esmGroup2Notification               
000b4bb0  esmGroup3Notification               
000b4bb4  dmaGroupANotification               
000b4bb8  gioNotification                     
000b4bbc  epcCAMFullNotification              
000b4bc0  epcFIFOFullNotification             
000b4bc4  __TI_decompress_none                
000b4bd8  __TI_zero_init                      
000b4be8  __TI_decompress_rle24               
000b4bf0  phantomInterrupt                    
000b4bf4  __aeabi_idiv0                       
000b4c54  __TI_Handler_Table_Base             
000b4c60  __TI_Handler_Table_Limit            
000b4c68  __TI_CINIT_Base                     
000b4c78  __TI_CINIT_Limit                    
08001500  SPI_TX_Buffer                       
080020b8  N64_TimingInputBuffer               
08002a44  CurrentWAVFile                      
08002a6f  N64_Buffer_Code                     
08002a93  WAV_PlayingQueue                    
08002aa8  N64_New                             
08002aba  N64_Old                             
08002acc  Timer2Program                       
08002afc  TMR_Flag2                           
08002b00  Timer1Program                       
08002b10  MAIN_TimerFlag                      
08002b24  GCLK                                
08002b28  HCLK                                
08002b2c  VCLK1                               
08002b30  VCLK2                               
08002b34  VCLK3                               
08002b3a  N64_CodeSectionBit                  
08002b3c  N64_ControllerCount                 
08002b40  N64_TimingInputBit                  
08002b48  Audio_Powercount                    
08002b4c  SPI_TX_Buffer_Add_place             
08002b50  SPI_TX_Buffer_Remove_place          
08002b54  _lock                               
08002b58  _unlock                             
08002b5c  __TI_cleanup_ptr                    
08002b60  __TI_dtors_ptr                      
ffffffff  __binit__                           
ffffffff  __c_args__                          
ffffffff  binit                               
UNDEFED   SHT$$INIT_ARRAY$$Base               
UNDEFED   SHT$$INIT_ARRAY$$Limit              

[237 symbols]
