<?xml version="1.0"?>
<link_info>
   <banner>TI ARM Linker PC v5.2.6</banner>
   <copyright>Copyright (c) 1996-2015 Texas Instruments Incorporated</copyright>
   <link_time>0x56b54450</link_time>
   <link_errors>0x0</link_errors>
   <output_file>Hercules_N64_RC_CAR.out</output_file>
   <entry_point>
      <name>_c_int00</name>
      <address>0x38f4</address>
   </entry_point>
   <input_file_list>
      <input_file id="fl-2">
         <path>.\</path>
         <kind>object</kind>
         <file>INTERRUPTS.obj</file>
         <name>INTERRUPTS.obj</name>
      </input_file>
      <input_file id="fl-3">
         <path>.\</path>
         <kind>object</kind>
         <file>LED.obj</file>
         <name>LED.obj</name>
      </input_file>
      <input_file id="fl-4">
         <path>.\</path>
         <kind>object</kind>
         <file>MISC.obj</file>
         <name>MISC.obj</name>
      </input_file>
      <input_file id="fl-5">
         <path>.\</path>
         <kind>object</kind>
         <file>N64.obj</file>
         <name>N64.obj</name>
      </input_file>
      <input_file id="fl-6">
         <path>.\</path>
         <kind>object</kind>
         <file>POT.obj</file>
         <name>POT.obj</name>
      </input_file>
      <input_file id="fl-7">
         <path>.\</path>
         <kind>object</kind>
         <file>SPI.obj</file>
         <name>SPI.obj</name>
      </input_file>
      <input_file id="fl-8">
         <path>.\</path>
         <kind>object</kind>
         <file>SYSTEM.obj</file>
         <name>SYSTEM.obj</name>
      </input_file>
      <input_file id="fl-9">
         <path>.\</path>
         <kind>object</kind>
         <file>TIMERS.obj</file>
         <name>TIMERS.obj</name>
      </input_file>
      <input_file id="fl-a">
         <path>.\</path>
         <kind>object</kind>
         <file>USER.obj</file>
         <name>USER.obj</name>
      </input_file>
      <input_file id="fl-b">
         <path>.\</path>
         <kind>object</kind>
         <file>main.obj</file>
         <name>main.obj</name>
      </input_file>
      <input_file id="fl-c">
         <path>.\source\</path>
         <kind>object</kind>
         <file>HL_epc.obj</file>
         <name>HL_epc.obj</name>
      </input_file>
      <input_file id="fl-d">
         <path>.\source\</path>
         <kind>object</kind>
         <file>HL_errata.obj</file>
         <name>HL_errata.obj</name>
      </input_file>
      <input_file id="fl-e">
         <path>.\source\</path>
         <kind>object</kind>
         <file>HL_esm.obj</file>
         <name>HL_esm.obj</name>
      </input_file>
      <input_file id="fl-f">
         <path>.\source\</path>
         <kind>object</kind>
         <file>HL_gio.obj</file>
         <name>HL_gio.obj</name>
      </input_file>
      <input_file id="fl-10">
         <path>.\source\</path>
         <kind>object</kind>
         <file>HL_nmpu.obj</file>
         <name>HL_nmpu.obj</name>
      </input_file>
      <input_file id="fl-11">
         <path>.\source\</path>
         <kind>object</kind>
         <file>HL_notification.obj</file>
         <name>HL_notification.obj</name>
      </input_file>
      <input_file id="fl-12">
         <path>.\source\</path>
         <kind>object</kind>
         <file>HL_pinmux.obj</file>
         <name>HL_pinmux.obj</name>
      </input_file>
      <input_file id="fl-13">
         <path>.\source\</path>
         <kind>object</kind>
         <file>HL_sys_core.obj</file>
         <name>HL_sys_core.obj</name>
      </input_file>
      <input_file id="fl-14">
         <path>.\source\</path>
         <kind>object</kind>
         <file>HL_sys_dma.obj</file>
         <name>HL_sys_dma.obj</name>
      </input_file>
      <input_file id="fl-15">
         <path>.\source\</path>
         <kind>object</kind>
         <file>HL_sys_intvecs.obj</file>
         <name>HL_sys_intvecs.obj</name>
      </input_file>
      <input_file id="fl-16">
         <path>.\source\</path>
         <kind>object</kind>
         <file>HL_sys_mpu.obj</file>
         <name>HL_sys_mpu.obj</name>
      </input_file>
      <input_file id="fl-17">
         <path>.\source\</path>
         <kind>object</kind>
         <file>HL_sys_pcr.obj</file>
         <name>HL_sys_pcr.obj</name>
      </input_file>
      <input_file id="fl-18">
         <path>.\source\</path>
         <kind>object</kind>
         <file>HL_sys_phantom.obj</file>
         <name>HL_sys_phantom.obj</name>
      </input_file>
      <input_file id="fl-19">
         <path>.\source\</path>
         <kind>object</kind>
         <file>HL_sys_pmm.obj</file>
         <name>HL_sys_pmm.obj</name>
      </input_file>
      <input_file id="fl-1a">
         <path>.\source\</path>
         <kind>object</kind>
         <file>HL_sys_pmu.obj</file>
         <name>HL_sys_pmu.obj</name>
      </input_file>
      <input_file id="fl-1b">
         <path>.\source\</path>
         <kind>object</kind>
         <file>HL_sys_startup.obj</file>
         <name>HL_sys_startup.obj</name>
      </input_file>
      <input_file id="fl-1c">
         <path>.\source\</path>
         <kind>object</kind>
         <file>HL_sys_vim.obj</file>
         <name>HL_sys_vim.obj</name>
      </input_file>
      <input_file id="fl-1d">
         <path>.\source\</path>
         <kind>object</kind>
         <file>HL_system.obj</file>
         <name>HL_system.obj</name>
      </input_file>
      <input_file id="fl-143">
         <path>C:\ti\ccsv6\tools\compiler\ti-cgt-arm_5.2.6\lib\</path>
         <kind>archive</kind>
         <file>rtsv7R4_A_be_v3D16_eabi.lib</file>
         <name>autoinit.obj</name>
      </input_file>
      <input_file id="fl-144">
         <path>C:\ti\ccsv6\tools\compiler\ti-cgt-arm_5.2.6\lib\</path>
         <kind>archive</kind>
         <file>rtsv7R4_A_be_v3D16_eabi.lib</file>
         <name>copy_decompress_none.obj</name>
      </input_file>
      <input_file id="fl-145">
         <path>C:\ti\ccsv6\tools\compiler\ti-cgt-arm_5.2.6\lib\</path>
         <kind>archive</kind>
         <file>rtsv7R4_A_be_v3D16_eabi.lib</file>
         <name>copy_decompress_rle.obj</name>
      </input_file>
      <input_file id="fl-146">
         <path>C:\ti\ccsv6\tools\compiler\ti-cgt-arm_5.2.6\lib\</path>
         <kind>archive</kind>
         <file>rtsv7R4_A_be_v3D16_eabi.lib</file>
         <name>copy_zero_init.obj</name>
      </input_file>
      <input_file id="fl-147">
         <path>C:\ti\ccsv6\tools\compiler\ti-cgt-arm_5.2.6\lib\</path>
         <kind>archive</kind>
         <file>rtsv7R4_A_be_v3D16_eabi.lib</file>
         <name>cpy_tbl.obj</name>
      </input_file>
      <input_file id="fl-148">
         <path>C:\ti\ccsv6\tools\compiler\ti-cgt-arm_5.2.6\lib\</path>
         <kind>archive</kind>
         <file>rtsv7R4_A_be_v3D16_eabi.lib</file>
         <name>exit.obj</name>
      </input_file>
      <input_file id="fl-149">
         <path>C:\ti\ccsv6\tools\compiler\ti-cgt-arm_5.2.6\lib\</path>
         <kind>archive</kind>
         <file>rtsv7R4_A_be_v3D16_eabi.lib</file>
         <name>memcpy32.obj</name>
      </input_file>
      <input_file id="fl-14a">
         <path>C:\ti\ccsv6\tools\compiler\ti-cgt-arm_5.2.6\lib\</path>
         <kind>archive</kind>
         <file>rtsv7R4_A_be_v3D16_eabi.lib</file>
         <name>memset32.obj</name>
      </input_file>
      <input_file id="fl-14b">
         <path>C:\ti\ccsv6\tools\compiler\ti-cgt-arm_5.2.6\lib\</path>
         <kind>archive</kind>
         <file>rtsv7R4_A_be_v3D16_eabi.lib</file>
         <name>_lock.obj</name>
      </input_file>
   </input_file_list>
   <object_component_list>
      <object_component id="oc-2d">
         <name>.intvecs</name>
         <load_address>0x0</load_address>
         <run_address>0x0</run_address>
         <size>0x20</size>
         <input_file_ref idref="fl-15"/>
      </object_component>
      <object_component id="oc-cf">
         <name>.text</name>
         <load_address>0x20</load_address>
         <run_address>0x20</run_address>
         <size>0x9c0</size>
         <input_file_ref idref="fl-12"/>
      </object_component>
      <object_component id="oc-74">
         <name>.text</name>
         <load_address>0x9e0</load_address>
         <run_address>0x9e0</run_address>
         <size>0x984</size>
         <input_file_ref idref="fl-1d"/>
      </object_component>
      <object_component id="oc-39">
         <name>.text</name>
         <load_address>0x1364</load_address>
         <run_address>0x1364</run_address>
         <size>0x938</size>
         <input_file_ref idref="fl-1c"/>
      </object_component>
      <object_component id="oc-7a">
         <name>.text</name>
         <load_address>0x1c9c</load_address>
         <run_address>0x1c9c</run_address>
         <size>0x7c4</size>
         <input_file_ref idref="fl-e"/>
      </object_component>
      <object_component id="oc-186">
         <name>.text</name>
         <load_address>0x2460</load_address>
         <run_address>0x2460</run_address>
         <size>0x4a4</size>
         <input_file_ref idref="fl-4"/>
      </object_component>
      <object_component id="oc-69">
         <name>.text</name>
         <load_address>0x2904</load_address>
         <run_address>0x2904</run_address>
         <size>0x418</size>
         <input_file_ref idref="fl-13"/>
      </object_component>
      <object_component id="oc-80">
         <name>.text</name>
         <load_address>0x2d1c</load_address>
         <run_address>0x2d1c</run_address>
         <size>0x394</size>
         <input_file_ref idref="fl-16"/>
      </object_component>
      <object_component id="oc-38">
         <name>.text:retain</name>
         <load_address>0x30b0</load_address>
         <run_address>0x30b0</run_address>
         <size>0x34c</size>
         <input_file_ref idref="fl-1c"/>
      </object_component>
      <object_component id="oc-44">
         <name>.text</name>
         <load_address>0x33fc</load_address>
         <run_address>0x33fc</run_address>
         <size>0x180</size>
         <input_file_ref idref="fl-149"/>
      </object_component>
      <object_component id="oc-24">
         <name>.text:retain</name>
         <load_address>0x357c</load_address>
         <run_address>0x357c</run_address>
         <size>0x178</size>
         <input_file_ref idref="fl-e"/>
      </object_component>
      <object_component id="oc-ec">
         <name>.text</name>
         <load_address>0x36f4</load_address>
         <run_address>0x36f4</run_address>
         <size>0x124</size>
         <input_file_ref idref="fl-a"/>
      </object_component>
      <object_component id="oc-165">
         <name>.text</name>
         <load_address>0x3818</load_address>
         <run_address>0x3818</run_address>
         <size>0xdc</size>
         <input_file_ref idref="fl-7"/>
      </object_component>
      <object_component id="oc-1e">
         <name>.text:retain</name>
         <load_address>0x38f4</load_address>
         <run_address>0x38f4</run_address>
         <size>0xbc</size>
         <input_file_ref idref="fl-1b"/>
      </object_component>
      <object_component id="oc-5d">
         <name>.text</name>
         <load_address>0x39b0</load_address>
         <run_address>0x39b0</run_address>
         <size>0xb0</size>
         <input_file_ref idref="fl-14a"/>
      </object_component>
      <object_component id="oc-85">
         <name>.text</name>
         <load_address>0x3a60</load_address>
         <run_address>0x3a60</run_address>
         <size>0xa4</size>
         <input_file_ref idref="fl-143"/>
      </object_component>
      <object_component id="oc-15f">
         <name>.text</name>
         <load_address>0x3b04</load_address>
         <run_address>0x3b04</run_address>
         <size>0xa0</size>
         <input_file_ref idref="fl-3"/>
      </object_component>
      <object_component id="oc-50">
         <name>.text</name>
         <load_address>0x3ba4</load_address>
         <run_address>0x3ba4</run_address>
         <size>0x9c</size>
         <input_file_ref idref="fl-145"/>
      </object_component>
      <object_component id="oc-e4">
         <name>.text</name>
         <load_address>0x3c40</load_address>
         <run_address>0x3c40</run_address>
         <size>0x84</size>
         <input_file_ref idref="fl-147"/>
      </object_component>
      <object_component id="oc-91">
         <name>.text</name>
         <load_address>0x3cc4</load_address>
         <run_address>0x3cc4</run_address>
         <size>0x78</size>
         <input_file_ref idref="fl-148"/>
      </object_component>
      <object_component id="oc-6e">
         <name>.text</name>
         <load_address>0x3d3c</load_address>
         <run_address>0x3d3c</run_address>
         <size>0x74</size>
         <input_file_ref idref="fl-11"/>
      </object_component>
      <object_component id="oc-16c">
         <name>.text</name>
         <load_address>0x3db0</load_address>
         <run_address>0x3db0</run_address>
         <size>0x24</size>
         <input_file_ref idref="fl-14b"/>
      </object_component>
      <object_component id="oc-c">
         <name>.text:decompress:none</name>
         <load_address>0x3dd4</load_address>
         <run_address>0x3dd4</run_address>
         <size>0x14</size>
         <input_file_ref idref="fl-144"/>
      </object_component>
      <object_component id="oc-8b">
         <name>.text</name>
         <load_address>0x3de8</load_address>
         <run_address>0x3de8</run_address>
         <size>0x10</size>
         <input_file_ref idref="fl-b"/>
      </object_component>
      <object_component id="oc-12">
         <name>.text:decompress:rle24</name>
         <load_address>0x3df8</load_address>
         <run_address>0x3df8</run_address>
         <size>0x8</size>
         <input_file_ref idref="fl-145"/>
      </object_component>
      <object_component id="oc-32">
         <name>.text:retain</name>
         <load_address>0x3e00</load_address>
         <run_address>0x3e00</run_address>
         <size>0x4</size>
         <input_file_ref idref="fl-18"/>
      </object_component>
      <object_component id="oc-2a">
         <name>.const:s_vim_init</name>
         <load_address>0x3e08</load_address>
         <run_address>0x3e08</run_address>
         <size>0x200</size>
         <input_file_ref idref="fl-1c"/>
      </object_component>
      <object_component id="oc-1c0">
         <name>.cinit..data.load</name>
         <load_address>0x4008</load_address>
         <run_address>0x4008</run_address>
         <size>0x11</size>
      </object_component>
      <object_component id="oc-1be">
         <name>__TI_handler_table</name>
         <load_address>0x401c</load_address>
         <run_address>0x401c</run_address>
         <size>0x8</size>
      </object_component>
      <object_component id="oc-1bf">
         <name>__TI_cinit_table</name>
         <load_address>0x4024</load_address>
         <run_address>0x4024</run_address>
         <size>0x8</size>
      </object_component>
      <object_component id="oc-fb">
         <name>.data</name>
         <load_address>0x8001508</load_address>
         <run_address>0x8001508</run_address>
         <size>0x8</size>
         <input_file_ref idref="fl-148"/>
      </object_component>
      <object_component id="oc-f8">
         <name>.data</name>
         <load_address>0x8001500</load_address>
         <run_address>0x8001500</run_address>
         <size>0x8</size>
         <input_file_ref idref="fl-14b"/>
      </object_component>
      <object_component id="oc-17a">
         <name>.debug_info</name>
         <load_address>0x0</load_address>
         <run_address>0x0</run_address>
         <size>0xea</size>
         <input_file_ref idref="fl-2"/>
      </object_component>
      <object_component id="oc-99">
         <name>.debug_info</name>
         <load_address>0xea</load_address>
         <run_address>0xea</run_address>
         <size>0x157</size>
         <input_file_ref idref="fl-2"/>
      </object_component>
      <object_component id="oc-f3">
         <name>.debug_info</name>
         <load_address>0x241</load_address>
         <run_address>0x241</run_address>
         <size>0x8b</size>
         <input_file_ref idref="fl-2"/>
      </object_component>
      <object_component id="oc-101">
         <name>.debug_info</name>
         <load_address>0x2cc</load_address>
         <run_address>0x2cc</run_address>
         <size>0x18b</size>
         <input_file_ref idref="fl-2"/>
      </object_component>
      <object_component id="oc-a9">
         <name>.debug_info</name>
         <load_address>0x457</load_address>
         <run_address>0x457</run_address>
         <size>0x86</size>
         <input_file_ref idref="fl-2"/>
      </object_component>
      <object_component id="oc-117">
         <name>.debug_info</name>
         <load_address>0x4dd</load_address>
         <run_address>0x4dd</run_address>
         <size>0x1f9</size>
         <input_file_ref idref="fl-2"/>
      </object_component>
      <object_component id="oc-121">
         <name>.debug_info</name>
         <load_address>0x6d6</load_address>
         <run_address>0x6d6</run_address>
         <size>0x26c</size>
         <input_file_ref idref="fl-2"/>
      </object_component>
      <object_component id="oc-160">
         <name>.debug_info</name>
         <load_address>0x942</load_address>
         <run_address>0x942</run_address>
         <size>0x1c7</size>
         <input_file_ref idref="fl-3"/>
      </object_component>
      <object_component id="oc-19d">
         <name>.debug_info</name>
         <load_address>0xb09</load_address>
         <run_address>0xb09</run_address>
         <size>0xe4</size>
         <input_file_ref idref="fl-4"/>
      </object_component>
      <object_component id="oc-187">
         <name>.debug_info</name>
         <load_address>0xbed</load_address>
         <run_address>0xbed</run_address>
         <size>0x4db</size>
         <input_file_ref idref="fl-4"/>
      </object_component>
      <object_component id="oc-166">
         <name>.debug_info</name>
         <load_address>0x10c8</load_address>
         <run_address>0x10c8</run_address>
         <size>0x25d</size>
         <input_file_ref idref="fl-7"/>
      </object_component>
      <object_component id="oc-18e">
         <name>.debug_info</name>
         <load_address>0x1325</load_address>
         <run_address>0x1325</run_address>
         <size>0x4c</size>
         <input_file_ref idref="fl-7"/>
      </object_component>
      <object_component id="oc-ed">
         <name>.debug_info</name>
         <load_address>0x1371</load_address>
         <run_address>0x1371</run_address>
         <size>0x16a</size>
         <input_file_ref idref="fl-a"/>
      </object_component>
      <object_component id="oc-8c">
         <name>.debug_info</name>
         <load_address>0x14db</load_address>
         <run_address>0x14db</run_address>
         <size>0x119</size>
         <input_file_ref idref="fl-b"/>
      </object_component>
      <object_component id="oc-135">
         <name>.debug_info</name>
         <load_address>0x15f4</load_address>
         <run_address>0x15f4</run_address>
         <size>0x1f9</size>
         <input_file_ref idref="fl-c"/>
      </object_component>
      <object_component id="oc-d6">
         <name>.debug_info</name>
         <load_address>0x17ed</load_address>
         <run_address>0x17ed</run_address>
         <size>0x432</size>
         <input_file_ref idref="fl-c"/>
      </object_component>
      <object_component id="oc-a4">
         <name>.debug_info</name>
         <load_address>0x1c1f</load_address>
         <run_address>0x1c1f</run_address>
         <size>0x18c</size>
         <input_file_ref idref="fl-c"/>
      </object_component>
      <object_component id="oc-108">
         <name>.debug_info</name>
         <load_address>0x1dab</load_address>
         <run_address>0x1dab</run_address>
         <size>0x102</size>
         <input_file_ref idref="fl-c"/>
      </object_component>
      <object_component id="oc-13d">
         <name>.debug_info</name>
         <load_address>0x1ead</load_address>
         <run_address>0x1ead</run_address>
         <size>0x142</size>
         <input_file_ref idref="fl-c"/>
      </object_component>
      <object_component id="oc-10d">
         <name>.debug_info</name>
         <load_address>0x1fef</load_address>
         <run_address>0x1fef</run_address>
         <size>0x285</size>
         <input_file_ref idref="fl-c"/>
      </object_component>
      <object_component id="oc-112">
         <name>.debug_info</name>
         <load_address>0x2274</load_address>
         <run_address>0x2274</run_address>
         <size>0x44a</size>
         <input_file_ref idref="fl-c"/>
      </object_component>
      <object_component id="oc-11c">
         <name>.debug_info</name>
         <load_address>0x26be</load_address>
         <run_address>0x26be</run_address>
         <size>0x152</size>
         <input_file_ref idref="fl-c"/>
      </object_component>
      <object_component id="oc-126">
         <name>.debug_info</name>
         <load_address>0x2810</load_address>
         <run_address>0x2810</run_address>
         <size>0x70a</size>
         <input_file_ref idref="fl-c"/>
      </object_component>
      <object_component id="oc-12b">
         <name>.debug_info</name>
         <load_address>0x2f1a</load_address>
         <run_address>0x2f1a</run_address>
         <size>0x36d</size>
         <input_file_ref idref="fl-c"/>
      </object_component>
      <object_component id="oc-e2">
         <name>.debug_info</name>
         <load_address>0x3287</load_address>
         <run_address>0x3287</run_address>
         <size>0x1c1</size>
         <input_file_ref idref="fl-e"/>
      </object_component>
      <object_component id="oc-7b">
         <name>.debug_info</name>
         <load_address>0x3448</load_address>
         <run_address>0x3448</run_address>
         <size>0x10c7</size>
         <input_file_ref idref="fl-e"/>
      </object_component>
      <object_component id="oc-25">
         <name>.debug_info</name>
         <load_address>0x450f</load_address>
         <run_address>0x450f</run_address>
         <size>0x1af</size>
         <input_file_ref idref="fl-e"/>
      </object_component>
      <object_component id="oc-dd">
         <name>.debug_info</name>
         <load_address>0x46be</load_address>
         <run_address>0x46be</run_address>
         <size>0x168</size>
         <input_file_ref idref="fl-e"/>
      </object_component>
      <object_component id="oc-c9">
         <name>.debug_info</name>
         <load_address>0x4826</load_address>
         <run_address>0x4826</run_address>
         <size>0x1e5</size>
         <input_file_ref idref="fl-11"/>
      </object_component>
      <object_component id="oc-6f">
         <name>.debug_info</name>
         <load_address>0x4a0b</load_address>
         <run_address>0x4a0b</run_address>
         <size>0x61b</size>
         <input_file_ref idref="fl-11"/>
      </object_component>
      <object_component id="oc-138">
         <name>.debug_info</name>
         <load_address>0x5026</load_address>
         <run_address>0x5026</run_address>
         <size>0xadd</size>
         <input_file_ref idref="fl-11"/>
      </object_component>
      <object_component id="oc-ca">
         <name>.debug_info</name>
         <load_address>0x5b03</load_address>
         <run_address>0x5b03</run_address>
         <size>0x6eb</size>
         <input_file_ref idref="fl-11"/>
      </object_component>
      <object_component id="oc-17e">
         <name>.debug_info</name>
         <load_address>0x61ee</load_address>
         <run_address>0x61ee</run_address>
         <size>0x136</size>
         <input_file_ref idref="fl-12"/>
      </object_component>
      <object_component id="oc-d0">
         <name>.debug_info</name>
         <load_address>0x6324</load_address>
         <run_address>0x6324</run_address>
         <size>0x123</size>
         <input_file_ref idref="fl-12"/>
      </object_component>
      <object_component id="oc-14a">
         <name>.debug_info</name>
         <load_address>0x6447</load_address>
         <run_address>0x6447</run_address>
         <size>0x199</size>
         <input_file_ref idref="fl-12"/>
      </object_component>
      <object_component id="oc-6a">
         <name>.debug_info</name>
         <load_address>0x65e0</load_address>
         <run_address>0x65e0</run_address>
         <size>0x81d</size>
         <input_file_ref idref="fl-13"/>
      </object_component>
      <object_component id="oc-2e">
         <name>.debug_info</name>
         <load_address>0x6dfd</load_address>
         <run_address>0x6dfd</run_address>
         <size>0x113</size>
         <input_file_ref idref="fl-15"/>
      </object_component>
      <object_component id="oc-81">
         <name>.debug_info</name>
         <load_address>0x6f10</load_address>
         <run_address>0x6f10</run_address>
         <size>0x44a</size>
         <input_file_ref idref="fl-16"/>
      </object_component>
      <object_component id="oc-17d">
         <name>.debug_info</name>
         <load_address>0x735a</load_address>
         <run_address>0x735a</run_address>
         <size>0x177</size>
         <input_file_ref idref="fl-17"/>
      </object_component>
      <object_component id="oc-145">
         <name>.debug_info</name>
         <load_address>0x74d1</load_address>
         <run_address>0x74d1</run_address>
         <size>0x457</size>
         <input_file_ref idref="fl-17"/>
      </object_component>
      <object_component id="oc-33">
         <name>.debug_info</name>
         <load_address>0x7928</load_address>
         <run_address>0x7928</run_address>
         <size>0x144</size>
         <input_file_ref idref="fl-18"/>
      </object_component>
      <object_component id="oc-1f">
         <name>.debug_info</name>
         <load_address>0x7a6c</load_address>
         <run_address>0x7a6c</run_address>
         <size>0x2ba</size>
         <input_file_ref idref="fl-1b"/>
      </object_component>
      <object_component id="oc-a0">
         <name>.debug_info</name>
         <load_address>0x7d26</load_address>
         <run_address>0x7d26</run_address>
         <size>0x2ba</size>
         <input_file_ref idref="fl-1c"/>
      </object_component>
      <object_component id="oc-2b">
         <name>.debug_info</name>
         <load_address>0x7fe0</load_address>
         <run_address>0x7fe0</run_address>
         <size>0xe6</size>
         <input_file_ref idref="fl-1c"/>
      </object_component>
      <object_component id="oc-3a">
         <name>.debug_info</name>
         <load_address>0x80c6</load_address>
         <run_address>0x80c6</run_address>
         <size>0x496</size>
         <input_file_ref idref="fl-1c"/>
      </object_component>
      <object_component id="oc-3f">
         <name>.debug_info</name>
         <load_address>0x855c</load_address>
         <run_address>0x855c</run_address>
         <size>0x201</size>
         <input_file_ref idref="fl-1c"/>
      </object_component>
      <object_component id="oc-130">
         <name>.debug_info</name>
         <load_address>0x875d</load_address>
         <run_address>0x875d</run_address>
         <size>0x5d</size>
         <input_file_ref idref="fl-1c"/>
      </object_component>
      <object_component id="oc-db">
         <name>.debug_info</name>
         <load_address>0x87ba</load_address>
         <run_address>0x87ba</run_address>
         <size>0x26a</size>
         <input_file_ref idref="fl-1d"/>
      </object_component>
      <object_component id="oc-75">
         <name>.debug_info</name>
         <load_address>0x8a24</load_address>
         <run_address>0x8a24</run_address>
         <size>0x596</size>
         <input_file_ref idref="fl-1d"/>
      </object_component>
      <object_component id="oc-eb">
         <name>.debug_info</name>
         <load_address>0x8fba</load_address>
         <run_address>0x8fba</run_address>
         <size>0x286</size>
         <input_file_ref idref="fl-143"/>
      </object_component>
      <object_component id="oc-86">
         <name>.debug_info</name>
         <load_address>0x9240</load_address>
         <run_address>0x9240</run_address>
         <size>0x140</size>
         <input_file_ref idref="fl-143"/>
      </object_component>
      <object_component id="oc-b7">
         <name>.debug_info</name>
         <load_address>0x9380</load_address>
         <run_address>0x9380</run_address>
         <size>0x84</size>
         <input_file_ref idref="fl-143"/>
      </object_component>
      <object_component id="oc-155">
         <name>.debug_info</name>
         <load_address>0x9404</load_address>
         <run_address>0x9404</run_address>
         <size>0x39</size>
         <input_file_ref idref="fl-143"/>
      </object_component>
      <object_component id="oc-15a">
         <name>.debug_info</name>
         <load_address>0x943d</load_address>
         <run_address>0x943d</run_address>
         <size>0xcd</size>
         <input_file_ref idref="fl-143"/>
      </object_component>
      <object_component id="oc-4f">
         <name>.debug_info</name>
         <load_address>0x950a</load_address>
         <run_address>0x950a</run_address>
         <size>0x104</size>
         <input_file_ref idref="fl-144"/>
      </object_component>
      <object_component id="oc-f">
         <name>.debug_info</name>
         <load_address>0x960e</load_address>
         <run_address>0x960e</run_address>
         <size>0x193</size>
         <input_file_ref idref="fl-144"/>
      </object_component>
      <object_component id="oc-4a">
         <name>.debug_info</name>
         <load_address>0x97a1</load_address>
         <run_address>0x97a1</run_address>
         <size>0x46</size>
         <input_file_ref idref="fl-144"/>
      </object_component>
      <object_component id="oc-b0">
         <name>.debug_info</name>
         <load_address>0x97e7</load_address>
         <run_address>0x97e7</run_address>
         <size>0x2c</size>
         <input_file_ref idref="fl-144"/>
      </object_component>
      <object_component id="oc-57">
         <name>.debug_info</name>
         <load_address>0x9813</load_address>
         <run_address>0x9813</run_address>
         <size>0xfd</size>
         <input_file_ref idref="fl-145"/>
      </object_component>
      <object_component id="oc-54">
         <name>.debug_info</name>
         <load_address>0x9910</load_address>
         <run_address>0x9910</run_address>
         <size>0x210</size>
         <input_file_ref idref="fl-145"/>
      </object_component>
      <object_component id="oc-16">
         <name>.debug_info</name>
         <load_address>0x9b20</load_address>
         <run_address>0x9b20</run_address>
         <size>0x17a</size>
         <input_file_ref idref="fl-145"/>
      </object_component>
      <object_component id="oc-58">
         <name>.debug_info</name>
         <load_address>0x9c9a</load_address>
         <run_address>0x9c9a</run_address>
         <size>0x39</size>
         <input_file_ref idref="fl-145"/>
      </object_component>
      <object_component id="oc-bf">
         <name>.debug_info</name>
         <load_address>0x9cd3</load_address>
         <run_address>0x9cd3</run_address>
         <size>0x2c</size>
         <input_file_ref idref="fl-145"/>
      </object_component>
      <object_component id="oc-152">
         <name>.debug_info</name>
         <load_address>0x9cff</load_address>
         <run_address>0x9cff</run_address>
         <size>0x1a9</size>
         <input_file_ref idref="fl-147"/>
      </object_component>
      <object_component id="oc-e6">
         <name>.debug_info</name>
         <load_address>0x9ea8</load_address>
         <run_address>0x9ea8</run_address>
         <size>0x14c</size>
         <input_file_ref idref="fl-147"/>
      </object_component>
      <object_component id="oc-181">
         <name>.debug_info</name>
         <load_address>0x9ff4</load_address>
         <run_address>0x9ff4</run_address>
         <size>0x2c</size>
         <input_file_ref idref="fl-147"/>
      </object_component>
      <object_component id="oc-ff">
         <name>.debug_info</name>
         <load_address>0xa020</load_address>
         <run_address>0xa020</run_address>
         <size>0x15a</size>
         <input_file_ref idref="fl-148"/>
      </object_component>
      <object_component id="oc-fc">
         <name>.debug_info</name>
         <load_address>0xa17a</load_address>
         <run_address>0xa17a</run_address>
         <size>0xff</size>
         <input_file_ref idref="fl-148"/>
      </object_component>
      <object_component id="oc-95">
         <name>.debug_info</name>
         <load_address>0xa279</load_address>
         <run_address>0xa279</run_address>
         <size>0x1d6</size>
         <input_file_ref idref="fl-148"/>
      </object_component>
      <object_component id="oc-46">
         <name>.debug_info</name>
         <load_address>0xa44f</load_address>
         <run_address>0xa44f</run_address>
         <size>0x149</size>
         <input_file_ref idref="fl-149"/>
      </object_component>
      <object_component id="oc-5e">
         <name>.debug_info</name>
         <load_address>0xa598</load_address>
         <run_address>0xa598</run_address>
         <size>0x111</size>
         <input_file_ref idref="fl-14a"/>
      </object_component>
      <object_component id="oc-174">
         <name>.debug_info</name>
         <load_address>0xa6a9</load_address>
         <run_address>0xa6a9</run_address>
         <size>0xed</size>
         <input_file_ref idref="fl-14b"/>
      </object_component>
      <object_component id="oc-f9">
         <name>.debug_info</name>
         <load_address>0xa796</load_address>
         <run_address>0xa796</run_address>
         <size>0xdc</size>
         <input_file_ref idref="fl-14b"/>
      </object_component>
      <object_component id="oc-16d">
         <name>.debug_info</name>
         <load_address>0xa872</load_address>
         <run_address>0xa872</run_address>
         <size>0x1e8</size>
         <input_file_ref idref="fl-14b"/>
      </object_component>
      <object_component id="oc-1c1">
         <name>.debug_info</name>
         <load_address>0xaa5a</load_address>
         <run_address>0xaa5a</run_address>
         <size>0xac</size>
      </object_component>
      <object_component id="oc-197">
         <name>.debug_line</name>
         <load_address>0x0</load_address>
         <run_address>0x0</run_address>
         <size>0x20</size>
         <input_file_ref idref="fl-2"/>
      </object_component>
      <object_component id="oc-9c">
         <name>.debug_line</name>
         <load_address>0x20</load_address>
         <run_address>0x20</run_address>
         <size>0x76</size>
         <input_file_ref idref="fl-2"/>
      </object_component>
      <object_component id="oc-f6">
         <name>.debug_line</name>
         <load_address>0x96</load_address>
         <run_address>0x96</run_address>
         <size>0x20</size>
         <input_file_ref idref="fl-2"/>
      </object_component>
      <object_component id="oc-104">
         <name>.debug_line</name>
         <load_address>0xb6</load_address>
         <run_address>0xb6</run_address>
         <size>0x60</size>
         <input_file_ref idref="fl-2"/>
      </object_component>
      <object_component id="oc-ac">
         <name>.debug_line</name>
         <load_address>0x116</load_address>
         <run_address>0x116</run_address>
         <size>0x74</size>
         <input_file_ref idref="fl-2"/>
      </object_component>
      <object_component id="oc-11a">
         <name>.debug_line</name>
         <load_address>0x18a</load_address>
         <run_address>0x18a</run_address>
         <size>0x71</size>
         <input_file_ref idref="fl-2"/>
      </object_component>
      <object_component id="oc-124">
         <name>.debug_line</name>
         <load_address>0x1fb</load_address>
         <run_address>0x1fb</run_address>
         <size>0x71</size>
         <input_file_ref idref="fl-2"/>
      </object_component>
      <object_component id="oc-163">
         <name>.debug_line</name>
         <load_address>0x26c</load_address>
         <run_address>0x26c</run_address>
         <size>0x77</size>
         <input_file_ref idref="fl-3"/>
      </object_component>
      <object_component id="oc-19f">
         <name>.debug_line</name>
         <load_address>0x2e3</load_address>
         <run_address>0x2e3</run_address>
         <size>0x20</size>
         <input_file_ref idref="fl-4"/>
      </object_component>
      <object_component id="oc-18a">
         <name>.debug_line</name>
         <load_address>0x303</load_address>
         <run_address>0x303</run_address>
         <size>0x16f</size>
         <input_file_ref idref="fl-4"/>
      </object_component>
      <object_component id="oc-169">
         <name>.debug_line</name>
         <load_address>0x472</load_address>
         <run_address>0x472</run_address>
         <size>0x8b</size>
         <input_file_ref idref="fl-7"/>
      </object_component>
      <object_component id="oc-191">
         <name>.debug_line</name>
         <load_address>0x4fd</load_address>
         <run_address>0x4fd</run_address>
         <size>0x2c</size>
         <input_file_ref idref="fl-7"/>
      </object_component>
      <object_component id="oc-f0">
         <name>.debug_line</name>
         <load_address>0x529</load_address>
         <run_address>0x529</run_address>
         <size>0x74</size>
         <input_file_ref idref="fl-a"/>
      </object_component>
      <object_component id="oc-8f">
         <name>.debug_line</name>
         <load_address>0x59d</load_address>
         <run_address>0x59d</run_address>
         <size>0x43</size>
         <input_file_ref idref="fl-b"/>
      </object_component>
      <object_component id="oc-17c">
         <name>.debug_line</name>
         <load_address>0x5e0</load_address>
         <run_address>0x5e0</run_address>
         <size>0x20</size>
         <input_file_ref idref="fl-c"/>
      </object_component>
      <object_component id="oc-d9">
         <name>.debug_line</name>
         <load_address>0x600</load_address>
         <run_address>0x600</run_address>
         <size>0x70</size>
         <input_file_ref idref="fl-c"/>
      </object_component>
      <object_component id="oc-a7">
         <name>.debug_line</name>
         <load_address>0x670</load_address>
         <run_address>0x670</run_address>
         <size>0x71</size>
         <input_file_ref idref="fl-c"/>
      </object_component>
      <object_component id="oc-10b">
         <name>.debug_line</name>
         <load_address>0x6e1</load_address>
         <run_address>0x6e1</run_address>
         <size>0x73</size>
         <input_file_ref idref="fl-c"/>
      </object_component>
      <object_component id="oc-140">
         <name>.debug_line</name>
         <load_address>0x754</load_address>
         <run_address>0x754</run_address>
         <size>0x71</size>
         <input_file_ref idref="fl-c"/>
      </object_component>
      <object_component id="oc-110">
         <name>.debug_line</name>
         <load_address>0x7c5</load_address>
         <run_address>0x7c5</run_address>
         <size>0x71</size>
         <input_file_ref idref="fl-c"/>
      </object_component>
      <object_component id="oc-115">
         <name>.debug_line</name>
         <load_address>0x836</load_address>
         <run_address>0x836</run_address>
         <size>0x73</size>
         <input_file_ref idref="fl-c"/>
      </object_component>
      <object_component id="oc-11f">
         <name>.debug_line</name>
         <load_address>0x8a9</load_address>
         <run_address>0x8a9</run_address>
         <size>0x74</size>
         <input_file_ref idref="fl-c"/>
      </object_component>
      <object_component id="oc-129">
         <name>.debug_line</name>
         <load_address>0x91d</load_address>
         <run_address>0x91d</run_address>
         <size>0x74</size>
         <input_file_ref idref="fl-c"/>
      </object_component>
      <object_component id="oc-12e">
         <name>.debug_line</name>
         <load_address>0x991</load_address>
         <run_address>0x991</run_address>
         <size>0x71</size>
         <input_file_ref idref="fl-c"/>
      </object_component>
      <object_component id="oc-150">
         <name>.debug_line</name>
         <load_address>0xa02</load_address>
         <run_address>0xa02</run_address>
         <size>0x6d</size>
         <input_file_ref idref="fl-e"/>
      </object_component>
      <object_component id="oc-7e">
         <name>.debug_line</name>
         <load_address>0xa6f</load_address>
         <run_address>0xa6f</run_address>
         <size>0x365</size>
         <input_file_ref idref="fl-e"/>
      </object_component>
      <object_component id="oc-28">
         <name>.debug_line</name>
         <load_address>0xdd4</load_address>
         <run_address>0xdd4</run_address>
         <size>0x7c</size>
         <input_file_ref idref="fl-e"/>
      </object_component>
      <object_component id="oc-e0">
         <name>.debug_line</name>
         <load_address>0xe50</load_address>
         <run_address>0xe50</run_address>
         <size>0x6d</size>
         <input_file_ref idref="fl-e"/>
      </object_component>
      <object_component id="oc-137">
         <name>.debug_line</name>
         <load_address>0xebd</load_address>
         <run_address>0xebd</run_address>
         <size>0x20</size>
         <input_file_ref idref="fl-11"/>
      </object_component>
      <object_component id="oc-72">
         <name>.debug_line</name>
         <load_address>0xedd</load_address>
         <run_address>0xedd</run_address>
         <size>0xd5</size>
         <input_file_ref idref="fl-11"/>
      </object_component>
      <object_component id="oc-13b">
         <name>.debug_line</name>
         <load_address>0xfb2</load_address>
         <run_address>0xfb2</run_address>
         <size>0x71</size>
         <input_file_ref idref="fl-11"/>
      </object_component>
      <object_component id="oc-cd">
         <name>.debug_line</name>
         <load_address>0x1023</load_address>
         <run_address>0x1023</run_address>
         <size>0x71</size>
         <input_file_ref idref="fl-11"/>
      </object_component>
      <object_component id="oc-19b">
         <name>.debug_line</name>
         <load_address>0x1094</load_address>
         <run_address>0x1094</run_address>
         <size>0x20</size>
         <input_file_ref idref="fl-12"/>
      </object_component>
      <object_component id="oc-d3">
         <name>.debug_line</name>
         <load_address>0x10b4</load_address>
         <run_address>0x10b4</run_address>
         <size>0xdc</size>
         <input_file_ref idref="fl-12"/>
      </object_component>
      <object_component id="oc-14d">
         <name>.debug_line</name>
         <load_address>0x1190</load_address>
         <run_address>0x1190</run_address>
         <size>0x74</size>
         <input_file_ref idref="fl-12"/>
      </object_component>
      <object_component id="oc-6d">
         <name>.debug_line</name>
         <load_address>0x1204</load_address>
         <run_address>0x1204</run_address>
         <size>0x307</size>
         <input_file_ref idref="fl-13"/>
      </object_component>
      <object_component id="oc-31">
         <name>.debug_line</name>
         <load_address>0x150b</load_address>
         <run_address>0x150b</run_address>
         <size>0x52</size>
         <input_file_ref idref="fl-15"/>
      </object_component>
      <object_component id="oc-84">
         <name>.debug_line</name>
         <load_address>0x155d</load_address>
         <run_address>0x155d</run_address>
         <size>0x1fd</size>
         <input_file_ref idref="fl-16"/>
      </object_component>
      <object_component id="oc-199">
         <name>.debug_line</name>
         <load_address>0x175a</load_address>
         <run_address>0x175a</run_address>
         <size>0x20</size>
         <input_file_ref idref="fl-17"/>
      </object_component>
      <object_component id="oc-148">
         <name>.debug_line</name>
         <load_address>0x177a</load_address>
         <run_address>0x177a</run_address>
         <size>0x71</size>
         <input_file_ref idref="fl-17"/>
      </object_component>
      <object_component id="oc-36">
         <name>.debug_line</name>
         <load_address>0x17eb</load_address>
         <run_address>0x17eb</run_address>
         <size>0x4e</size>
         <input_file_ref idref="fl-18"/>
      </object_component>
      <object_component id="oc-22">
         <name>.debug_line</name>
         <load_address>0x1839</load_address>
         <run_address>0x1839</run_address>
         <size>0x7d</size>
         <input_file_ref idref="fl-1b"/>
      </object_component>
      <object_component id="oc-107">
         <name>.debug_line</name>
         <load_address>0x18b6</load_address>
         <run_address>0x18b6</run_address>
         <size>0xbe</size>
         <input_file_ref idref="fl-1c"/>
      </object_component>
      <object_component id="oc-9f">
         <name>.debug_line</name>
         <load_address>0x1974</load_address>
         <run_address>0x1974</run_address>
         <size>0x3a</size>
         <input_file_ref idref="fl-1c"/>
      </object_component>
      <object_component id="oc-3d">
         <name>.debug_line</name>
         <load_address>0x19ae</load_address>
         <run_address>0x19ae</run_address>
         <size>0x1b2</size>
         <input_file_ref idref="fl-1c"/>
      </object_component>
      <object_component id="oc-42">
         <name>.debug_line</name>
         <load_address>0x1b60</load_address>
         <run_address>0x1b60</run_address>
         <size>0xbc</size>
         <input_file_ref idref="fl-1c"/>
      </object_component>
      <object_component id="oc-133">
         <name>.debug_line</name>
         <load_address>0x1c1c</load_address>
         <run_address>0x1c1c</run_address>
         <size>0x3a</size>
         <input_file_ref idref="fl-1c"/>
      </object_component>
      <object_component id="oc-144">
         <name>.debug_line</name>
         <load_address>0x1c56</load_address>
         <run_address>0x1c56</run_address>
         <size>0xc2</size>
         <input_file_ref idref="fl-1d"/>
      </object_component>
      <object_component id="oc-78">
         <name>.debug_line</name>
         <load_address>0x1d18</load_address>
         <run_address>0x1d18</run_address>
         <size>0x22e</size>
         <input_file_ref idref="fl-1d"/>
      </object_component>
      <object_component id="oc-154">
         <name>.debug_line</name>
         <load_address>0x1f46</load_address>
         <run_address>0x1f46</run_address>
         <size>0x69</size>
         <input_file_ref idref="fl-143"/>
      </object_component>
      <object_component id="oc-8a">
         <name>.debug_line</name>
         <load_address>0x1faf</load_address>
         <run_address>0x1faf</run_address>
         <size>0x85</size>
         <input_file_ref idref="fl-143"/>
      </object_component>
      <object_component id="oc-ba">
         <name>.debug_line</name>
         <load_address>0x2034</load_address>
         <run_address>0x2034</run_address>
         <size>0x20</size>
         <input_file_ref idref="fl-143"/>
      </object_component>
      <object_component id="oc-158">
         <name>.debug_line</name>
         <load_address>0x2054</load_address>
         <run_address>0x2054</run_address>
         <size>0x2e</size>
         <input_file_ref idref="fl-143"/>
      </object_component>
      <object_component id="oc-15d">
         <name>.debug_line</name>
         <load_address>0x2082</load_address>
         <run_address>0x2082</run_address>
         <size>0x5b</size>
         <input_file_ref idref="fl-143"/>
      </object_component>
      <object_component id="oc-b6">
         <name>.debug_line</name>
         <load_address>0x20dd</load_address>
         <run_address>0x20dd</run_address>
         <size>0x5a</size>
         <input_file_ref idref="fl-144"/>
      </object_component>
      <object_component id="oc-11">
         <name>.debug_line</name>
         <load_address>0x2137</load_address>
         <run_address>0x2137</run_address>
         <size>0x55</size>
         <input_file_ref idref="fl-144"/>
      </object_component>
      <object_component id="oc-4d">
         <name>.debug_line</name>
         <load_address>0x218c</load_address>
         <run_address>0x218c</run_address>
         <size>0x3a</size>
         <input_file_ref idref="fl-144"/>
      </object_component>
      <object_component id="oc-b3">
         <name>.debug_line</name>
         <load_address>0x21c6</load_address>
         <run_address>0x21c6</run_address>
         <size>0x5a</size>
         <input_file_ref idref="fl-144"/>
      </object_component>
      <object_component id="oc-be">
         <name>.debug_line</name>
         <load_address>0x2220</load_address>
         <run_address>0x2220</run_address>
         <size>0x5a</size>
         <input_file_ref idref="fl-145"/>
      </object_component>
      <object_component id="oc-53">
         <name>.debug_line</name>
         <load_address>0x227a</load_address>
         <run_address>0x227a</run_address>
         <size>0xa3</size>
         <input_file_ref idref="fl-145"/>
      </object_component>
      <object_component id="oc-14">
         <name>.debug_line</name>
         <load_address>0x231d</load_address>
         <run_address>0x231d</run_address>
         <size>0x4b</size>
         <input_file_ref idref="fl-145"/>
      </object_component>
      <object_component id="oc-5b">
         <name>.debug_line</name>
         <load_address>0x2368</load_address>
         <run_address>0x2368</run_address>
         <size>0x39</size>
         <input_file_ref idref="fl-145"/>
      </object_component>
      <object_component id="oc-c2">
         <name>.debug_line</name>
         <load_address>0x23a1</load_address>
         <run_address>0x23a1</run_address>
         <size>0x5a</size>
         <input_file_ref idref="fl-145"/>
      </object_component>
      <object_component id="oc-180">
         <name>.debug_line</name>
         <load_address>0x23fb</load_address>
         <run_address>0x23fb</run_address>
         <size>0x68</size>
         <input_file_ref idref="fl-147"/>
      </object_component>
      <object_component id="oc-e5">
         <name>.debug_line</name>
         <load_address>0x2463</load_address>
         <run_address>0x2463</run_address>
         <size>0x78</size>
         <input_file_ref idref="fl-147"/>
      </object_component>
      <object_component id="oc-184">
         <name>.debug_line</name>
         <load_address>0x24db</load_address>
         <run_address>0x24db</run_address>
         <size>0x2e</size>
         <input_file_ref idref="fl-147"/>
      </object_component>
      <object_component id="oc-179">
         <name>.debug_line</name>
         <load_address>0x2509</load_address>
         <run_address>0x2509</run_address>
         <size>0x59</size>
         <input_file_ref idref="fl-148"/>
      </object_component>
      <object_component id="oc-177">
         <name>.debug_line</name>
         <load_address>0x2562</load_address>
         <run_address>0x2562</run_address>
         <size>0x2a</size>
         <input_file_ref idref="fl-148"/>
      </object_component>
      <object_component id="oc-94">
         <name>.debug_line</name>
         <load_address>0x258c</load_address>
         <run_address>0x258c</run_address>
         <size>0x80</size>
         <input_file_ref idref="fl-148"/>
      </object_component>
      <object_component id="oc-45">
         <name>.debug_line</name>
         <load_address>0x260c</load_address>
         <run_address>0x260c</run_address>
         <size>0x9a</size>
         <input_file_ref idref="fl-149"/>
      </object_component>
      <object_component id="oc-61">
         <name>.debug_line</name>
         <load_address>0x26a6</load_address>
         <run_address>0x26a6</run_address>
         <size>0x73</size>
         <input_file_ref idref="fl-14a"/>
      </object_component>
      <object_component id="oc-195">
         <name>.debug_line</name>
         <load_address>0x2719</load_address>
         <run_address>0x2719</run_address>
         <size>0x20</size>
         <input_file_ref idref="fl-14b"/>
      </object_component>
      <object_component id="oc-173">
         <name>.debug_line</name>
         <load_address>0x2739</load_address>
         <run_address>0x2739</run_address>
         <size>0x2b</size>
         <input_file_ref idref="fl-14b"/>
      </object_component>
      <object_component id="oc-170">
         <name>.debug_line</name>
         <load_address>0x2764</load_address>
         <run_address>0x2764</run_address>
         <size>0x64</size>
         <input_file_ref idref="fl-14b"/>
      </object_component>
      <object_component id="oc-196">
         <name>.debug_abbrev</name>
         <load_address>0x0</load_address>
         <run_address>0x0</run_address>
         <size>0x37</size>
         <input_file_ref idref="fl-2"/>
      </object_component>
      <object_component id="oc-9b">
         <name>.debug_abbrev</name>
         <load_address>0x37</load_address>
         <run_address>0x37</run_address>
         <size>0x5a</size>
         <input_file_ref idref="fl-2"/>
      </object_component>
      <object_component id="oc-f5">
         <name>.debug_abbrev</name>
         <load_address>0x91</load_address>
         <run_address>0x91</run_address>
         <size>0x1f</size>
         <input_file_ref idref="fl-2"/>
      </object_component>
      <object_component id="oc-103">
         <name>.debug_abbrev</name>
         <load_address>0xb0</load_address>
         <run_address>0xb0</run_address>
         <size>0x35</size>
         <input_file_ref idref="fl-2"/>
      </object_component>
      <object_component id="oc-ab">
         <name>.debug_abbrev</name>
         <load_address>0xe5</load_address>
         <run_address>0xe5</run_address>
         <size>0x55</size>
         <input_file_ref idref="fl-2"/>
      </object_component>
      <object_component id="oc-119">
         <name>.debug_abbrev</name>
         <load_address>0x13a</load_address>
         <run_address>0x13a</run_address>
         <size>0x4b</size>
         <input_file_ref idref="fl-2"/>
      </object_component>
      <object_component id="oc-123">
         <name>.debug_abbrev</name>
         <load_address>0x185</load_address>
         <run_address>0x185</run_address>
         <size>0x4b</size>
         <input_file_ref idref="fl-2"/>
      </object_component>
      <object_component id="oc-18c">
         <name>.debug_abbrev</name>
         <load_address>0x1d0</load_address>
         <run_address>0x1d0</run_address>
         <size>0x7a</size>
         <input_file_ref idref="fl-3"/>
      </object_component>
      <object_component id="oc-19e">
         <name>.debug_abbrev</name>
         <load_address>0x24a</load_address>
         <run_address>0x24a</run_address>
         <size>0x37</size>
         <input_file_ref idref="fl-4"/>
      </object_component>
      <object_component id="oc-19c">
         <name>.debug_abbrev</name>
         <load_address>0x281</load_address>
         <run_address>0x281</run_address>
         <size>0xa9</size>
         <input_file_ref idref="fl-4"/>
      </object_component>
      <object_component id="oc-18d">
         <name>.debug_abbrev</name>
         <load_address>0x32a</load_address>
         <run_address>0x32a</run_address>
         <size>0x7a</size>
         <input_file_ref idref="fl-7"/>
      </object_component>
      <object_component id="oc-190">
         <name>.debug_abbrev</name>
         <load_address>0x3a4</load_address>
         <run_address>0x3a4</run_address>
         <size>0x44</size>
         <input_file_ref idref="fl-7"/>
      </object_component>
      <object_component id="oc-16b">
         <name>.debug_abbrev</name>
         <load_address>0x3e8</load_address>
         <run_address>0x3e8</run_address>
         <size>0x5e</size>
         <input_file_ref idref="fl-a"/>
      </object_component>
      <object_component id="oc-f2">
         <name>.debug_abbrev</name>
         <load_address>0x446</load_address>
         <run_address>0x446</run_address>
         <size>0x54</size>
         <input_file_ref idref="fl-b"/>
      </object_component>
      <object_component id="oc-17b">
         <name>.debug_abbrev</name>
         <load_address>0x49a</load_address>
         <run_address>0x49a</run_address>
         <size>0x54</size>
         <input_file_ref idref="fl-c"/>
      </object_component>
      <object_component id="oc-d8">
         <name>.debug_abbrev</name>
         <load_address>0x4ee</load_address>
         <run_address>0x4ee</run_address>
         <size>0xba</size>
         <input_file_ref idref="fl-c"/>
      </object_component>
      <object_component id="oc-a6">
         <name>.debug_abbrev</name>
         <load_address>0x5a8</load_address>
         <run_address>0x5a8</run_address>
         <size>0x7c</size>
         <input_file_ref idref="fl-c"/>
      </object_component>
      <object_component id="oc-10a">
         <name>.debug_abbrev</name>
         <load_address>0x624</load_address>
         <run_address>0x624</run_address>
         <size>0x4b</size>
         <input_file_ref idref="fl-c"/>
      </object_component>
      <object_component id="oc-13f">
         <name>.debug_abbrev</name>
         <load_address>0x66f</load_address>
         <run_address>0x66f</run_address>
         <size>0x4b</size>
         <input_file_ref idref="fl-c"/>
      </object_component>
      <object_component id="oc-10f">
         <name>.debug_abbrev</name>
         <load_address>0x6ba</load_address>
         <run_address>0x6ba</run_address>
         <size>0x4b</size>
         <input_file_ref idref="fl-c"/>
      </object_component>
      <object_component id="oc-114">
         <name>.debug_abbrev</name>
         <load_address>0x705</load_address>
         <run_address>0x705</run_address>
         <size>0x4b</size>
         <input_file_ref idref="fl-c"/>
      </object_component>
      <object_component id="oc-11e">
         <name>.debug_abbrev</name>
         <load_address>0x750</load_address>
         <run_address>0x750</run_address>
         <size>0x4b</size>
         <input_file_ref idref="fl-c"/>
      </object_component>
      <object_component id="oc-128">
         <name>.debug_abbrev</name>
         <load_address>0x79b</load_address>
         <run_address>0x79b</run_address>
         <size>0x5c</size>
         <input_file_ref idref="fl-c"/>
      </object_component>
      <object_component id="oc-12d">
         <name>.debug_abbrev</name>
         <load_address>0x7f7</load_address>
         <run_address>0x7f7</run_address>
         <size>0x4b</size>
         <input_file_ref idref="fl-c"/>
      </object_component>
      <object_component id="oc-14f">
         <name>.debug_abbrev</name>
         <load_address>0x842</load_address>
         <run_address>0x842</run_address>
         <size>0x6b</size>
         <input_file_ref idref="fl-e"/>
      </object_component>
      <object_component id="oc-dc">
         <name>.debug_abbrev</name>
         <load_address>0x8ad</load_address>
         <run_address>0x8ad</run_address>
         <size>0xc8</size>
         <input_file_ref idref="fl-e"/>
      </object_component>
      <object_component id="oc-98">
         <name>.debug_abbrev</name>
         <load_address>0x975</load_address>
         <run_address>0x975</run_address>
         <size>0x6f</size>
         <input_file_ref idref="fl-e"/>
      </object_component>
      <object_component id="oc-df">
         <name>.debug_abbrev</name>
         <load_address>0x9e4</load_address>
         <run_address>0x9e4</run_address>
         <size>0x6b</size>
         <input_file_ref idref="fl-e"/>
      </object_component>
      <object_component id="oc-136">
         <name>.debug_abbrev</name>
         <load_address>0xa4f</load_address>
         <run_address>0xa4f</run_address>
         <size>0x44</size>
         <input_file_ref idref="fl-11"/>
      </object_component>
      <object_component id="oc-c8">
         <name>.debug_abbrev</name>
         <load_address>0xa93</load_address>
         <run_address>0xa93</run_address>
         <size>0x6c</size>
         <input_file_ref idref="fl-11"/>
      </object_component>
      <object_component id="oc-13a">
         <name>.debug_abbrev</name>
         <load_address>0xaff</load_address>
         <run_address>0xaff</run_address>
         <size>0x7f</size>
         <input_file_ref idref="fl-11"/>
      </object_component>
      <object_component id="oc-cc">
         <name>.debug_abbrev</name>
         <load_address>0xb7e</load_address>
         <run_address>0xb7e</run_address>
         <size>0x6b</size>
         <input_file_ref idref="fl-11"/>
      </object_component>
      <object_component id="oc-19a">
         <name>.debug_abbrev</name>
         <load_address>0xbe9</load_address>
         <run_address>0xbe9</run_address>
         <size>0x44</size>
         <input_file_ref idref="fl-12"/>
      </object_component>
      <object_component id="oc-142">
         <name>.debug_abbrev</name>
         <load_address>0xc2d</load_address>
         <run_address>0xc2d</run_address>
         <size>0x50</size>
         <input_file_ref idref="fl-12"/>
      </object_component>
      <object_component id="oc-14c">
         <name>.debug_abbrev</name>
         <load_address>0xc7d</load_address>
         <run_address>0xc7d</run_address>
         <size>0x4b</size>
         <input_file_ref idref="fl-12"/>
      </object_component>
      <object_component id="oc-c7">
         <name>.debug_abbrev</name>
         <load_address>0xcc8</load_address>
         <run_address>0xcc8</run_address>
         <size>0x44</size>
         <input_file_ref idref="fl-13"/>
      </object_component>
      <object_component id="oc-a1">
         <name>.debug_abbrev</name>
         <load_address>0xd0c</load_address>
         <run_address>0xd0c</run_address>
         <size>0x38</size>
         <input_file_ref idref="fl-15"/>
      </object_component>
      <object_component id="oc-e3">
         <name>.debug_abbrev</name>
         <load_address>0xd44</load_address>
         <run_address>0xd44</run_address>
         <size>0x36</size>
         <input_file_ref idref="fl-16"/>
      </object_component>
      <object_component id="oc-198">
         <name>.debug_abbrev</name>
         <load_address>0xd7a</load_address>
         <run_address>0xd7a</run_address>
         <size>0x44</size>
         <input_file_ref idref="fl-17"/>
      </object_component>
      <object_component id="oc-147">
         <name>.debug_abbrev</name>
         <load_address>0xdbe</load_address>
         <run_address>0xdbe</run_address>
         <size>0x5a</size>
         <input_file_ref idref="fl-17"/>
      </object_component>
      <object_component id="oc-a2">
         <name>.debug_abbrev</name>
         <load_address>0xe18</load_address>
         <run_address>0xe18</run_address>
         <size>0x53</size>
         <input_file_ref idref="fl-18"/>
      </object_component>
      <object_component id="oc-97">
         <name>.debug_abbrev</name>
         <load_address>0xe6b</load_address>
         <run_address>0xe6b</run_address>
         <size>0x55</size>
         <input_file_ref idref="fl-1b"/>
      </object_component>
      <object_component id="oc-106">
         <name>.debug_abbrev</name>
         <load_address>0xec0</load_address>
         <run_address>0xec0</run_address>
         <size>0xa0</size>
         <input_file_ref idref="fl-1c"/>
      </object_component>
      <object_component id="oc-9e">
         <name>.debug_abbrev</name>
         <load_address>0xf60</load_address>
         <run_address>0xf60</run_address>
         <size>0x27</size>
         <input_file_ref idref="fl-1c"/>
      </object_component>
      <object_component id="oc-a3">
         <name>.debug_abbrev</name>
         <load_address>0xf87</load_address>
         <run_address>0xf87</run_address>
         <size>0xa4</size>
         <input_file_ref idref="fl-1c"/>
      </object_component>
      <object_component id="oc-ae">
         <name>.debug_abbrev</name>
         <load_address>0x102b</load_address>
         <run_address>0x102b</run_address>
         <size>0x6f</size>
         <input_file_ref idref="fl-1c"/>
      </object_component>
      <object_component id="oc-132">
         <name>.debug_abbrev</name>
         <load_address>0x109a</load_address>
         <run_address>0x109a</run_address>
         <size>0x5c</size>
         <input_file_ref idref="fl-1c"/>
      </object_component>
      <object_component id="oc-143">
         <name>.debug_abbrev</name>
         <load_address>0x10f6</load_address>
         <run_address>0x10f6</run_address>
         <size>0x6c</size>
         <input_file_ref idref="fl-1d"/>
      </object_component>
      <object_component id="oc-d5">
         <name>.debug_abbrev</name>
         <load_address>0x1162</load_address>
         <run_address>0x1162</run_address>
         <size>0x103</size>
         <input_file_ref idref="fl-1d"/>
      </object_component>
      <object_component id="oc-153">
         <name>.debug_abbrev</name>
         <load_address>0x1265</load_address>
         <run_address>0x1265</run_address>
         <size>0x9a</size>
         <input_file_ref idref="fl-143"/>
      </object_component>
      <object_component id="oc-ea">
         <name>.debug_abbrev</name>
         <load_address>0x12ff</load_address>
         <run_address>0x12ff</run_address>
         <size>0x7e</size>
         <input_file_ref idref="fl-143"/>
      </object_component>
      <object_component id="oc-b9">
         <name>.debug_abbrev</name>
         <load_address>0x137d</load_address>
         <run_address>0x137d</run_address>
         <size>0x1f</size>
         <input_file_ref idref="fl-143"/>
      </object_component>
      <object_component id="oc-157">
         <name>.debug_abbrev</name>
         <load_address>0x139c</load_address>
         <run_address>0x139c</run_address>
         <size>0x24</size>
         <input_file_ref idref="fl-143"/>
      </object_component>
      <object_component id="oc-15c">
         <name>.debug_abbrev</name>
         <load_address>0x13c0</load_address>
         <run_address>0x13c0</run_address>
         <size>0x4b</size>
         <input_file_ref idref="fl-143"/>
      </object_component>
      <object_component id="oc-b5">
         <name>.debug_abbrev</name>
         <load_address>0x140b</load_address>
         <run_address>0x140b</run_address>
         <size>0x52</size>
         <input_file_ref idref="fl-144"/>
      </object_component>
      <object_component id="oc-49">
         <name>.debug_abbrev</name>
         <load_address>0x145d</load_address>
         <run_address>0x145d</run_address>
         <size>0x74</size>
         <input_file_ref idref="fl-144"/>
      </object_component>
      <object_component id="oc-4c">
         <name>.debug_abbrev</name>
         <load_address>0x14d1</load_address>
         <run_address>0x14d1</run_address>
         <size>0x24</size>
         <input_file_ref idref="fl-144"/>
      </object_component>
      <object_component id="oc-b2">
         <name>.debug_abbrev</name>
         <load_address>0x14f5</load_address>
         <run_address>0x14f5</run_address>
         <size>0x24</size>
         <input_file_ref idref="fl-144"/>
      </object_component>
      <object_component id="oc-bd">
         <name>.debug_abbrev</name>
         <load_address>0x1519</load_address>
         <run_address>0x1519</run_address>
         <size>0x52</size>
         <input_file_ref idref="fl-145"/>
      </object_component>
      <object_component id="oc-bc">
         <name>.debug_abbrev</name>
         <load_address>0x156b</load_address>
         <run_address>0x156b</run_address>
         <size>0x7b</size>
         <input_file_ref idref="fl-145"/>
      </object_component>
      <object_component id="oc-56">
         <name>.debug_abbrev</name>
         <load_address>0x15e6</load_address>
         <run_address>0x15e6</run_address>
         <size>0x66</size>
         <input_file_ref idref="fl-145"/>
      </object_component>
      <object_component id="oc-5a">
         <name>.debug_abbrev</name>
         <load_address>0x164c</load_address>
         <run_address>0x164c</run_address>
         <size>0x24</size>
         <input_file_ref idref="fl-145"/>
      </object_component>
      <object_component id="oc-c1">
         <name>.debug_abbrev</name>
         <load_address>0x1670</load_address>
         <run_address>0x1670</run_address>
         <size>0x24</size>
         <input_file_ref idref="fl-145"/>
      </object_component>
      <object_component id="oc-17f">
         <name>.debug_abbrev</name>
         <load_address>0x1694</load_address>
         <run_address>0x1694</run_address>
         <size>0x9c</size>
         <input_file_ref idref="fl-147"/>
      </object_component>
      <object_component id="oc-151">
         <name>.debug_abbrev</name>
         <load_address>0x1730</load_address>
         <run_address>0x1730</run_address>
         <size>0x8c</size>
         <input_file_ref idref="fl-147"/>
      </object_component>
      <object_component id="oc-183">
         <name>.debug_abbrev</name>
         <load_address>0x17bc</load_address>
         <run_address>0x17bc</run_address>
         <size>0x24</size>
         <input_file_ref idref="fl-147"/>
      </object_component>
      <object_component id="oc-178">
         <name>.debug_abbrev</name>
         <load_address>0x17e0</load_address>
         <run_address>0x17e0</run_address>
         <size>0x6b</size>
         <input_file_ref idref="fl-148"/>
      </object_component>
      <object_component id="oc-176">
         <name>.debug_abbrev</name>
         <load_address>0x184b</load_address>
         <run_address>0x184b</run_address>
         <size>0x29</size>
         <input_file_ref idref="fl-148"/>
      </object_component>
      <object_component id="oc-fe">
         <name>.debug_abbrev</name>
         <load_address>0x1874</load_address>
         <run_address>0x1874</run_address>
         <size>0xba</size>
         <input_file_ref idref="fl-148"/>
      </object_component>
      <object_component id="oc-af">
         <name>.debug_abbrev</name>
         <load_address>0x192e</load_address>
         <run_address>0x192e</run_address>
         <size>0x4c</size>
         <input_file_ref idref="fl-149"/>
      </object_component>
      <object_component id="oc-c4">
         <name>.debug_abbrev</name>
         <load_address>0x197a</load_address>
         <run_address>0x197a</run_address>
         <size>0x51</size>
         <input_file_ref idref="fl-14a"/>
      </object_component>
      <object_component id="oc-194">
         <name>.debug_abbrev</name>
         <load_address>0x19cb</load_address>
         <run_address>0x19cb</run_address>
         <size>0x45</size>
         <input_file_ref idref="fl-14b"/>
      </object_component>
      <object_component id="oc-172">
         <name>.debug_abbrev</name>
         <load_address>0x1a10</load_address>
         <run_address>0x1a10</run_address>
         <size>0x29</size>
         <input_file_ref idref="fl-14b"/>
      </object_component>
      <object_component id="oc-193">
         <name>.debug_abbrev</name>
         <load_address>0x1a39</load_address>
         <run_address>0x1a39</run_address>
         <size>0x6f</size>
         <input_file_ref idref="fl-14b"/>
      </object_component>
      <object_component id="oc-1c2">
         <name>.debug_abbrev</name>
         <load_address>0x1aa8</load_address>
         <run_address>0x1aa8</run_address>
         <size>0xf</size>
      </object_component>
      <object_component id="oc-9d">
         <name>.debug_str</name>
         <load_address>0x0</load_address>
         <run_address>0x0</run_address>
         <size>0x1b8</size>
         <input_file_ref idref="fl-2"/>
      </object_component>
      <object_component id="oc-f7">
         <name>.debug_str</name>
         <load_address>0x1b8</load_address>
         <run_address>0x1b8</run_address>
         <size>0xf5</size>
         <input_file_ref idref="fl-2"/>
      </object_component>
      <object_component id="oc-105">
         <name>.debug_str</name>
         <load_address>0x2ad</load_address>
         <run_address>0x2ad</run_address>
         <size>0x21a</size>
         <input_file_ref idref="fl-2"/>
      </object_component>
      <object_component id="oc-ad">
         <name>.debug_str</name>
         <load_address>0x4c7</load_address>
         <run_address>0x4c7</run_address>
         <size>0x166</size>
         <input_file_ref idref="fl-2"/>
      </object_component>
      <object_component id="oc-11b">
         <name>.debug_str</name>
         <load_address>0x62d</load_address>
         <run_address>0x62d</run_address>
         <size>0x17a</size>
         <input_file_ref idref="fl-2"/>
      </object_component>
      <object_component id="oc-125">
         <name>.debug_str</name>
         <load_address>0x7a7</load_address>
         <run_address>0x7a7</run_address>
         <size>0x18a</size>
         <input_file_ref idref="fl-2"/>
      </object_component>
      <object_component id="oc-192">
         <name>.debug_str</name>
         <load_address>0x931</load_address>
         <run_address>0x931</run_address>
         <size>0xd0</size>
         <input_file_ref idref="fl-7"/>
      </object_component>
      <object_component id="oc-da">
         <name>.debug_str</name>
         <load_address>0xa01</load_address>
         <run_address>0xa01</run_address>
         <size>0x47c</size>
         <input_file_ref idref="fl-c"/>
      </object_component>
      <object_component id="oc-a8">
         <name>.debug_str</name>
         <load_address>0xe7d</load_address>
         <run_address>0xe7d</run_address>
         <size>0x23c</size>
         <input_file_ref idref="fl-c"/>
      </object_component>
      <object_component id="oc-10c">
         <name>.debug_str</name>
         <load_address>0x10b9</load_address>
         <run_address>0x10b9</run_address>
         <size>0x156</size>
         <input_file_ref idref="fl-c"/>
      </object_component>
      <object_component id="oc-141">
         <name>.debug_str</name>
         <load_address>0x120f</load_address>
         <run_address>0x120f</run_address>
         <size>0x175</size>
         <input_file_ref idref="fl-c"/>
      </object_component>
      <object_component id="oc-111">
         <name>.debug_str</name>
         <load_address>0x1384</load_address>
         <run_address>0x1384</run_address>
         <size>0x1a6</size>
         <input_file_ref idref="fl-c"/>
      </object_component>
      <object_component id="oc-116">
         <name>.debug_str</name>
         <load_address>0x152a</load_address>
         <run_address>0x152a</run_address>
         <size>0x2c7</size>
         <input_file_ref idref="fl-c"/>
      </object_component>
      <object_component id="oc-120">
         <name>.debug_str</name>
         <load_address>0x17f1</load_address>
         <run_address>0x17f1</run_address>
         <size>0x19d</size>
         <input_file_ref idref="fl-c"/>
      </object_component>
      <object_component id="oc-12a">
         <name>.debug_str</name>
         <load_address>0x198e</load_address>
         <run_address>0x198e</run_address>
         <size>0x377</size>
         <input_file_ref idref="fl-c"/>
      </object_component>
      <object_component id="oc-12f">
         <name>.debug_str</name>
         <load_address>0x1d05</load_address>
         <run_address>0x1d05</run_address>
         <size>0x27b</size>
         <input_file_ref idref="fl-c"/>
      </object_component>
      <object_component id="oc-e1">
         <name>.debug_str</name>
         <load_address>0x1f80</load_address>
         <run_address>0x1f80</run_address>
         <size>0x206</size>
         <input_file_ref idref="fl-e"/>
      </object_component>
      <object_component id="oc-13c">
         <name>.debug_str</name>
         <load_address>0x2186</load_address>
         <run_address>0x2186</run_address>
         <size>0x4e1</size>
         <input_file_ref idref="fl-11"/>
      </object_component>
      <object_component id="oc-ce">
         <name>.debug_str</name>
         <load_address>0x2667</load_address>
         <run_address>0x2667</run_address>
         <size>0x79c</size>
         <input_file_ref idref="fl-11"/>
      </object_component>
      <object_component id="oc-14e">
         <name>.debug_str</name>
         <load_address>0x2e03</load_address>
         <run_address>0x2e03</run_address>
         <size>0x1cc</size>
         <input_file_ref idref="fl-12"/>
      </object_component>
      <object_component id="oc-149">
         <name>.debug_str</name>
         <load_address>0x2fcf</load_address>
         <run_address>0x2fcf</run_address>
         <size>0x307</size>
         <input_file_ref idref="fl-17"/>
      </object_component>
      <object_component id="oc-134">
         <name>.debug_str</name>
         <load_address>0x32d6</load_address>
         <run_address>0x32d6</run_address>
         <size>0xd6</size>
         <input_file_ref idref="fl-1c"/>
      </object_component>
      <object_component id="oc-bb">
         <name>.debug_str</name>
         <load_address>0x33ac</load_address>
         <run_address>0x33ac</run_address>
         <size>0xf5</size>
         <input_file_ref idref="fl-143"/>
      </object_component>
      <object_component id="oc-159">
         <name>.debug_str</name>
         <load_address>0x34a1</load_address>
         <run_address>0x34a1</run_address>
         <size>0xab</size>
         <input_file_ref idref="fl-143"/>
      </object_component>
      <object_component id="oc-15e">
         <name>.debug_str</name>
         <load_address>0x354c</load_address>
         <run_address>0x354c</run_address>
         <size>0x11d</size>
         <input_file_ref idref="fl-143"/>
      </object_component>
      <object_component id="oc-4e">
         <name>.debug_str</name>
         <load_address>0x3669</load_address>
         <run_address>0x3669</run_address>
         <size>0xc9</size>
         <input_file_ref idref="fl-144"/>
      </object_component>
      <object_component id="oc-b4">
         <name>.debug_str</name>
         <load_address>0x3732</load_address>
         <run_address>0x3732</run_address>
         <size>0xc6</size>
         <input_file_ref idref="fl-144"/>
      </object_component>
      <object_component id="oc-5c">
         <name>.debug_str</name>
         <load_address>0x37f8</load_address>
         <run_address>0x37f8</run_address>
         <size>0xbb</size>
         <input_file_ref idref="fl-145"/>
      </object_component>
      <object_component id="oc-c3">
         <name>.debug_str</name>
         <load_address>0x38b3</load_address>
         <run_address>0x38b3</run_address>
         <size>0xc6</size>
         <input_file_ref idref="fl-145"/>
      </object_component>
      <object_component id="oc-185">
         <name>.debug_str</name>
         <load_address>0x3979</load_address>
         <run_address>0x3979</run_address>
         <size>0xa0</size>
         <input_file_ref idref="fl-147"/>
      </object_component>
      <object_component id="oc-9a">
         <name>.debug_pubtypes</name>
         <load_address>0x0</load_address>
         <run_address>0x0</run_address>
         <size>0xc6</size>
         <input_file_ref idref="fl-2"/>
      </object_component>
      <object_component id="oc-f4">
         <name>.debug_pubtypes</name>
         <load_address>0xc6</load_address>
         <run_address>0xc6</run_address>
         <size>0xff</size>
         <input_file_ref idref="fl-2"/>
      </object_component>
[...]
         <object_component_ref idref="oc-7a"/>
      </symbol>
      <symbol id="sm-15a">
         <name>esmDisableErrorUpper</name>
         <value>0x1e88</value>
         <object_component_ref idref="oc-7a"/>
      </symbol>
      <symbol id="sm-15b">
         <name>esmClearStatusUpper</name>
         <value>0x205c</value>
         <object_component_ref idref="oc-7a"/>
      </symbol>
      <symbol id="sm-15c">
         <name>esmEnableInterruptUpper</name>
         <value>0x1ef0</value>
         <object_component_ref idref="oc-7a"/>
      </symbol>
      <symbol id="sm-15d">
         <name>esmInit</name>
         <value>0x1c9c</value>
         <object_component_ref idref="oc-7a"/>
      </symbol>
      <symbol id="sm-15e">
         <name>esmGetStatus</name>
         <value>0x20c0</value>
         <object_component_ref idref="oc-7a"/>
      </symbol>
      <symbol id="sm-15f">
         <name>esmSelfTestStatus</name>
         <value>0x224c</value>
         <object_component_ref idref="oc-7a"/>
      </symbol>
      <symbol id="sm-160">
         <name>esmGetStatusBuffer</name>
         <value>0x219c</value>
         <object_component_ref idref="oc-7a"/>
      </symbol>
      <symbol id="sm-161">
         <name>esmDisableInterruptUpper</name>
         <value>0x1f38</value>
         <object_component_ref idref="oc-7a"/>
      </symbol>
      <symbol id="sm-162">
         <name>esmDisableError</name>
         <value>0x1e5c</value>
         <object_component_ref idref="oc-7a"/>
      </symbol>
      <symbol id="sm-163">
         <name>esmEnterSelfTest</name>
         <value>0x21c4</value>
         <object_component_ref idref="oc-7a"/>
      </symbol>
      <symbol id="sm-164">
         <name>esmError</name>
         <value>0x1df8</value>
         <object_component_ref idref="oc-7a"/>
      </symbol>
      <symbol id="sm-165">
         <name>esmSetCounterPreloadValue</name>
         <value>0x20a0</value>
         <object_component_ref idref="oc-7a"/>
      </symbol>
      <symbol id="sm-166">
         <name>esmSetInterruptLevel</name>
         <value>0x1f54</value>
         <object_component_ref idref="oc-7a"/>
      </symbol>
      <symbol id="sm-167">
         <name>esmHighInterrupt</name>
         <value>0x357c</value>
         <object_component_ref idref="oc-24"/>
      </symbol>
      <symbol id="sm-168">
         <name>esmGetStatusUpper</name>
         <value>0x214c</value>
         <object_component_ref idref="oc-7a"/>
      </symbol>
      <symbol id="sm-169">
         <name>esmClearStatusBuffer</name>
         <value>0x2084</value>
         <object_component_ref idref="oc-7a"/>
      </symbol>
      <symbol id="sm-16a">
         <name>esmSetInterruptLevelUpper</name>
         <value>0x1fd0</value>
         <object_component_ref idref="oc-7a"/>
      </symbol>
      <symbol id="sm-16b">
         <name>esmEnableInterrupt</name>
         <value>0x1ec4</value>
         <object_component_ref idref="oc-7a"/>
      </symbol>
      <symbol id="sm-16c">
         <name>esmActivateNormalOperation</name>
         <value>0x1eb4</value>
         <object_component_ref idref="oc-7a"/>
      </symbol>
      <symbol id="sm-16d">
         <name>esmEnableError</name>
         <value>0x1e14</value>
         <object_component_ref idref="oc-7a"/>
      </symbol>
      <symbol id="sm-16e">
         <name>esmTriggerErrorPinReset</name>
         <value>0x1ea4</value>
         <object_component_ref idref="oc-7a"/>
      </symbol>
      <symbol id="sm-16f">
         <name>esmDisableInterrupt</name>
         <value>0x1f0c</value>
         <object_component_ref idref="oc-7a"/>
      </symbol>
      <symbol id="sm-170">
         <name>esmGetConfigValue</name>
         <value>0x229c</value>
         <object_component_ref idref="oc-7a"/>
      </symbol>
      <symbol id="sm-190">
         <name>epcFIFOFullNotification</name>
         <value>0x3da0</value>
         <object_component_ref idref="oc-6e"/>
      </symbol>
      <symbol id="sm-191">
         <name>esmGroup2Notification</name>
         <value>0x3d50</value>
         <object_component_ref idref="oc-6e"/>
      </symbol>
      <symbol id="sm-192">
         <name>epcCAMFullNotification</name>
         <value>0x3d9c</value>
         <object_component_ref idref="oc-6e"/>
      </symbol>
      <symbol id="sm-193">
         <name>esmGroup1Notification</name>
         <value>0x3d3c</value>
         <object_component_ref idref="oc-6e"/>
      </symbol>
      <symbol id="sm-194">
         <name>esmGroup3Notification</name>
         <value>0x3d64</value>
         <object_component_ref idref="oc-6e"/>
      </symbol>
      <symbol id="sm-195">
         <name>dmaGroupANotification</name>
         <value>0x3d74</value>
         <object_component_ref idref="oc-6e"/>
      </symbol>
      <symbol id="sm-196">
         <name>gioNotification</name>
         <value>0x3d88</value>
         <object_component_ref idref="oc-6e"/>
      </symbol>
      <symbol id="sm-204">
         <name>muxInit</name>
         <value>0x20</value>
         <object_component_ref idref="oc-cf"/>
      </symbol>
      <symbol id="sm-230">
         <name>_iCacheInvalidate_</name>
         <value>0x2cf8</value>
         <object_component_ref idref="oc-69"/>
      </symbol>
      <symbol id="sm-231">
         <name>_disable_IRQ_interrupt_</name>
         <value>0x2b8c</value>
         <object_component_ref idref="oc-69"/>
      </symbol>
      <symbol id="sm-232">
         <name>_coreGetInstructionFaultAddress_</name>
         <value>0x2b38</value>
         <object_component_ref idref="oc-69"/>
      </symbol>
      <symbol id="sm-233">
         <name>_coreGetDataFault_</name>
         <value>0x2ae4</value>
         <object_component_ref idref="oc-69"/>
      </symbol>
      <symbol id="sm-234">
         <name>_coreDisableEventBusExport_</name>
         <value>0x2ab4</value>
         <object_component_ref idref="oc-69"/>
      </symbol>
      <symbol id="sm-235">
         <name>_coreClearDataFaultAddress_</name>
         <value>0x2b24</value>
         <object_component_ref idref="oc-69"/>
      </symbol>
      <symbol id="sm-236">
         <name>__TI_PINIT_Base</name>
         <value>0x2d14</value>
         <object_component_ref idref="oc-69"/>
      </symbol>
      <symbol id="sm-237">
         <name>_coreInitRegisters_</name>
         <value>0x2904</value>
         <object_component_ref idref="oc-69"/>
      </symbol>
      <symbol id="sm-238">
         <name>_coreClearInstructionFaultAddress_</name>
         <value>0x2b40</value>
         <object_component_ref idref="oc-69"/>
      </symbol>
      <symbol id="sm-239">
         <name>_coreClearDataFault_</name>
         <value>0x2aec</value>
         <object_component_ref idref="oc-69"/>
      </symbol>
      <symbol id="sm-23a">
         <name>_coreGetAuxiliaryDataFault_</name>
         <value>0x2b54</value>
         <object_component_ref idref="oc-69"/>
      </symbol>
      <symbol id="sm-23b">
         <name>_enable_interrupt_</name>
         <value>0x2b9c</value>
         <object_component_ref idref="oc-69"/>
      </symbol>
      <symbol id="sm-23c">
         <name>_coreClearAuxiliaryInstructionFault_</name>
         <value>0x2b78</value>
         <object_component_ref idref="oc-69"/>
      </symbol>
      <symbol id="sm-23d">
         <name>_memInit_</name>
         <value>0x2c2c</value>
         <object_component_ref idref="oc-69"/>
      </symbol>
      <symbol id="sm-23e">
         <name>_dCacheInvalidate_</name>
         <value>0x2cdc</value>
         <object_component_ref idref="oc-69"/>
      </symbol>
      <symbol id="sm-23f">
         <name>_coreGetDataFaultAddress_</name>
         <value>0x2b1c</value>
         <object_component_ref idref="oc-69"/>
      </symbol>
      <symbol id="sm-240">
         <name>_coreClearInstructionFault_</name>
         <value>0x2b08</value>
         <object_component_ref idref="oc-69"/>
      </symbol>
      <symbol id="sm-241">
         <name>_getCPSRValue_</name>
         <value>0x2a5c</value>
         <object_component_ref idref="oc-69"/>
      </symbol>
      <symbol id="sm-242">
         <name>_cacheDisable_</name>
         <value>0x2cb8</value>
         <object_component_ref idref="oc-69"/>
      </symbol>
      <symbol id="sm-243">
         <name>_enable_IRQ_interrupt_</name>
         <value>0x2b94</value>
         <object_component_ref idref="oc-69"/>
      </symbol>
      <symbol id="sm-244">
         <name>__TI_PINIT_Limit</name>
         <value>0x2d18</value>
         <object_component_ref idref="oc-69"/>
      </symbol>
      <symbol id="sm-245">
         <name>_coreGetAuxiliaryInstructionFault_</name>
         <value>0x2b70</value>
         <object_component_ref idref="oc-69"/>
      </symbol>
      <symbol id="sm-246">
         <name>_coreInitStackPointer_</name>
         <value>0x2a10</value>
         <object_component_ref idref="oc-69"/>
      </symbol>
      <symbol id="sm-247">
         <name>_esmCcmErrorsClear_</name>
         <value>0x2ba4</value>
         <object_component_ref idref="oc-69"/>
      </symbol>
      <symbol id="sm-248">
         <name>_gotoCPUIdle_</name>
         <value>0x2a64</value>
         <object_component_ref idref="oc-69"/>
      </symbol>
      <symbol id="sm-249">
         <name>_coreEnableIrqVicOffset_</name>
         <value>0x2acc</value>
         <object_component_ref idref="oc-69"/>
      </symbol>
      <symbol id="sm-24a">
         <name>_coreGetInstructionFault_</name>
         <value>0x2b00</value>
         <object_component_ref idref="oc-69"/>
      </symbol>
      <symbol id="sm-24b">
         <name>_cacheEnable_</name>
         <value>0x2c80</value>
         <object_component_ref idref="oc-69"/>
      </symbol>
      <symbol id="sm-24c">
         <name>_coreEnableVfp_</name>
         <value>0x2a7c</value>
         <object_component_ref idref="oc-69"/>
      </symbol>
      <symbol id="sm-24d">
         <name>_coreClearAuxiliaryDataFault_</name>
         <value>0x2b5c</value>
         <object_component_ref idref="oc-69"/>
      </symbol>
      <symbol id="sm-24e">
         <name>_coreEnableEventBusExport_</name>
         <value>0x2a9c</value>
         <object_component_ref idref="oc-69"/>
      </symbol>
      <symbol id="sm-24f">
         <name>_checkMemInitOn_</name>
         <value>0x2c60</value>
         <object_component_ref idref="oc-69"/>
      </symbol>
      <symbol id="sm-25d">
         <name>resetEntry</name>
         <value>0x0</value>
         <object_component_ref idref="oc-2d"/>
      </symbol>
      <symbol id="sm-278">
         <name>_mpuSetRegionBaseAddress_</name>
         <value>0x3074</value>
         <object_component_ref idref="oc-80"/>
      </symbol>
      <symbol id="sm-279">
         <name>_mpuInit_</name>
         <value>0x2d1c</value>
         <object_component_ref idref="oc-80"/>
      </symbol>
      <symbol id="sm-27a">
         <name>_mpuSetRegionSizeRegister_</name>
         <value>0x30a8</value>
         <object_component_ref idref="oc-80"/>
      </symbol>
      <symbol id="sm-27b">
         <name>_mpuDisableBackgroundRegion_</name>
         <value>0x3034</value>
         <object_component_ref idref="oc-80"/>
      </symbol>
      <symbol id="sm-27c">
         <name>_mpuSetRegionTypeAndPermission_</name>
         <value>0x3084</value>
         <object_component_ref idref="oc-80"/>
      </symbol>
      <symbol id="sm-27d">
         <name>_mpuGetRegionPermission_</name>
         <value>0x309c</value>
         <object_component_ref idref="oc-80"/>
      </symbol>
      <symbol id="sm-27e">
         <name>_mpuEnable_</name>
         <value>0x2fdc</value>
         <object_component_ref idref="oc-80"/>
      </symbol>
      <symbol id="sm-27f">
         <name>_mpuGetNumberOfRegions_</name>
         <value>0x304c</value>
         <object_component_ref idref="oc-80"/>
      </symbol>
      <symbol id="sm-280">
         <name>_mpuAreRegionsSeparate_</name>
         <value>0x3058</value>
         <object_component_ref idref="oc-80"/>
      </symbol>
      <symbol id="sm-281">
         <name>_mpuEnableBackgroundRegion_</name>
         <value>0x301c</value>
         <object_component_ref idref="oc-80"/>
      </symbol>
      <symbol id="sm-282">
         <name>_mpuGetRegionType_</name>
         <value>0x3090</value>
         <object_component_ref idref="oc-80"/>
      </symbol>
      <symbol id="sm-283">
         <name>_mpuDisable_</name>
         <value>0x2ffc</value>
         <object_component_ref idref="oc-80"/>
      </symbol>
      <symbol id="sm-284">
         <name>_mpuGetRegionBaseAddress_</name>
         <value>0x307c</value>
         <object_component_ref idref="oc-80"/>
      </symbol>
      <symbol id="sm-285">
         <name>_mpuSetRegion_</name>
         <value>0x3064</value>
         <object_component_ref idref="oc-80"/>
      </symbol>
      <symbol id="sm-286">
         <name>_mpuGetRegion_</name>
         <value>0x306c</value>
         <object_component_ref idref="oc-80"/>
      </symbol>
      <symbol id="sm-299">
         <name>phantomInterrupt</name>
         <value>0x3e00</value>
         <object_component_ref idref="oc-32"/>
      </symbol>
      <symbol id="sm-2ad">
         <name>_c_int00</name>
         <value>0x38f4</value>
         <object_component_ref idref="oc-1e"/>
      </symbol>
      <symbol id="sm-34f">
         <name>vimChannelMap</name>
         <value>0x1438</value>
         <object_component_ref idref="oc-39"/>
      </symbol>
      <symbol id="sm-350">
         <name>vimInit</name>
         <value>0x1364</value>
         <object_component_ref idref="oc-39"/>
      </symbol>
      <symbol id="sm-351">
         <name>vimEnableInterrupt</name>
         <value>0x14dc</value>
         <object_component_ref idref="oc-39"/>
      </symbol>
      <symbol id="sm-352">
         <name>vimDisableInterrupt</name>
         <value>0x16a4</value>
         <object_component_ref idref="oc-39"/>
      </symbol>
      <symbol id="sm-353">
         <name>vimGetConfigValue</name>
         <value>0x1750</value>
         <object_component_ref idref="oc-39"/>
      </symbol>
      <symbol id="sm-354">
         <name>vimECCErrorHandler</name>
         <value>0x30b0</value>
         <object_component_ref idref="oc-38"/>
      </symbol>
      <symbol id="sm-3a4">
         <name>systemGetConfigValue</name>
         <value>0xe98</value>
         <object_component_ref idref="oc-74"/>
      </symbol>
      <symbol id="sm-3a5">
         <name>trimLPO</name>
         <value>0xa40</value>
         <object_component_ref idref="oc-74"/>
      </symbol>
      <symbol id="sm-3a6">
         <name>systemInit</name>
         <value>0xca8</value>
         <object_component_ref idref="oc-74"/>
      </symbol>
      <symbol id="sm-3a7">
         <name>periphInit</name>
         <value>0xac8</value>
         <object_component_ref idref="oc-74"/>
      </symbol>
      <symbol id="sm-3a8">
         <name>setupFlash</name>
         <value>0xa88</value>
         <object_component_ref idref="oc-74"/>
      </symbol>
      <symbol id="sm-3a9">
         <name>setupPLL</name>
         <value>0x9e0</value>
         <object_component_ref idref="oc-74"/>
      </symbol>
      <symbol id="sm-3aa">
         <name>getResetSource</name>
         <value>0xd4c</value>
         <object_component_ref idref="oc-74"/>
      </symbol>
      <symbol id="sm-3ab">
         <name>mapClocks</name>
         <value>0xb7c</value>
         <object_component_ref idref="oc-74"/>
      </symbol>
      <symbol id="sm-3ac">
         <name>systemPowerDown</name>
         <value>0xd1c</value>
         <object_component_ref idref="oc-74"/>
      </symbol>
      <symbol id="sm-3d6">
         <name>__TI_auto_init</name>
         <value>0x3a60</value>
         <object_component_ref idref="oc-85"/>
      </symbol>
      <symbol id="sm-3ed">
         <name>__TI_decompress_none</name>
         <value>0x3dd4</value>
         <object_component_ref idref="oc-c"/>
      </symbol>
      <symbol id="sm-413">
         <name>__TI_decompress_rle24</name>
         <value>0x3df8</value>
         <object_component_ref idref="oc-12"/>
      </symbol>
      <symbol id="sm-42e">
         <name>copy_in</name>
         <value>0x3c40</value>
         <object_component_ref idref="oc-e4"/>
      </symbol>
      <symbol id="sm-44e">
         <name>C$$EXIT</name>
         <value>0x3cc4</value>
         <object_component_ref idref="oc-91"/>
      </symbol>
      <symbol id="sm-44f">
         <name>abort</name>
         <value>0x3ccc</value>
         <object_component_ref idref="oc-91"/>
      </symbol>
      <symbol id="sm-450">
         <name>exit</name>
         <value>0x3cd8</value>
         <object_component_ref idref="oc-91"/>
      </symbol>
      <symbol id="sm-451">
         <name>__TI_dtors_ptr</name>
         <value>0x800150c</value>
         <object_component_ref idref="oc-fb"/>
      </symbol>
      <symbol id="sm-452">
         <name>__TI_cleanup_ptr</name>
         <value>0x8001508</value>
         <object_component_ref idref="oc-fb"/>
      </symbol>
      <symbol id="sm-46b">
         <name>memcpy</name>
         <value>0x33fc</value>
         <object_component_ref idref="oc-44"/>
      </symbol>
      <symbol id="sm-46c">
         <name>__aeabi_memcpy</name>
         <value>0x33fc</value>
         <object_component_ref idref="oc-44"/>
      </symbol>
      <symbol id="sm-46d">
         <name>__aeabi_memcpy8</name>
         <value>0x33fc</value>
         <object_component_ref idref="oc-44"/>
      </symbol>
      <symbol id="sm-46e">
         <name>__aeabi_memcpy4</name>
         <value>0x33fc</value>
         <object_component_ref idref="oc-44"/>
      </symbol>
      <symbol id="sm-47d">
         <name>__aeabi_memset</name>
         <value>0x39b4</value>
         <object_component_ref idref="oc-5d"/>
      </symbol>
      <symbol id="sm-47e">
         <name>memset</name>
         <value>0x39c0</value>
         <object_component_ref idref="oc-5d"/>
      </symbol>
      <symbol id="sm-47f">
         <name>__aeabi_memset8</name>
         <value>0x39b4</value>
         <object_component_ref idref="oc-5d"/>
      </symbol>
      <symbol id="sm-480">
         <name>__aeabi_memset4</name>
         <value>0x39b4</value>
         <object_component_ref idref="oc-5d"/>
      </symbol>
      <symbol id="sm-481">
         <name>__aeabi_memclr8</name>
         <value>0x39b0</value>
         <object_component_ref idref="oc-5d"/>
      </symbol>
      <symbol id="sm-482">
         <name>__aeabi_memclr4</name>
         <value>0x39b0</value>
         <object_component_ref idref="oc-5d"/>
      </symbol>
      <symbol id="sm-483">
         <name>__aeabi_memclr</name>
         <value>0x39b0</value>
         <object_component_ref idref="oc-5d"/>
      </symbol>
      <symbol id="sm-49d">
         <name>_nop</name>
         <value>0x3dc8</value>
         <object_component_ref idref="oc-16c"/>
      </symbol>
      <symbol id="sm-49e">
         <name>_lock</name>
         <value>0x8001500</value>
         <object_component_ref idref="oc-f8"/>
      </symbol>
      <symbol id="sm-49f">
         <name>_unlock</name>
         <value>0x8001504</value>
         <object_component_ref idref="oc-f8"/>
      </symbol>
      <symbol id="sm-4a0">
         <name>_register_lock</name>
         <value>0x3dbc</value>
         <object_component_ref idref="oc-16c"/>
      </symbol>
      <symbol id="sm-4a1">
         <name>_register_unlock</name>
         <value>0x3db0</value>
         <object_component_ref idref="oc-16c"/>
      </symbol>
      <symbol id="sm-4a2">
         <name>__TI_static_base__</name>
         <value>0x0</value>
      </symbol>
      <symbol id="sm-4a5">
         <name>SHT$$INIT_ARRAY$$Base</name>
         <value>0x0</value>
      </symbol>
      <symbol id="sm-4a6">
         <name>SHT$$INIT_ARRAY$$Limit</name>
         <value>0x0</value>
      </symbol>
   </symbol_table>
   <title>Link successful</title>
</link_info>
