******************************************************************************
                  TI ARM Linker PC v5.2.6                      
******************************************************************************
>> Linked Sat Feb 27 12:23:27 2016

OUTPUT FILE NAME:   <Hercules_N64_RC_CAR.out>
ENTRY POINT SYMBOL: "_c_int00"  address: 000b61c0


MEMORY CONFIGURATION

         name            origin    length      used     unused   attr    fill
----------------------  --------  ---------  --------  --------  ----  --------
  VECTORS               00000000   00000020  00000020  00000000     X
  FLASH0                00000020   001fffe0  000b6978  00149668  R  X
  FLASH1                00200000   00200000  00000000  00200000  R  X
  STACKS                08000000   00001500  00000000  00001500  RW  
  RAM                   08001500   0007eb00  00000fa7  0007db59  RW  


SEGMENT ALLOCATION MAP

run origin  load origin   length   init length attrs members
----------  ----------- ---------- ----------- ----- -------
00000000    00000000    000b6998   000b6998    r-x
  00000000    00000000    00000020   00000020    r-x .intvecs
  00000020    00000020    000b01f8   000b01f8    r-- .const
  000b0218    000b0218    00006700   00006700    r-x .text
  000b6918    000b6918    00000080   00000080    r-- .cinit
08001500    08001500    00000fa8   00000000    rw-
  08001500    08001500    00000f0f   00000000    rw- .bss
  08002410    08002410    00000098   00000000    rw- .data


SECTION ALLOCATION MAP

 output                                  attributes/
section   page    origin      length       input sections
--------  ----  ----------  ----------   ----------------
.intvecs   0    00000000    00000020     
                  00000000    00000020     HL_sys_intvecs.obj (.intvecs)

.const     0    00000020    000b01f8     
                  00000020    0009442c     WAV.obj (.const:.string:Start_WAV)
                  0009444c    0001482c     WAV.obj (.const:.string:Turtle_WAV)
                  000a8c78    0000739e     WAV.obj (.const:.string:Banana_WAV)
                  000b0016    00000002     --HOLE-- [fill = 0]
                  000b0018    00000200     HL_sys_vim.obj (.const:s_vim_init)

.text      0    000b0218    00006700     
                  000b0218    000009c4     HL_pinmux.obj (.text)
                  000b0bdc    00000984     HL_system.obj (.text)
                  000b1560    00000938     HL_sys_vim.obj (.text)
                  000b1e98    00000874     N64.obj (.text)
                  000b270c    000007c4     HL_esm.obj (.text)
                  000b2ed0    0000077c     INTERRUPTS.obj (.text:retain)
                  000b364c    00000750     WAV.obj (.text)
                  000b3d9c    000004fc     SPI.obj (.text)
                  000b4298    00000418     HL_sys_core.obj (.text)
                  000b46b0    00000394     HL_sys_mpu.obj (.text)
                  000b4a44    00000378     TIMERS.obj (.text)
                  000b4dbc    00000360     main.obj (.text)
                  000b511c    0000034c     HL_sys_vim.obj (.text:retain)
                  000b5468    00000318     MISC.obj (.text)
                  000b5780    00000208     USER.obj (.text)
                  000b5988    000001f8     POT.obj (.text)
                  000b5b80    00000180     rtsv7R4_A_be_v3D16_eabi.lib : memcpy32.obj (.text)
                  000b5d00    00000178     HL_esm.obj (.text:retain)
                  000b5e78    00000148     LED.obj (.text)
                  000b5fc0    00000114     ECAP.obj (.text)
                  000b60d4    000000ec     TEST.obj (.text)
                  000b61c0    000000bc     HL_sys_startup.obj (.text:retain)
                  000b627c    000000b0     rtsv7R4_A_be_v3D16_eabi.lib : memset32.obj (.text)
                  000b632c    000000a8     DAC.obj (.text)
                  000b63d4    000000a4     rtsv7R4_A_be_v3D16_eabi.lib : autoinit.obj (.text)
                  000b6478    0000009c     AUDIO.obj (.text)
                  000b6514    0000009c     rtsv7R4_A_be_v3D16_eabi.lib : copy_decompress_rle.obj (.text)
                  000b65b0    00000084                                 : cpy_tbl.obj (.text)
                  000b6634    00000078                                 : exit.obj (.text)
                  000b66ac    00000074     HL_notification.obj (.text)
                  000b6720    00000050     rtsv7R4_A_be_v3D16_eabi.lib : u_div32.obj (.text)
                  000b6770    00000044     INTERRUPTS.obj (.text:TMR_N2HET1_ON)
                  000b67b4    00000044     INTERRUPTS.obj (.text:TMR_N2HET2_ON)
                  000b67f8    00000024     rtsv7R4_A_be_v3D16_eabi.lib : _lock.obj (.text)
                  000b681c    00000020     INTERRUPTS.obj (.text:TMR_N2HET1_InterruptDisable)
                  000b683c    00000020     INTERRUPTS.obj (.text:TMR_N2HET1_InterruptEnable)
                  000b685c    00000020     INTERRUPTS.obj (.text:TMR_N2HET2_InterruptDisable)
                  000b687c    00000020     INTERRUPTS.obj (.text:TMR_N2HET2_InterruptEnable)
                  000b689c    00000014     INTERRUPTS.obj (.text:TMR_ClearTimerFlag2)
                  000b68b0    00000014     INTERRUPTS.obj (.text:TMR_SetTimerFlag2)
                  000b68c4    00000014     rtsv7R4_A_be_v3D16_eabi.lib : copy_decompress_none.obj (.text:decompress:none)
                  000b68d8    00000010     INTERRUPTS.obj (.text:TMR_GetTimerFlag2)
                  000b68e8    00000010     INTERRUPTS.obj (.text:TMR_N2HET2_GetInterrupt)
                  000b68f8    00000010     rtsv7R4_A_be_v3D16_eabi.lib : copy_zero_init.obj (.text:decompress:ZI)
                  000b6908    00000008                                 : copy_decompress_rle.obj (.text:decompress:rle24)
                  000b6910    00000004     HL_sys_phantom.obj (.text:retain)
                  000b6914    00000004     rtsv7R4_A_be_v3D16_eabi.lib : i_div0.obj (.text)

.cinit     0    000b6918    00000080     
                  000b6918    00000055     (.cinit..data.load) [load image, compression = rle]
                  000b696d    00000003     --HOLE-- [fill = 0]
                  000b6970    0000000c     (__TI_handler_table)
                  000b697c    00000004     --HOLE-- [fill = 0]
                  000b6980    00000008     (.cinit..bss.load) [load image, compression = zero_init]
                  000b6988    00000010     (__TI_cinit_table)

.bss       0    08001500    00000f0f     UNINITIALIZED
                  08001500    00000bb8     SPI.obj (.bss:SPI_TX_Buffer)
                  080020b8    00000170     N64.obj (.bss:N64_TimingInputBuffer)
                  08002228    00000148     N64.obj (.bss:N64_TimingRaw)
                  08002370    0000002c     N64.obj (.bss:N64_Code)
                  0800239c    0000002b     WAV.obj (.bss:CurrentWAVFile)
                  080023c7    00000024     N64.obj (.bss:N64_Buffer_Code)
                  080023eb    00000010     (.common:N64_New)
                  080023fb    00000010     (.common:N64_Old)
                  0800240b    00000004     (.common:WAV_PlayingQueue)

.TI.noinit 
*          0    08001500    00000000     UNINITIALIZED

.data      0    08002410    00000098     UNINITIALIZED
                  08002410    00000030     TIMERS.obj (.data:Timer2Program)
                  08002440    00000028     TIMERS.obj (.data)
                  08002468    00000014     SYSTEM.obj (.data)
                  0800247c    0000000c     N64.obj (.data)
                  08002488    00000008     SPI.obj (.data)
                  08002490    00000008     rtsv7R4_A_be_v3D16_eabi.lib : _lock.obj (.data)
                  08002498    00000008                                 : exit.obj (.data)
                  080024a0    00000003     WAV.obj (.data)
                  080024a3    00000001     AUDIO.obj (.data)
                  080024a4    00000002     INTERRUPTS.obj (.data)
                  080024a6    00000002     POT.obj (.data)

.TI.persistent 
*          0    08002410    00000000     UNINITIALIZED


LINKER GENERATED COPY TABLES

__TI_cinit_table @ 000b6988 records: 2, size/record: 8, table size: 16
	.data: load addr=000b6918, load size=00000055 bytes, run addr=08002410, run size=00000098 bytes, compression=rle
	.bss: load addr=000b6980, load size=00000008 bytes, run addr=08001500, run size=00000f0f bytes, compression=zero_init


LINKER GENERATED HANDLER TABLE

__TI_handler_table @ 000b6970 records: 3, size/record: 4, table size: 12
	index: 0, handler: __TI_zero_init
	index: 1, handler: __TI_decompress_rle24
	index: 2, handler: __TI_decompress_none


GLOBAL SYMBOLS: SORTED ALPHABETICALLY BY Name 

address   name                                
-------   ----                                
000b64d8  Audio_GetPowerStatus                
000b64e4  Audio_IsDiagnosticFail              
000b6488  Audio_Power                         
000a8c78  Banana_WAV                          
000b6634  C$$EXIT                             
0800239c  CurrentWAVFile                      
000b634c  DAC_SendData                        
000b6090  ECAP_Interrupt                      
08002468  GCLK                                
0800246c  HCLK                                
000b2fbc  ISR_ECAP_N64                        
000b2ed0  ISR_SPI1_INT0                       
000b3138  ISR_Timer1                          
000b3214  ISR_Timer2                          
000b6478  InitAudio                           
000b632c  InitDAC                             
000b5fc0  InitECAP                            
000b5e78  InitLEDs                            
000b4a90  InitN2HET1                          
000b4af0  InitN2HET2                          
000b1e98  InitN64                             
000b5988  InitPOT                             
000b59b4  InitPOTGas                          
000b5998  InitPOTSteering                     
000b3d9c  InitSPI                             
000b3da8  InitSPI1                            
000b60d4  InitTest                            
000b4a44  InitTimers                          
000b364c  InitWAV                             
000b5914  Init_Modules                        
000b5780  Init_Pins                           
000b5f74  LED_BoardGreen                      
000b5f04  LED_Green                           
000b5f3c  LED_Red                             
08002454  MAIN_TimerFlag                      
000b5508  MSC_DelayNOP                        
000b5468  MSC_DelayUS                         
000b55f4  MSC_EndianLong                      
000b5644  MSC_EndianLongArray                 
000b5580  MSC_EndianShort                     
000b55b0  MSC_EndianShortArray                
000b56c4  MSC_ReverseByte                     
000b5550  MSC_Round                           
080023c7  N64_Buffer_Code                     
000b1ed0  N64_BuildCode                       
0800247e  N64_CodeSectionBit                  
08002480  N64_ControllerCount                 
000b2058  N64_DecodeTiming                    
000b25b4  N64_GetButtonState                  
000b2680  N64_GetUpdateFlag                   
000b26a8  N64_IsReceivedFinished              
080023eb  N64_New                             
080023fb  N64_Old                             
000b26b4  N64_ReceivedFinished                
000b259c  N64_SendReset                       
000b268c  N64_SetUpdateFlag                   
08002484  N64_TimingInputBit                  
080020b8  N64_TimingInputBuffer               
000b5b38  POT_ClearGasUpdateFlag              
000b5b0c  POT_ClearSteeringUpdateFlag         
000b5b1c  POT_GetGasUpdateFlag                
000b5af0  POT_GetSteeringUpdateFlag           
000b5a60  POT_SendDataGas                     
000b59d0  POT_SendDataSteering                
000b5b60  POT_SetGas                          
000b5b28  POT_SetGasUpdateFlag                
000b5b48  POT_SetSteering                     
000b5afc  POT_SetSteeringUpdateFlag           
UNDEFED   SHT$$INIT_ARRAY$$Base               
UNDEFED   SHT$$INIT_ARRAY$$Limit              
000b411c  SPI_AddToTXBuffer                   
000b4058  SPI_IsTransmitBufferFull            
000b3e18  SPI_Parameters1                     
000b4018  SPI_ReceiveInterrupt1               
000b40c0  SPI_SendByte                        
000b4078  SPI_SetPins                         
08001500  SPI_TX_Buffer                       
08002488  SPI_TX_Buffer_Add_place             
0800248c  SPI_TX_Buffer_Remove_place          
000b3fd8  SPI_TransmitInterrupt1              
00000020  Start_WAV                           
000b6144  TEST_Set1                           
000b617c  TEST_Set2                           
000b60ec  TEST_Toggle1                        
000b6118  TEST_Toggle2                        
000b4b50  TMR_CalculatePeriod2                
000b689c  TMR_ClearTimerFlag2                 
08002440  TMR_Flag2                           
000b68d8  TMR_GetTimerFlag2                   
000b681c  TMR_N2HET1_InterruptDisable         
000b683c  TMR_N2HET1_InterruptEnable          
000b6770  TMR_N2HET1_ON                       
000b68e8  TMR_N2HET2_GetInterrupt             
000b685c  TMR_N2HET2_InterruptDisable         
000b687c  TMR_N2HET2_InterruptEnable          
000b67b4  TMR_N2HET2_ON                       
000b68b0  TMR_SetTimerFlag2                   
000b4cb4  TMR_SetTimerMicroSeconds1           
000b4be8  TMR_SetTimerPeriod2                 
000b4bb8  TMR_TestTimer2                      
08002444  Timer1Program                       
08002410  Timer2Program                       
0009444c  Turtle_WAV                          
08002470  VCLK1                               
08002474  VCLK2                               
08002478  VCLK3                               
000b373c  WAV_AddToQueue                      
000b36dc  WAV_EraseFromQueue                  
000b36c0  WAV_Finished                        
000b36b4  WAV_IsFinished                      
000b368c  WAV_IsPlaying                       
000b3664  WAV_IsStarted                       
000b38e0  WAV_ParseHeader                     
000b3698  WAV_Playing                         
0800240b  WAV_PlayingQueue                    
000b37f8  WAV_SetupPlayback                   
000b3670  WAV_Started                         
000b6988  __TI_CINIT_Base                     
000b6998  __TI_CINIT_Limit                    
000b6970  __TI_Handler_Table_Base             
000b697c  __TI_Handler_Table_Limit            
000b46a8  __TI_PINIT_Base                     
000b46ac  __TI_PINIT_Limit                    
000b63d4  __TI_auto_init                      
08002498  __TI_cleanup_ptr                    
000b68c4  __TI_decompress_none                
000b6908  __TI_decompress_rle24               
0800249c  __TI_dtors_ptr                      
00000000  __TI_static_base__                  
000b68f8  __TI_zero_init                      
000b6914  __aeabi_idiv0                       
000b627c  __aeabi_memclr                      
000b627c  __aeabi_memclr4                     
000b627c  __aeabi_memclr8                     
000b5b80  __aeabi_memcpy                      
000b5b80  __aeabi_memcpy4                     
000b5b80  __aeabi_memcpy8                     
000b6280  __aeabi_memset                      
000b6280  __aeabi_memset4                     
000b6280  __aeabi_memset8                     
000b6720  __aeabi_uidiv                       
000b6720  __aeabi_uidivmod                    
ffffffff  __binit__                           
ffffffff  __c_args__                          
000b61c0  _c_int00                            
000b464c  _cacheDisable_                      
000b4614  _cacheEnable_                       
000b45f4  _checkMemInitOn_                    
000b44f0  _coreClearAuxiliaryDataFault_       
000b450c  _coreClearAuxiliaryInstructionFault_
000b44b8  _coreClearDataFaultAddress_         
000b4480  _coreClearDataFault_                
000b44d4  _coreClearInstructionFaultAddress_  
000b449c  _coreClearInstructionFault_         
000b4448  _coreDisableEventBusExport_         
000b4430  _coreEnableEventBusExport_          
000b4460  _coreEnableIrqVicOffset_            
000b4410  _coreEnableVfp_                     
000b44e8  _coreGetAuxiliaryDataFault_         
000b4504  _coreGetAuxiliaryInstructionFault_  
000b44b0  _coreGetDataFaultAddress_           
000b4478  _coreGetDataFault_                  
000b44cc  _coreGetInstructionFaultAddress_    
000b4494  _coreGetInstructionFault_           
000b4298  _coreInitRegisters_                 
000b43a4  _coreInitStackPointer_              
000b4670  _dCacheInvalidate_                  
000b4520  _disable_IRQ_interrupt_             
000b4528  _enable_IRQ_interrupt_              
000b4530  _enable_interrupt_                  
000b4538  _esmCcmErrorsClear_                 
000b43f0  _getCPSRValue_                      
000b43f8  _gotoCPUIdle_                       
000b468c  _iCacheInvalidate_                  
08002490  _lock                               
000b45c0  _memInit_                           
000b49ec  _mpuAreRegionsSeparate_             
000b49c8  _mpuDisableBackgroundRegion_        
000b4990  _mpuDisable_                        
000b49b0  _mpuEnableBackgroundRegion_         
000b4970  _mpuEnable_                         
000b49e0  _mpuGetNumberOfRegions_             
000b4a10  _mpuGetRegionBaseAddress_           
000b4a30  _mpuGetRegionPermission_            
000b4a24  _mpuGetRegionType_                  
000b4a00  _mpuGetRegion_                      
000b46b0  _mpuInit_                           
000b4a08  _mpuSetRegionBaseAddress_           
000b4a3c  _mpuSetRegionSizeRegister_          
000b4a18  _mpuSetRegionTypeAndPermission_     
000b49f8  _mpuSetRegion_                      
000b6810  _nop                                
000b6804  _register_lock                      
000b67f8  _register_unlock                    
08002494  _unlock                             
000b663c  abort                               
ffffffff  binit                               
000b65b0  copy_in                             
000b66e4  dmaGroupANotification               
000b670c  epcCAMFullNotification              
000b6710  epcFIFOFullNotification             
000b2924  esmActivateNormalOperation          
000b2a80  esmClearStatus                      
000b2af4  esmClearStatusBuffer                
000b2acc  esmClearStatusUpper                 
000b28cc  esmDisableError                     
000b28f8  esmDisableErrorUpper                
000b297c  esmDisableInterrupt                 
000b29a8  esmDisableInterruptUpper            
000b2884  esmEnableError                      
000b28b0  esmEnableErrorUpper                 
000b2934  esmEnableInterrupt                  
000b2960  esmEnableInterruptUpper             
000b2c34  esmEnterSelfTest                    
000b2868  esmError                            
000b2d0c  esmGetConfigValue                   
000b2b30  esmGetStatus                        
000b2c0c  esmGetStatusBuffer                  
000b2bbc  esmGetStatusUpper                   
000b66ac  esmGroup1Notification               
000b66c0  esmGroup2Notification               
000b66d4  esmGroup3Notification               
000b5d00  esmHighInterrupt                    
000b270c  esmInit                             
000b2cbc  esmSelfTestStatus                   
000b2b10  esmSetCounterPreloadValue           
000b29c4  esmSetInterruptLevel                
000b2a40  esmSetInterruptLevelUpper           
000b2914  esmTriggerErrorPinReset             
000b6648  exit                                
000b0f48  getResetSource                      
000b66f8  gioNotification                     
000b4dbc  main                                
000b0d78  mapClocks                           
000b5b80  memcpy                              
000b628c  memset                              
000b0218  muxInit                             
000b0cc4  periphInit                          
000b6910  phantomInterrupt                    
00000000  resetEntry                          
000b0c84  setupFlash                          
000b0bdc  setupPLL                            
000b1094  systemGetConfigValue                
000b0ea4  systemInit                          
000b0f18  systemPowerDown                     
000b0c3c  trimLPO                             
000b1634  vimChannelMap                       
000b18a0  vimDisableInterrupt                 
000b511c  vimECCErrorHandler                  
000b16d8  vimEnableInterrupt                  
000b194c  vimGetConfigValue                   
000b1560  vimInit                             


GLOBAL SYMBOLS: SORTED BY Symbol Address 

address   name                                
-------   ----                                
00000000  __TI_static_base__                  
00000000  resetEntry                          
00000020  Start_WAV                           
0009444c  Turtle_WAV                          
000a8c78  Banana_WAV                          
000b0218  muxInit                             
000b0bdc  setupPLL                            
000b0c3c  trimLPO                             
000b0c84  setupFlash                          
000b0cc4  periphInit                          
000b0d78  mapClocks                           
000b0ea4  systemInit                          
000b0f18  systemPowerDown                     
000b0f48  getResetSource                      
000b1094  systemGetConfigValue                
000b1560  vimInit                             
000b1634  vimChannelMap                       
000b16d8  vimEnableInterrupt                  
000b18a0  vimDisableInterrupt                 
000b194c  vimGetConfigValue                   
000b1e98  InitN64                             
000b1ed0  N64_BuildCode                       
000b2058  N64_DecodeTiming                    
000b259c  N64_SendReset                       
000b25b4  N64_GetButtonState                  
000b2680  N64_GetUpdateFlag                   
000b268c  N64_SetUpdateFlag                   
000b26a8  N64_IsReceivedFinished              
000b26b4  N64_ReceivedFinished                
000b270c  esmInit                             
000b2868  esmError                            
000b2884  esmEnableError                      
000b28b0  esmEnableErrorUpper                 
000b28cc  esmDisableError                     
000b28f8  esmDisableErrorUpper                
000b2914  esmTriggerErrorPinReset             
000b2924  esmActivateNormalOperation          
000b2934  esmEnableInterrupt                  
000b2960  esmEnableInterruptUpper             
000b297c  esmDisableInterrupt                 
000b29a8  esmDisableInterruptUpper            
000b29c4  esmSetInterruptLevel                
000b2a40  esmSetInterruptLevelUpper           
000b2a80  esmClearStatus                      
000b2acc  esmClearStatusUpper                 
000b2af4  esmClearStatusBuffer                
000b2b10  esmSetCounterPreloadValue           
000b2b30  esmGetStatus                        
000b2bbc  esmGetStatusUpper                   
000b2c0c  esmGetStatusBuffer                  
000b2c34  esmEnterSelfTest                    
000b2cbc  esmSelfTestStatus                   
000b2d0c  esmGetConfigValue                   
000b2ed0  ISR_SPI1_INT0                       
000b2fbc  ISR_ECAP_N64                        
000b3138  ISR_Timer1                          
000b3214  ISR_Timer2                          
000b364c  InitWAV                             
000b3664  WAV_IsStarted                       
000b3670  WAV_Started                         
000b368c  WAV_IsPlaying                       
000b3698  WAV_Playing                         
000b36b4  WAV_IsFinished                      
000b36c0  WAV_Finished                        
000b36dc  WAV_EraseFromQueue                  
000b373c  WAV_AddToQueue                      
000b37f8  WAV_SetupPlayback                   
000b38e0  WAV_ParseHeader                     
000b3d9c  InitSPI                             
000b3da8  InitSPI1                            
000b3e18  SPI_Parameters1                     
000b3fd8  SPI_TransmitInterrupt1              
000b4018  SPI_ReceiveInterrupt1               
000b4058  SPI_IsTransmitBufferFull            
000b4078  SPI_SetPins                         
000b40c0  SPI_SendByte                        
000b411c  SPI_AddToTXBuffer                   
000b4298  _coreInitRegisters_                 
000b43a4  _coreInitStackPointer_              
000b43f0  _getCPSRValue_                      
000b43f8  _gotoCPUIdle_                       
000b4410  _coreEnableVfp_                     
000b4430  _coreEnableEventBusExport_          
000b4448  _coreDisableEventBusExport_         
000b4460  _coreEnableIrqVicOffset_            
000b4478  _coreGetDataFault_                  
000b4480  _coreClearDataFault_                
000b4494  _coreGetInstructionFault_           
000b449c  _coreClearInstructionFault_         
000b44b0  _coreGetDataFaultAddress_           
000b44b8  _coreClearDataFaultAddress_         
000b44cc  _coreGetInstructionFaultAddress_    
000b44d4  _coreClearInstructionFaultAddress_  
000b44e8  _coreGetAuxiliaryDataFault_         
000b44f0  _coreClearAuxiliaryDataFault_       
000b4504  _coreGetAuxiliaryInstructionFault_  
000b450c  _coreClearAuxiliaryInstructionFault_
000b4520  _disable_IRQ_interrupt_             
000b4528  _enable_IRQ_interrupt_              
000b4530  _enable_interrupt_                  
000b4538  _esmCcmErrorsClear_                 
000b45c0  _memInit_                           
000b45f4  _checkMemInitOn_                    
000b4614  _cacheEnable_                       
000b464c  _cacheDisable_                      
000b4670  _dCacheInvalidate_                  
000b468c  _iCacheInvalidate_                  
000b46a8  __TI_PINIT_Base                     
000b46ac  __TI_PINIT_Limit                    
000b46b0  _mpuInit_                           
000b4970  _mpuEnable_                         
000b4990  _mpuDisable_                        
000b49b0  _mpuEnableBackgroundRegion_         
000b49c8  _mpuDisableBackgroundRegion_        
000b49e0  _mpuGetNumberOfRegions_             
000b49ec  _mpuAreRegionsSeparate_             
000b49f8  _mpuSetRegion_                      
000b4a00  _mpuGetRegion_                      
000b4a08  _mpuSetRegionBaseAddress_           
000b4a10  _mpuGetRegionBaseAddress_           
000b4a18  _mpuSetRegionTypeAndPermission_     
000b4a24  _mpuGetRegionType_                  
000b4a30  _mpuGetRegionPermission_            
000b4a3c  _mpuSetRegionSizeRegister_          
000b4a44  InitTimers                          
000b4a90  InitN2HET1                          
000b4af0  InitN2HET2                          
000b4b50  TMR_CalculatePeriod2                
000b4bb8  TMR_TestTimer2                      
000b4be8  TMR_SetTimerPeriod2                 
000b4cb4  TMR_SetTimerMicroSeconds1           
000b4dbc  main                                
000b511c  vimECCErrorHandler                  
000b5468  MSC_DelayUS                         
000b5508  MSC_DelayNOP                        
000b5550  MSC_Round                           
000b5580  MSC_EndianShort                     
000b55b0  MSC_EndianShortArray                
000b55f4  MSC_EndianLong                      
000b5644  MSC_EndianLongArray                 
000b56c4  MSC_ReverseByte                     
000b5780  Init_Pins                           
000b5914  Init_Modules                        
000b5988  InitPOT                             
000b5998  InitPOTSteering                     
000b59b4  InitPOTGas                          
000b59d0  POT_SendDataSteering                
000b5a60  POT_SendDataGas                     
000b5af0  POT_GetSteeringUpdateFlag           
000b5afc  POT_SetSteeringUpdateFlag           
000b5b0c  POT_ClearSteeringUpdateFlag         
000b5b1c  POT_GetGasUpdateFlag                
000b5b28  POT_SetGasUpdateFlag                
000b5b38  POT_ClearGasUpdateFlag              
000b5b48  POT_SetSteering                     
000b5b60  POT_SetGas                          
000b5b80  __aeabi_memcpy                      
000b5b80  __aeabi_memcpy4                     
000b5b80  __aeabi_memcpy8                     
000b5b80  memcpy                              
000b5d00  esmHighInterrupt                    
000b5e78  InitLEDs                            
000b5f04  LED_Green                           
000b5f3c  LED_Red                             
000b5f74  LED_BoardGreen                      
000b5fc0  InitECAP                            
000b6090  ECAP_Interrupt                      
000b60d4  InitTest                            
000b60ec  TEST_Toggle1                        
000b6118  TEST_Toggle2                        
000b6144  TEST_Set1                           
000b617c  TEST_Set2                           
000b61c0  _c_int00                            
000b627c  __aeabi_memclr                      
000b627c  __aeabi_memclr4                     
000b627c  __aeabi_memclr8                     
000b6280  __aeabi_memset                      
000b6280  __aeabi_memset4                     
000b6280  __aeabi_memset8                     
000b628c  memset                              
000b632c  InitDAC                             
000b634c  DAC_SendData                        
000b63d4  __TI_auto_init                      
000b6478  InitAudio                           
000b6488  Audio_Power                         
000b64d8  Audio_GetPowerStatus                
000b64e4  Audio_IsDiagnosticFail              
000b65b0  copy_in                             
000b6634  C$$EXIT                             
000b663c  abort                               
000b6648  exit                                
000b66ac  esmGroup1Notification               
000b66c0  esmGroup2Notification               
000b66d4  esmGroup3Notification               
000b66e4  dmaGroupANotification               
000b66f8  gioNotification                     
000b670c  epcCAMFullNotification              
000b6710  epcFIFOFullNotification             
000b6720  __aeabi_uidiv                       
000b6720  __aeabi_uidivmod                    
000b6770  TMR_N2HET1_ON                       
000b67b4  TMR_N2HET2_ON                       
000b67f8  _register_unlock                    
000b6804  _register_lock                      
000b6810  _nop                                
000b681c  TMR_N2HET1_InterruptDisable         
000b683c  TMR_N2HET1_InterruptEnable          
000b685c  TMR_N2HET2_InterruptDisable         
000b687c  TMR_N2HET2_InterruptEnable          
000b689c  TMR_ClearTimerFlag2                 
000b68b0  TMR_SetTimerFlag2                   
000b68c4  __TI_decompress_none                
000b68d8  TMR_GetTimerFlag2                   
000b68e8  TMR_N2HET2_GetInterrupt             
000b68f8  __TI_zero_init                      
000b6908  __TI_decompress_rle24               
000b6910  phantomInterrupt                    
000b6914  __aeabi_idiv0                       
000b6970  __TI_Handler_Table_Base             
000b697c  __TI_Handler_Table_Limit            
000b6988  __TI_CINIT_Base                     
000b6998  __TI_CINIT_Limit                    
08001500  SPI_TX_Buffer                       
080020b8  N64_TimingInputBuffer               
0800239c  CurrentWAVFile                      
080023c7  N64_Buffer_Code                     
080023eb  N64_New                             
080023fb  N64_Old                             
0800240b  WAV_PlayingQueue                    
08002410  Timer2Program                       
08002440  TMR_Flag2                           
08002444  Timer1Program                       
08002454  MAIN_TimerFlag                      
08002468  GCLK                                
0800246c  HCLK                                
08002470  VCLK1                               
08002474  VCLK2                               
08002478  VCLK3                               
0800247e  N64_CodeSectionBit                  
08002480  N64_ControllerCount                 
08002484  N64_TimingInputBit                  
08002488  SPI_TX_Buffer_Add_place             
0800248c  SPI_TX_Buffer_Remove_place          
08002490  _lock                               
08002494  _unlock                             
08002498  __TI_cleanup_ptr                    
0800249c  __TI_dtors_ptr                      
ffffffff  __binit__                           
ffffffff  __c_args__                          
ffffffff  binit                               
UNDEFED   SHT$$INIT_ARRAY$$Base               
UNDEFED   SHT$$INIT_ARRAY$$Limit              

[252 symbols]
