******************************************************************************
                  TI ARM Linker PC v5.2.6                      
******************************************************************************
>> Linked Fri Feb 19 15:45:22 2016

OUTPUT FILE NAME:   <Hercules_N64_RC_CAR.out>
ENTRY POINT SYMBOL: "_c_int00"  address: 000b4988


MEMORY CONFIGURATION

         name            origin    length      used     unused   attr    fill
----------------------  --------  ---------  --------  --------  ----  --------
  VECTORS               00000000   00000020  00000020  00000000     X
  FLASH0                00000020   001fffe0  000b4d24  0014b2bc  R  X
  FLASH1                00200000   00200000  00000000  00200000  R  X
  STACKS                08000000   00001500  00000000  00001500  RW  
  RAM                   08001500   0007eb00  0000166c  0007d494  RW  


SEGMENT ALLOCATION MAP

run origin  load origin   length   init length attrs members
----------  ----------- ---------- ----------- ----- -------
00000000    00000000    000b4d48   000b4d48    r-x
  00000000    00000000    00000020   00000020    r-x .intvecs
  00000020    00000020    000b01f8   000b01f8    r-- .const
  000b0218    000b0218    00004aac   00004aac    r-x .text
  000b4cc8    000b4cc8    00000080   00000080    r-- .cinit
08001500    08001500    0000166c   00000000    rw-
  08001500    08001500    000015cc   00000000    rw- .bss
  08002acc    08002acc    000000a0   00000000    rw- .data


SECTION ALLOCATION MAP

 output                                  attributes/
section   page    origin      length       input sections
--------  ----  ----------  ----------   ----------------
.intvecs   0    00000000    00000020     
                  00000000    00000020     HL_sys_intvecs.obj (.intvecs)

.const     0    00000020    000b01f8     
                  00000020    0009442c     WAV.obj (.const:.string:Start_WAV)
                  0009444c    0001482c     WAV.obj (.const:.string:Turtle_WAV)
                  000a8c78    0000739e     WAV.obj (.const:.string:Banana_WAV)
                  000b0016    00000002     --HOLE-- [fill = 0]
                  000b0018    00000200     HL_sys_vim.obj (.const:s_vim_init)

.text      0    000b0218    00004aac     
                  000b0218    00000768     HL_pinmux.obj (.text)
                  000b0980    00000710     HL_system.obj (.text)
                  000b1090    000006a8     HL_sys_vim.obj (.text)
                  000b1738    0000054c     INTERRUPTS.obj (.text:retain)
                  000b1c84    0000050c     N64.obj (.text)
                  000b2190    00000490     HL_esm.obj (.text)
                  000b2620    0000041c     WAV.obj (.text)
                  000b2a3c    00000418     HL_sys_core.obj (.text)
                  000b2e54    000003a8     SPI.obj (.text)
                  000b31fc    00000394     HL_sys_mpu.obj (.text)
                  000b3590    00000338     main.obj (.text)
                  000b38c8    000002ec     TIMERS.obj (.text)
                  000b3bb4    00000260     HL_sys_vim.obj (.text:retain)
                  000b3e14    000001c0     POT.obj (.text)
                  000b3fd4    0000019c     USER.obj (.text)
                  000b4170    00000180     rtsv7R4_A_be_v3D16_eabi.lib : memcpy32.obj (.text)
                  000b42f0    00000138     MISC.obj (.text)
                  000b4428    00000110     HL_esm.obj (.text:retain)
                  000b4538    0000010c     LED.obj (.text)
                  000b4644    000000b4     TEST.obj (.text)
                  000b46f8    000000b0     rtsv7R4_A_be_v3D16_eabi.lib : memset32.obj (.text)
                  000b47a8    000000a4                                 : autoinit.obj (.text)
                  000b484c    000000a0     ECAP.obj (.text)
                  000b48ec    0000009c     rtsv7R4_A_be_v3D16_eabi.lib : copy_decompress_rle.obj (.text)
                  000b4988    00000098     HL_sys_startup.obj (.text:retain)
                  000b4a20    00000084     rtsv7R4_A_be_v3D16_eabi.lib : cpy_tbl.obj (.text)
                  000b4aa4    0000007c     AUDIO.obj (.text)
                  000b4b20    00000078     rtsv7R4_A_be_v3D16_eabi.lib : exit.obj (.text)
                  000b4b98    00000068     DAC.obj (.text)
                  000b4c00    00000050     rtsv7R4_A_be_v3D16_eabi.lib : u_div32.obj (.text)
                  000b4c50    00000024                                 : _lock.obj (.text)
                  000b4c74    0000001c     HL_notification.obj (.text)
                  000b4c90    00000014     rtsv7R4_A_be_v3D16_eabi.lib : copy_decompress_none.obj (.text:decompress:none)
                  000b4ca4    00000010                                 : copy_zero_init.obj (.text:decompress:ZI)
                  000b4cb4    00000008                                 : copy_decompress_rle.obj (.text:decompress:rle24)
                  000b4cbc    00000004     HL_sys_phantom.obj (.text:retain)
                  000b4cc0    00000004     rtsv7R4_A_be_v3D16_eabi.lib : i_div0.obj (.text)

.cinit     0    000b4cc8    00000080     
                  000b4cc8    00000059     (.cinit..data.load) [load image, compression = rle]
                  000b4d21    00000003     --HOLE-- [fill = 0]
                  000b4d24    0000000c     (__TI_handler_table)
                  000b4d30    00000008     (.cinit..bss.load) [load image, compression = zero_init]
                  000b4d38    00000010     (__TI_cinit_table)

.bss       0    08001500    000015cc     UNINITIALIZED
                  08001500    00000bb8     SPI.obj (.bss:SPI_TX_Buffer)
                  080020b8    000004b0     N64.obj (.bss:N64_TimingInputBuffer)
                  08002568    000004b0     N64.obj (.bss:N64_TimingRaw)
                  08002a18    0000002c     N64.obj (.bss:N64_Code)
                  08002a44    0000002b     WAV.obj (.bss:CurrentWAVFile)
                  08002a6f    00000024     N64.obj (.bss:N64_Buffer_Code)
                  08002a93    00000014     (.common:WAV_PlayingQueue)
                  08002aa7    00000001     --HOLE--
                  08002aa8    00000012     (.common:N64_New)
                  08002aba    00000012     (.common:N64_Old)

.TI.noinit 
*          0    08001500    00000000     UNINITIALIZED

.data      0    08002acc    000000a0     UNINITIALIZED
                  08002acc    00000030     TIMERS.obj (.data:Timer2Program)
                  08002afc    00000028     TIMERS.obj (.data)
                  08002b24    00000014     SYSTEM.obj (.data)
                  08002b38    0000000c     N64.obj (.data)
                  08002b44    00000008     AUDIO.obj (.data)
                  08002b4c    00000008     SPI.obj (.data)
                  08002b54    00000008     rtsv7R4_A_be_v3D16_eabi.lib : _lock.obj (.data)
                  08002b5c    00000008                                 : exit.obj (.data)
                  08002b64    00000003     WAV.obj (.data)
                  08002b67    00000001     --HOLE--
                  08002b68    00000002     INTERRUPTS.obj (.data)
                  08002b6a    00000002     POT.obj (.data)

.TI.persistent 
*          0    08002acc    00000000     UNINITIALIZED


LINKER GENERATED COPY TABLES

__TI_cinit_table @ 000b4d38 records: 2, size/record: 8, table size: 16
	.data: load addr=000b4cc8, load size=00000059 bytes, run addr=08002acc, run size=000000a0 bytes, compression=rle
	.bss: load addr=000b4d30, load size=00000008 bytes, run addr=08001500, run size=000015cc bytes, compression=zero_init


LINKER GENERATED HANDLER TABLE

__TI_handler_table @ 000b4d24 records: 3, size/record: 4, table size: 12
	index: 0, handler: __TI_zero_init
	index: 1, handler: __TI_decompress_rle24
	index: 2, handler: __TI_decompress_none


GLOBAL SYMBOLS: SORTED ALPHABETICALLY BY Name 

address   name                                
-------   ----                                
000b4ae8  Audio_GetPowerStatus                
000b4af4  Audio_IsDiagnosticFail              
000b4aac  Audio_Power                         
08002b48  Audio_Powercount                    
000a8c78  Banana_WAV                          
000b4b20  C$$EXIT                             
08002a44  CurrentWAVFile                      
000b4bb8  DAC_SendData                        
000b48bc  ECAP_Interrupt                      
08002b24  GCLK                                
08002b28  HCLK                                
000b17f8  ISR_ECAP_N64                        
000b1738  ISR_SPI1_INT0                       
000b196c  ISR_Timer1                          
000b19f8  ISR_Timer2                          
000b4aa4  InitAudio                           
000b4b98  InitDAC                             
000b484c  InitECAP                            
000b4538  InitLEDs                            
000b3918  InitN2HET1                          
000b3970  InitN2HET2                          
000b1c84  InitN64                             
000b3e14  InitPOT                             
000b3e40  InitPOTGas                          
000b3e24  InitPOTSteering                     
000b2e54  InitSPI                             
000b2e54  InitSPI1                            
000b4644  InitTest                            
000b38c8  InitTimers                          
000b2620  InitWAV                             
000b40fc  Init_Modules                        
000b3fd4  Init_Pins                           
000b4608  LED_BoardGreen                      
000b45b8  LED_Green                           
000b45e0  LED_Red                             
08002b10  MAIN_TimerFlag                      
000b4384  MSC_DelayNOP                        
000b42f0  MSC_DelayUS                         
000b43e8  MSC_EndianLong                      
000b4400  MSC_EndianLongArray                 
000b43c0  MSC_EndianShort                     
000b43d4  MSC_EndianShortArray                
000b43a4  MSC_Round                           
08002a6f  N64_Buffer_Code                     
000b1cbc  N64_BuildCode                       
08002b3a  N64_CodeSectionBit                  
08002b3c  N64_ControllerCount                 
000b1db0  N64_DecodeTiming                    
000b2074  N64_GetButtonState                  
000b2110  N64_GetUpdateFlag                   
000b2128  N64_IsReceivedFinished              
08002aa8  N64_New                             
08002aba  N64_Old                             
000b2134  N64_ReceivedFinished                
000b2058  N64_SendReset                       
000b211c  N64_SetUpdateFlag                   
08002b40  N64_TimingInputBit                  
080020b8  N64_TimingInputBuffer               
000b3f7c  POT_ClearGasUpdateFlag              
000b3f50  POT_ClearSteeringUpdateFlag         
000b3f60  POT_GetGasUpdateFlag                
000b3f34  POT_GetSteeringUpdateFlag           
000b3ec8  POT_SendDataGas                     
000b3e5c  POT_SendDataSteering                
000b3fa8  POT_SetGas                          
000b3f6c  POT_SetGasUpdateFlag                
000b3f8c  POT_SetSteering                     
000b3f40  POT_SetSteeringUpdateFlag           
UNDEFED   SHT$$INIT_ARRAY$$Base               
UNDEFED   SHT$$INIT_ARRAY$$Limit              
000b30c8  SPI_AddToTXBuffer                   
000b3068  SPI_IsTransmitBufferFull            
000b2ebc  SPI_Parameters1                     
000b303c  SPI_ReceiveInterrupt1               
000b30ac  SPI_SendByte                        
000b3078  SPI_SetPins                         
08001500  SPI_TX_Buffer                       
08002b4c  SPI_TX_Buffer_Add_place             
08002b50  SPI_TX_Buffer_Remove_place          
000b3010  SPI_TransmitInterrupt1              
00000020  Start_WAV                           
000b469c  TEST_Set1                           
000b46c4  TEST_Set2                           
000b465c  TEST_Toggle1                        
000b467c  TEST_Toggle2                        
000b39c8  TMR_CalculatePeriod2                
08002afc  TMR_Flag2                           
000b3ad4  TMR_SetTimerMicroSeconds1           
000b3a38  TMR_SetTimerPeriod2                 
000b3a0c  TMR_TestTimer2                      
08002b00  Timer1Program                       
08002acc  Timer2Program                       
0009444c  Turtle_WAV                          
08002b2c  VCLK1                               
08002b30  VCLK2                               
08002b34  VCLK3                               
000b26b4  WAV_AddToQueue                      
000b2678  WAV_EraseFromQueue                  
000b266c  WAV_Finished                        
000b2660  WAV_IsFinished                      
000b2648  WAV_IsPlaying                       
000b2630  WAV_IsStarted                       
000b27bc  WAV_ParseHeader                     
000b2654  WAV_Playing                         
08002a93  WAV_PlayingQueue                    
000b2730  WAV_SetupPlayback                   
000b263c  WAV_Started                         
000b4d38  __TI_CINIT_Base                     
000b4d48  __TI_CINIT_Limit                    
000b4d24  __TI_Handler_Table_Base             
000b4d30  __TI_Handler_Table_Limit            
000b2e4c  __TI_PINIT_Base                     
000b2e50  __TI_PINIT_Limit                    
000b47a8  __TI_auto_init                      
08002b5c  __TI_cleanup_ptr                    
000b4c90  __TI_decompress_none                
000b4cb4  __TI_decompress_rle24               
08002b60  __TI_dtors_ptr                      
00000000  __TI_static_base__                  
000b4ca4  __TI_zero_init                      
000b4cc0  __aeabi_idiv0                       
000b46f8  __aeabi_memclr                      
000b46f8  __aeabi_memclr4                     
000b46f8  __aeabi_memclr8                     
000b4170  __aeabi_memcpy                      
000b4170  __aeabi_memcpy4                     
000b4170  __aeabi_memcpy8                     
000b46fc  __aeabi_memset                      
000b46fc  __aeabi_memset4                     
000b46fc  __aeabi_memset8                     
000b4c00  __aeabi_uidiv                       
000b4c00  __aeabi_uidivmod                    
ffffffff  __binit__                           
ffffffff  __c_args__                          
000b4988  _c_int00                            
000b2df0  _cacheDisable_                      
000b2db8  _cacheEnable_                       
000b2d98  _checkMemInitOn_                    
000b2c94  _coreClearAuxiliaryDataFault_       
000b2cb0  _coreClearAuxiliaryInstructionFault_
000b2c5c  _coreClearDataFaultAddress_         
000b2c24  _coreClearDataFault_                
000b2c78  _coreClearInstructionFaultAddress_  
000b2c40  _coreClearInstructionFault_         
000b2bec  _coreDisableEventBusExport_         
000b2bd4  _coreEnableEventBusExport_          
000b2c04  _coreEnableIrqVicOffset_            
000b2bb4  _coreEnableVfp_                     
000b2c8c  _coreGetAuxiliaryDataFault_         
000b2ca8  _coreGetAuxiliaryInstructionFault_  
000b2c54  _coreGetDataFaultAddress_           
000b2c1c  _coreGetDataFault_                  
000b2c70  _coreGetInstructionFaultAddress_    
000b2c38  _coreGetInstructionFault_           
000b2a3c  _coreInitRegisters_                 
000b2b48  _coreInitStackPointer_              
000b2e14  _dCacheInvalidate_                  
000b2cc4  _disable_IRQ_interrupt_             
000b2ccc  _enable_IRQ_interrupt_              
000b2cd4  _enable_interrupt_                  
000b2cdc  _esmCcmErrorsClear_                 
000b2b94  _getCPSRValue_                      
000b2b9c  _gotoCPUIdle_                       
000b2e30  _iCacheInvalidate_                  
08002b54  _lock                               
000b2d64  _memInit_                           
000b3538  _mpuAreRegionsSeparate_             
000b3514  _mpuDisableBackgroundRegion_        
000b34dc  _mpuDisable_                        
000b34fc  _mpuEnableBackgroundRegion_         
000b34bc  _mpuEnable_                         
000b352c  _mpuGetNumberOfRegions_             
000b355c  _mpuGetRegionBaseAddress_           
000b357c  _mpuGetRegionPermission_            
000b3570  _mpuGetRegionType_                  
000b354c  _mpuGetRegion_                      
000b31fc  _mpuInit_                           
000b3554  _mpuSetRegionBaseAddress_           
000b3588  _mpuSetRegionSizeRegister_          
000b3564  _mpuSetRegionTypeAndPermission_     
000b3544  _mpuSetRegion_                      
000b4c68  _nop                                
000b4c5c  _register_lock                      
000b4c50  _register_unlock                    
08002b58  _unlock                             
000b4b28  abort                               
ffffffff  binit                               
000b4a20  copy_in                             
000b4c80  dmaGroupANotification               
000b4c88  epcCAMFullNotification              
000b4c8c  epcFIFOFullNotification             
000b22f4  esmActivateNormalOperation          
000b23b4  esmClearStatus                      
000b23e0  esmClearStatusBuffer                
000b23d4  esmClearStatusUpper                 
000b22c0  esmDisableError                     
000b22d8  esmDisableErrorUpper                
000b2328  esmDisableInterrupt                 
000b2340  esmDisableInterruptUpper            
000b229c  esmEnableError                      
000b22b4  esmEnableErrorUpper                 
000b2304  esmEnableInterrupt                  
000b231c  esmEnableInterruptUpper             
000b2460  esmEnterSelfTest                    
000b2290  esmError                            
000b24e4  esmGetConfigValue                   
000b23fc  esmGetStatus                        
000b2450  esmGetStatusBuffer                  
000b2438  esmGetStatusUpper                   
000b4c74  esmGroup1Notification               
000b4c78  esmGroup2Notification               
000b4c7c  esmGroup3Notification               
000b4428  esmHighInterrupt                    
000b2190  esmInit                             
000b24ac  esmSelfTestStatus                   
000b23ec  esmSetCounterPreloadValue           
000b234c  esmSetInterruptLevel                
000b2398  esmSetInterruptLevelUpper           
000b22e4  esmTriggerErrorPinReset             
000b4b34  exit                                
000b0c40  getResetSource                      
000b4c84  gioNotification                     
000b3590  main                                
000b0ad8  mapClocks                           
000b4170  memcpy                              
000b4708  memset                              
000b0218  muxInit                             
000b0a54  periphInit                          
000b4cbc  phantomInterrupt                    
00000000  resetEntry                          
000b0a18  setupFlash                          
000b0980  setupPLL                            
000b0d28  systemGetConfigValue                
000b0bc0  systemInit                          
000b0c24  systemPowerDown                     
000b09dc  trimLPO                             
000b1130  vimChannelMap                       
000b12cc  vimDisableInterrupt                 
000b3bb4  vimECCErrorHandler                  
000b1178  vimEnableInterrupt                  
000b1348  vimGetConfigValue                   
000b1090  vimInit                             


GLOBAL SYMBOLS: SORTED BY Symbol Address 

address   name                                
-------   ----                                
00000000  __TI_static_base__                  
00000000  resetEntry                          
00000020  Start_WAV                           
0009444c  Turtle_WAV                          
000a8c78  Banana_WAV                          
000b0218  muxInit                             
000b0980  setupPLL                            
000b09dc  trimLPO                             
000b0a18  setupFlash                          
000b0a54  periphInit                          
000b0ad8  mapClocks                           
000b0bc0  systemInit                          
000b0c24  systemPowerDown                     
000b0c40  getResetSource                      
000b0d28  systemGetConfigValue                
000b1090  vimInit                             
000b1130  vimChannelMap                       
000b1178  vimEnableInterrupt                  
000b12cc  vimDisableInterrupt                 
000b1348  vimGetConfigValue                   
000b1738  ISR_SPI1_INT0                       
000b17f8  ISR_ECAP_N64                        
000b196c  ISR_Timer1                          
000b19f8  ISR_Timer2                          
000b1c84  InitN64                             
000b1cbc  N64_BuildCode                       
000b1db0  N64_DecodeTiming                    
000b2058  N64_SendReset                       
000b2074  N64_GetButtonState                  
000b2110  N64_GetUpdateFlag                   
000b211c  N64_SetUpdateFlag                   
000b2128  N64_IsReceivedFinished              
000b2134  N64_ReceivedFinished                
000b2190  esmInit                             
000b2290  esmError                            
000b229c  esmEnableError                      
000b22b4  esmEnableErrorUpper                 
000b22c0  esmDisableError                     
000b22d8  esmDisableErrorUpper                
000b22e4  esmTriggerErrorPinReset             
000b22f4  esmActivateNormalOperation          
000b2304  esmEnableInterrupt                  
000b231c  esmEnableInterruptUpper             
000b2328  esmDisableInterrupt                 
000b2340  esmDisableInterruptUpper            
000b234c  esmSetInterruptLevel                
000b2398  esmSetInterruptLevelUpper           
000b23b4  esmClearStatus                      
000b23d4  esmClearStatusUpper                 
000b23e0  esmClearStatusBuffer                
000b23ec  esmSetCounterPreloadValue           
000b23fc  esmGetStatus                        
000b2438  esmGetStatusUpper                   
000b2450  esmGetStatusBuffer                  
000b2460  esmEnterSelfTest                    
000b24ac  esmSelfTestStatus                   
000b24e4  esmGetConfigValue                   
000b2620  InitWAV                             
000b2630  WAV_IsStarted                       
000b263c  WAV_Started                         
000b2648  WAV_IsPlaying                       
000b2654  WAV_Playing                         
000b2660  WAV_IsFinished                      
000b266c  WAV_Finished                        
000b2678  WAV_EraseFromQueue                  
000b26b4  WAV_AddToQueue                      
000b2730  WAV_SetupPlayback                   
000b27bc  WAV_ParseHeader                     
000b2a3c  _coreInitRegisters_                 
000b2b48  _coreInitStackPointer_              
000b2b94  _getCPSRValue_                      
000b2b9c  _gotoCPUIdle_                       
000b2bb4  _coreEnableVfp_                     
000b2bd4  _coreEnableEventBusExport_          
000b2bec  _coreDisableEventBusExport_         
000b2c04  _coreEnableIrqVicOffset_            
000b2c1c  _coreGetDataFault_                  
000b2c24  _coreClearDataFault_                
000b2c38  _coreGetInstructionFault_           
000b2c40  _coreClearInstructionFault_         
000b2c54  _coreGetDataFaultAddress_           
000b2c5c  _coreClearDataFaultAddress_         
000b2c70  _coreGetInstructionFaultAddress_    
000b2c78  _coreClearInstructionFaultAddress_  
000b2c8c  _coreGetAuxiliaryDataFault_         
000b2c94  _coreClearAuxiliaryDataFault_       
000b2ca8  _coreGetAuxiliaryInstructionFault_  
000b2cb0  _coreClearAuxiliaryInstructionFault_
000b2cc4  _disable_IRQ_interrupt_             
000b2ccc  _enable_IRQ_interrupt_              
000b2cd4  _enable_interrupt_                  
000b2cdc  _esmCcmErrorsClear_                 
000b2d64  _memInit_                           
000b2d98  _checkMemInitOn_                    
000b2db8  _cacheEnable_                       
000b2df0  _cacheDisable_                      
000b2e14  _dCacheInvalidate_                  
000b2e30  _iCacheInvalidate_                  
000b2e4c  __TI_PINIT_Base                     
000b2e50  __TI_PINIT_Limit                    
000b2e54  InitSPI                             
000b2e54  InitSPI1                            
000b2ebc  SPI_Parameters1                     
000b3010  SPI_TransmitInterrupt1              
000b303c  SPI_ReceiveInterrupt1               
000b3068  SPI_IsTransmitBufferFull            
000b3078  SPI_SetPins                         
000b30ac  SPI_SendByte                        
000b30c8  SPI_AddToTXBuffer                   
000b31fc  _mpuInit_                           
000b34bc  _mpuEnable_                         
000b34dc  _mpuDisable_                        
000b34fc  _mpuEnableBackgroundRegion_         
000b3514  _mpuDisableBackgroundRegion_        
000b352c  _mpuGetNumberOfRegions_             
000b3538  _mpuAreRegionsSeparate_             
000b3544  _mpuSetRegion_                      
000b354c  _mpuGetRegion_                      
000b3554  _mpuSetRegionBaseAddress_           
000b355c  _mpuGetRegionBaseAddress_           
000b3564  _mpuSetRegionTypeAndPermission_     
000b3570  _mpuGetRegionType_                  
000b357c  _mpuGetRegionPermission_            
000b3588  _mpuSetRegionSizeRegister_          
000b3590  main                                
000b38c8  InitTimers                          
000b3918  InitN2HET1                          
000b3970  InitN2HET2                          
000b39c8  TMR_CalculatePeriod2                
000b3a0c  TMR_TestTimer2                      
000b3a38  TMR_SetTimerPeriod2                 
000b3ad4  TMR_SetTimerMicroSeconds1           
000b3bb4  vimECCErrorHandler                  
000b3e14  InitPOT                             
000b3e24  InitPOTSteering                     
000b3e40  InitPOTGas                          
000b3e5c  POT_SendDataSteering                
000b3ec8  POT_SendDataGas                     
000b3f34  POT_GetSteeringUpdateFlag           
000b3f40  POT_SetSteeringUpdateFlag           
000b3f50  POT_ClearSteeringUpdateFlag         
000b3f60  POT_GetGasUpdateFlag                
000b3f6c  POT_SetGasUpdateFlag                
000b3f7c  POT_ClearGasUpdateFlag              
000b3f8c  POT_SetSteering                     
000b3fa8  POT_SetGas                          
000b3fd4  Init_Pins                           
000b40fc  Init_Modules                        
000b4170  __aeabi_memcpy                      
000b4170  __aeabi_memcpy4                     
000b4170  __aeabi_memcpy8                     
000b4170  memcpy                              
000b42f0  MSC_DelayUS                         
000b4384  MSC_DelayNOP                        
000b43a4  MSC_Round                           
000b43c0  MSC_EndianShort                     
000b43d4  MSC_EndianShortArray                
000b43e8  MSC_EndianLong                      
000b4400  MSC_EndianLongArray                 
000b4428  esmHighInterrupt                    
000b4538  InitLEDs                            
000b45b8  LED_Green                           
000b45e0  LED_Red                             
000b4608  LED_BoardGreen                      
000b4644  InitTest                            
000b465c  TEST_Toggle1                        
000b467c  TEST_Toggle2                        
000b469c  TEST_Set1                           
000b46c4  TEST_Set2                           
000b46f8  __aeabi_memclr                      
000b46f8  __aeabi_memclr4                     
000b46f8  __aeabi_memclr8                     
000b46fc  __aeabi_memset                      
000b46fc  __aeabi_memset4                     
000b46fc  __aeabi_memset8                     
000b4708  memset                              
000b47a8  __TI_auto_init                      
000b484c  InitECAP                            
000b48bc  ECAP_Interrupt                      
000b4988  _c_int00                            
000b4a20  copy_in                             
000b4aa4  InitAudio                           
000b4aac  Audio_Power                         
000b4ae8  Audio_GetPowerStatus                
000b4af4  Audio_IsDiagnosticFail              
000b4b20  C$$EXIT                             
000b4b28  abort                               
000b4b34  exit                                
000b4b98  InitDAC                             
000b4bb8  DAC_SendData                        
000b4c00  __aeabi_uidiv                       
000b4c00  __aeabi_uidivmod                    
000b4c50  _register_unlock                    
000b4c5c  _register_lock                      
000b4c68  _nop                                
000b4c74  esmGroup1Notification               
000b4c78  esmGroup2Notification               
000b4c7c  esmGroup3Notification               
000b4c80  dmaGroupANotification               
000b4c84  gioNotification                     
000b4c88  epcCAMFullNotification              
000b4c8c  epcFIFOFullNotification             
000b4c90  __TI_decompress_none                
000b4ca4  __TI_zero_init                      
000b4cb4  __TI_decompress_rle24               
000b4cbc  phantomInterrupt                    
000b4cc0  __aeabi_idiv0                       
000b4d24  __TI_Handler_Table_Base             
000b4d30  __TI_Handler_Table_Limit            
000b4d38  __TI_CINIT_Base                     
000b4d48  __TI_CINIT_Limit                    
08001500  SPI_TX_Buffer                       
080020b8  N64_TimingInputBuffer               
08002a44  CurrentWAVFile                      
08002a6f  N64_Buffer_Code                     
08002a93  WAV_PlayingQueue                    
08002aa8  N64_New                             
08002aba  N64_Old                             
08002acc  Timer2Program                       
08002afc  TMR_Flag2                           
08002b00  Timer1Program                       
08002b10  MAIN_TimerFlag                      
08002b24  GCLK                                
08002b28  HCLK                                
08002b2c  VCLK1                               
08002b30  VCLK2                               
08002b34  VCLK3                               
08002b3a  N64_CodeSectionBit                  
08002b3c  N64_ControllerCount                 
08002b40  N64_TimingInputBit                  
08002b48  Audio_Powercount                    
08002b4c  SPI_TX_Buffer_Add_place             
08002b50  SPI_TX_Buffer_Remove_place          
08002b54  _lock                               
08002b58  _unlock                             
08002b5c  __TI_cleanup_ptr                    
08002b60  __TI_dtors_ptr                      
ffffffff  __binit__                           
ffffffff  __c_args__                          
ffffffff  binit                               
UNDEFED   SHT$$INIT_ARRAY$$Base               
UNDEFED   SHT$$INIT_ARRAY$$Limit              

[242 symbols]
