<?xml version="1.0"?>
<link_info>
   <banner>TI ARM Linker PC v5.2.6</banner>
   <copyright>Copyright (c) 1996-2015 Texas Instruments Incorporated</copyright>
   <link_time>0x56b14eca</link_time>
   <link_errors>0x0</link_errors>
   <output_file>Hercules_N64_RC_CAR.out</output_file>
   <entry_point>
      <name>_c_int00</name>
      <address>0x36d4</address>
   </entry_point>
   <input_file_list>
      <input_file id="fl-2">
         <path>.\</path>
         <kind>object</kind>
         <file>INTERRUPTS.obj</file>
         <name>INTERRUPTS.obj</name>
      </input_file>
      <input_file id="fl-3">
         <path>.\</path>
         <kind>object</kind>
         <file>LED.obj</file>
         <name>LED.obj</name>
      </input_file>
      <input_file id="fl-4">
         <path>.\</path>
         <kind>object</kind>
         <file>SYSTEM.obj</file>
         <name>SYSTEM.obj</name>
      </input_file>
      <input_file id="fl-5">
         <path>.\</path>
         <kind>object</kind>
         <file>USER.obj</file>
         <name>USER.obj</name>
      </input_file>
      <input_file id="fl-6">
         <path>.\</path>
         <kind>object</kind>
         <file>main.obj</file>
         <name>main.obj</name>
      </input_file>
      <input_file id="fl-7">
         <path>.\source\</path>
         <kind>object</kind>
         <file>HL_epc.obj</file>
         <name>HL_epc.obj</name>
      </input_file>
      <input_file id="fl-8">
         <path>.\source\</path>
         <kind>object</kind>
         <file>HL_errata.obj</file>
         <name>HL_errata.obj</name>
      </input_file>
      <input_file id="fl-9">
         <path>.\source\</path>
         <kind>object</kind>
         <file>HL_esm.obj</file>
         <name>HL_esm.obj</name>
      </input_file>
      <input_file id="fl-a">
         <path>.\source\</path>
         <kind>object</kind>
         <file>HL_gio.obj</file>
         <name>HL_gio.obj</name>
      </input_file>
      <input_file id="fl-b">
         <path>.\source\</path>
         <kind>object</kind>
         <file>HL_nmpu.obj</file>
         <name>HL_nmpu.obj</name>
      </input_file>
      <input_file id="fl-c">
         <path>.\source\</path>
         <kind>object</kind>
         <file>HL_notification.obj</file>
         <name>HL_notification.obj</name>
      </input_file>
      <input_file id="fl-d">
         <path>.\source\</path>
         <kind>object</kind>
         <file>HL_pinmux.obj</file>
         <name>HL_pinmux.obj</name>
      </input_file>
      <input_file id="fl-e">
         <path>.\source\</path>
         <kind>object</kind>
         <file>HL_sys_core.obj</file>
         <name>HL_sys_core.obj</name>
      </input_file>
      <input_file id="fl-f">
         <path>.\source\</path>
         <kind>object</kind>
         <file>HL_sys_dma.obj</file>
         <name>HL_sys_dma.obj</name>
      </input_file>
      <input_file id="fl-10">
         <path>.\source\</path>
         <kind>object</kind>
         <file>HL_sys_intvecs.obj</file>
         <name>HL_sys_intvecs.obj</name>
      </input_file>
      <input_file id="fl-11">
         <path>.\source\</path>
         <kind>object</kind>
         <file>HL_sys_mpu.obj</file>
         <name>HL_sys_mpu.obj</name>
      </input_file>
      <input_file id="fl-12">
         <path>.\source\</path>
         <kind>object</kind>
         <file>HL_sys_pcr.obj</file>
         <name>HL_sys_pcr.obj</name>
      </input_file>
      <input_file id="fl-13">
         <path>.\source\</path>
         <kind>object</kind>
         <file>HL_sys_phantom.obj</file>
         <name>HL_sys_phantom.obj</name>
      </input_file>
      <input_file id="fl-14">
         <path>.\source\</path>
         <kind>object</kind>
         <file>HL_sys_pmm.obj</file>
         <name>HL_sys_pmm.obj</name>
      </input_file>
      <input_file id="fl-15">
         <path>.\source\</path>
         <kind>object</kind>
         <file>HL_sys_pmu.obj</file>
         <name>HL_sys_pmu.obj</name>
      </input_file>
      <input_file id="fl-16">
         <path>.\source\</path>
         <kind>object</kind>
         <file>HL_sys_startup.obj</file>
         <name>HL_sys_startup.obj</name>
      </input_file>
      <input_file id="fl-17">
         <path>.\source\</path>
         <kind>object</kind>
         <file>HL_sys_vim.obj</file>
         <name>HL_sys_vim.obj</name>
      </input_file>
      <input_file id="fl-18">
         <path>.\source\</path>
         <kind>object</kind>
         <file>HL_system.obj</file>
         <name>HL_system.obj</name>
      </input_file>
      <input_file id="fl-13e">
         <path>C:\ti\ccsv6\tools\compiler\ti-cgt-arm_5.2.6\lib\</path>
         <kind>archive</kind>
         <file>rtsv7R4_A_be_v3D16_eabi.lib</file>
         <name>autoinit.obj</name>
      </input_file>
      <input_file id="fl-13f">
         <path>C:\ti\ccsv6\tools\compiler\ti-cgt-arm_5.2.6\lib\</path>
         <kind>archive</kind>
         <file>rtsv7R4_A_be_v3D16_eabi.lib</file>
         <name>copy_decompress_none.obj</name>
      </input_file>
      <input_file id="fl-140">
         <path>C:\ti\ccsv6\tools\compiler\ti-cgt-arm_5.2.6\lib\</path>
         <kind>archive</kind>
         <file>rtsv7R4_A_be_v3D16_eabi.lib</file>
         <name>copy_decompress_rle.obj</name>
      </input_file>
      <input_file id="fl-141">
         <path>C:\ti\ccsv6\tools\compiler\ti-cgt-arm_5.2.6\lib\</path>
         <kind>archive</kind>
         <file>rtsv7R4_A_be_v3D16_eabi.lib</file>
         <name>copy_zero_init.obj</name>
      </input_file>
      <input_file id="fl-142">
         <path>C:\ti\ccsv6\tools\compiler\ti-cgt-arm_5.2.6\lib\</path>
         <kind>archive</kind>
         <file>rtsv7R4_A_be_v3D16_eabi.lib</file>
         <name>cpy_tbl.obj</name>
      </input_file>
      <input_file id="fl-143">
         <path>C:\ti\ccsv6\tools\compiler\ti-cgt-arm_5.2.6\lib\</path>
         <kind>archive</kind>
         <file>rtsv7R4_A_be_v3D16_eabi.lib</file>
         <name>exit.obj</name>
      </input_file>
      <input_file id="fl-144">
         <path>C:\ti\ccsv6\tools\compiler\ti-cgt-arm_5.2.6\lib\</path>
         <kind>archive</kind>
         <file>rtsv7R4_A_be_v3D16_eabi.lib</file>
         <name>memcpy32.obj</name>
      </input_file>
      <input_file id="fl-145">
         <path>C:\ti\ccsv6\tools\compiler\ti-cgt-arm_5.2.6\lib\</path>
         <kind>archive</kind>
         <file>rtsv7R4_A_be_v3D16_eabi.lib</file>
         <name>memset32.obj</name>
      </input_file>
      <input_file id="fl-146">
         <path>C:\ti\ccsv6\tools\compiler\ti-cgt-arm_5.2.6\lib\</path>
         <kind>archive</kind>
         <file>rtsv7R4_A_be_v3D16_eabi.lib</file>
         <name>_lock.obj</name>
      </input_file>
   </input_file_list>
   <object_component_list>
      <object_component id="oc-2d">
         <name>.intvecs</name>
         <load_address>0x0</load_address>
         <run_address>0x0</run_address>
         <size>0x20</size>
         <input_file_ref idref="fl-10"/>
      </object_component>
      <object_component id="oc-cf">
         <name>.text</name>
         <load_address>0x20</load_address>
         <run_address>0x20</run_address>
         <size>0x9c0</size>
         <input_file_ref idref="fl-d"/>
      </object_component>
      <object_component id="oc-74">
         <name>.text</name>
         <load_address>0x9e0</load_address>
         <run_address>0x9e0</run_address>
         <size>0x984</size>
         <input_file_ref idref="fl-18"/>
      </object_component>
      <object_component id="oc-39">
         <name>.text</name>
         <load_address>0x1364</load_address>
         <run_address>0x1364</run_address>
         <size>0x938</size>
         <input_file_ref idref="fl-17"/>
      </object_component>
      <object_component id="oc-7a">
         <name>.text</name>
         <load_address>0x1c9c</load_address>
         <run_address>0x1c9c</run_address>
         <size>0x7c4</size>
         <input_file_ref idref="fl-9"/>
      </object_component>
      <object_component id="oc-f2">
         <name>.text</name>
         <load_address>0x2460</load_address>
         <run_address>0x2460</run_address>
         <size>0x484</size>
         <input_file_ref idref="fl-a"/>
      </object_component>
      <object_component id="oc-69">
         <name>.text</name>
         <load_address>0x28e4</load_address>
         <run_address>0x28e4</run_address>
         <size>0x418</size>
         <input_file_ref idref="fl-e"/>
      </object_component>
      <object_component id="oc-80">
         <name>.text</name>
         <load_address>0x2cfc</load_address>
         <run_address>0x2cfc</run_address>
         <size>0x394</size>
         <input_file_ref idref="fl-11"/>
      </object_component>
      <object_component id="oc-38">
         <name>.text:retain</name>
         <load_address>0x3090</load_address>
         <run_address>0x3090</run_address>
         <size>0x34c</size>
         <input_file_ref idref="fl-17"/>
      </object_component>
      <object_component id="oc-44">
         <name>.text</name>
         <load_address>0x33dc</load_address>
         <run_address>0x33dc</run_address>
         <size>0x180</size>
         <input_file_ref idref="fl-144"/>
      </object_component>
      <object_component id="oc-24">
         <name>.text:retain</name>
         <load_address>0x355c</load_address>
         <run_address>0x355c</run_address>
         <size>0x178</size>
         <input_file_ref idref="fl-9"/>
      </object_component>
      <object_component id="oc-1e">
         <name>.text:retain</name>
         <load_address>0x36d4</load_address>
         <run_address>0x36d4</run_address>
         <size>0xbc</size>
         <input_file_ref idref="fl-16"/>
      </object_component>
      <object_component id="oc-5d">
         <name>.text</name>
         <load_address>0x3790</load_address>
         <run_address>0x3790</run_address>
         <size>0xb0</size>
         <input_file_ref idref="fl-145"/>
      </object_component>
      <object_component id="oc-85">
         <name>.text</name>
         <load_address>0x3840</load_address>
         <run_address>0x3840</run_address>
         <size>0xa4</size>
         <input_file_ref idref="fl-13e"/>
      </object_component>
      <object_component id="oc-50">
         <name>.text</name>
         <load_address>0x38e4</load_address>
         <run_address>0x38e4</run_address>
         <size>0x9c</size>
         <input_file_ref idref="fl-140"/>
      </object_component>
      <object_component id="oc-e4">
         <name>.text</name>
         <load_address>0x3980</load_address>
         <run_address>0x3980</run_address>
         <size>0x84</size>
         <input_file_ref idref="fl-142"/>
      </object_component>
      <object_component id="oc-91">
         <name>.text</name>
         <load_address>0x3a04</load_address>
         <run_address>0x3a04</run_address>
         <size>0x78</size>
         <input_file_ref idref="fl-143"/>
      </object_component>
      <object_component id="oc-6e">
         <name>.text</name>
         <load_address>0x3a7c</load_address>
         <run_address>0x3a7c</run_address>
         <size>0x74</size>
         <input_file_ref idref="fl-c"/>
      </object_component>
      <object_component id="oc-8b">
         <name>.text</name>
         <load_address>0x3af0</load_address>
         <run_address>0x3af0</run_address>
         <size>0x58</size>
         <input_file_ref idref="fl-6"/>
      </object_component>
      <object_component id="oc-163">
         <name>.text</name>
         <load_address>0x3b48</load_address>
         <run_address>0x3b48</run_address>
         <size>0x24</size>
         <input_file_ref idref="fl-146"/>
      </object_component>
      <object_component id="oc-c">
         <name>.text:decompress:none</name>
         <load_address>0x3b6c</load_address>
         <run_address>0x3b6c</run_address>
         <size>0x14</size>
         <input_file_ref idref="fl-13f"/>
      </object_component>
      <object_component id="oc-ec">
         <name>.text</name>
         <load_address>0x3b80</load_address>
         <run_address>0x3b80</run_address>
         <size>0x10</size>
         <input_file_ref idref="fl-5"/>
      </object_component>
      <object_component id="oc-12">
         <name>.text:decompress:rle24</name>
         <load_address>0x3b90</load_address>
         <run_address>0x3b90</run_address>
         <size>0x8</size>
         <input_file_ref idref="fl-140"/>
      </object_component>
      <object_component id="oc-32">
         <name>.text:retain</name>
         <load_address>0x3b98</load_address>
         <run_address>0x3b98</run_address>
         <size>0x4</size>
         <input_file_ref idref="fl-13"/>
      </object_component>
      <object_component id="oc-2a">
         <name>.const:s_vim_init</name>
         <load_address>0x3ba0</load_address>
         <run_address>0x3ba0</run_address>
         <size>0x200</size>
         <input_file_ref idref="fl-17"/>
      </object_component>
      <object_component id="oc-1ad">
         <name>.cinit..data.load</name>
         <load_address>0x3da0</load_address>
         <run_address>0x3da0</run_address>
         <size>0x11</size>
      </object_component>
      <object_component id="oc-1ab">
         <name>__TI_handler_table</name>
         <load_address>0x3db4</load_address>
         <run_address>0x3db4</run_address>
         <size>0x8</size>
      </object_component>
      <object_component id="oc-1ac">
         <name>__TI_cinit_table</name>
         <load_address>0x3dbc</load_address>
         <run_address>0x3dbc</run_address>
         <size>0x8</size>
      </object_component>
      <object_component id="oc-101">
         <name>.data</name>
         <load_address>0x8001508</load_address>
         <run_address>0x8001508</run_address>
         <size>0x8</size>
         <input_file_ref idref="fl-143"/>
      </object_component>
      <object_component id="oc-fe">
         <name>.data</name>
         <load_address>0x8001500</load_address>
         <run_address>0x8001500</run_address>
         <size>0x8</size>
         <input_file_ref idref="fl-146"/>
      </object_component>
      <object_component id="oc-99">
         <name>.debug_info</name>
         <load_address>0x0</load_address>
         <run_address>0x0</run_address>
         <size>0x157</size>
         <input_file_ref idref="fl-2"/>
      </object_component>
      <object_component id="oc-f9">
         <name>.debug_info</name>
         <load_address>0x157</load_address>
         <run_address>0x157</run_address>
         <size>0x8b</size>
         <input_file_ref idref="fl-2"/>
      </object_component>
      <object_component id="oc-107">
         <name>.debug_info</name>
         <load_address>0x1e2</load_address>
         <run_address>0x1e2</run_address>
         <size>0x18b</size>
         <input_file_ref idref="fl-2"/>
      </object_component>
      <object_component id="oc-a9">
         <name>.debug_info</name>
         <load_address>0x36d</load_address>
         <run_address>0x36d</run_address>
         <size>0x86</size>
         <input_file_ref idref="fl-2"/>
      </object_component>
      <object_component id="oc-171">
         <name>.debug_info</name>
         <load_address>0x3f3</load_address>
         <run_address>0x3f3</run_address>
         <size>0xda</size>
         <input_file_ref idref="fl-5"/>
      </object_component>
      <object_component id="oc-ed">
         <name>.debug_info</name>
         <load_address>0x4cd</load_address>
         <run_address>0x4cd</run_address>
         <size>0x14e</size>
         <input_file_ref idref="fl-5"/>
      </object_component>
      <object_component id="oc-11d">
         <name>.debug_info</name>
         <load_address>0x61b</load_address>
         <run_address>0x61b</run_address>
         <size>0x1f9</size>
         <input_file_ref idref="fl-5"/>
      </object_component>
      <object_component id="oc-17f">
         <name>.debug_info</name>
         <load_address>0x814</load_address>
         <run_address>0x814</run_address>
         <size>0x12a</size>
         <input_file_ref idref="fl-5"/>
      </object_component>
      <object_component id="oc-8c">
         <name>.debug_info</name>
         <load_address>0x93e</load_address>
         <run_address>0x93e</run_address>
         <size>0x12b</size>
         <input_file_ref idref="fl-6"/>
      </object_component>
      <object_component id="oc-136">
         <name>.debug_info</name>
         <load_address>0xa69</load_address>
         <run_address>0xa69</run_address>
         <size>0x1d9</size>
         <input_file_ref idref="fl-7"/>
      </object_component>
      <object_component id="oc-d6">
         <name>.debug_info</name>
         <load_address>0xc42</load_address>
         <run_address>0xc42</run_address>
         <size>0x432</size>
         <input_file_ref idref="fl-7"/>
      </object_component>
      <object_component id="oc-a4">
         <name>.debug_info</name>
         <load_address>0x1074</load_address>
         <run_address>0x1074</run_address>
         <size>0x18c</size>
         <input_file_ref idref="fl-7"/>
      </object_component>
      <object_component id="oc-10e">
         <name>.debug_info</name>
         <load_address>0x1200</load_address>
         <run_address>0x1200</run_address>
         <size>0x102</size>
         <input_file_ref idref="fl-7"/>
      </object_component>
      <object_component id="oc-13e">
         <name>.debug_info</name>
         <load_address>0x1302</load_address>
         <run_address>0x1302</run_address>
         <size>0x142</size>
         <input_file_ref idref="fl-7"/>
      </object_component>
      <object_component id="oc-113">
         <name>.debug_info</name>
         <load_address>0x1444</load_address>
         <run_address>0x1444</run_address>
         <size>0x285</size>
         <input_file_ref idref="fl-7"/>
      </object_component>
      <object_component id="oc-118">
         <name>.debug_info</name>
         <load_address>0x16c9</load_address>
         <run_address>0x16c9</run_address>
         <size>0x44a</size>
         <input_file_ref idref="fl-7"/>
      </object_component>
      <object_component id="oc-122">
         <name>.debug_info</name>
         <load_address>0x1b13</load_address>
         <run_address>0x1b13</run_address>
         <size>0x152</size>
         <input_file_ref idref="fl-7"/>
      </object_component>
      <object_component id="oc-127">
         <name>.debug_info</name>
         <load_address>0x1c65</load_address>
         <run_address>0x1c65</run_address>
         <size>0x70a</size>
         <input_file_ref idref="fl-7"/>
      </object_component>
      <object_component id="oc-12c">
         <name>.debug_info</name>
         <load_address>0x236f</load_address>
         <run_address>0x236f</run_address>
         <size>0x36d</size>
         <input_file_ref idref="fl-7"/>
      </object_component>
      <object_component id="oc-e2">
         <name>.debug_info</name>
         <load_address>0x26dc</load_address>
         <run_address>0x26dc</run_address>
         <size>0x197</size>
         <input_file_ref idref="fl-9"/>
      </object_component>
      <object_component id="oc-7b">
         <name>.debug_info</name>
         <load_address>0x2873</load_address>
         <run_address>0x2873</run_address>
         <size>0x10ba</size>
         <input_file_ref idref="fl-9"/>
      </object_component>
      <object_component id="oc-25">
         <name>.debug_info</name>
         <load_address>0x392d</load_address>
         <run_address>0x392d</run_address>
         <size>0x1a2</size>
         <input_file_ref idref="fl-9"/>
      </object_component>
      <object_component id="oc-dd">
         <name>.debug_info</name>
         <load_address>0x3acf</load_address>
         <run_address>0x3acf</run_address>
         <size>0x168</size>
         <input_file_ref idref="fl-9"/>
      </object_component>
      <object_component id="oc-162">
         <name>.debug_info</name>
         <load_address>0x3c37</load_address>
         <run_address>0x3c37</run_address>
         <size>0xfc</size>
         <input_file_ref idref="fl-a"/>
      </object_component>
      <object_component id="oc-f3">
         <name>.debug_info</name>
         <load_address>0x3d33</load_address>
         <run_address>0x3d33</run_address>
         <size>0x711</size>
         <input_file_ref idref="fl-a"/>
      </object_component>
      <object_component id="oc-c9">
         <name>.debug_info</name>
         <load_address>0x4444</load_address>
         <run_address>0x4444</run_address>
         <size>0x1c5</size>
         <input_file_ref idref="fl-c"/>
      </object_component>
      <object_component id="oc-6f">
         <name>.debug_info</name>
         <load_address>0x4609</load_address>
         <run_address>0x4609</run_address>
         <size>0x60e</size>
         <input_file_ref idref="fl-c"/>
      </object_component>
      <object_component id="oc-139">
         <name>.debug_info</name>
         <load_address>0x4c17</load_address>
         <run_address>0x4c17</run_address>
         <size>0xadd</size>
         <input_file_ref idref="fl-c"/>
      </object_component>
      <object_component id="oc-ca">
         <name>.debug_info</name>
         <load_address>0x56f4</load_address>
         <run_address>0x56f4</run_address>
         <size>0x6eb</size>
         <input_file_ref idref="fl-c"/>
      </object_component>
      <object_component id="oc-175">
         <name>.debug_info</name>
         <load_address>0x5ddf</load_address>
         <run_address>0x5ddf</run_address>
         <size>0x10c</size>
         <input_file_ref idref="fl-d"/>
      </object_component>
      <object_component id="oc-d0">
         <name>.debug_info</name>
         <load_address>0x5eeb</load_address>
         <run_address>0x5eeb</run_address>
         <size>0x116</size>
         <input_file_ref idref="fl-d"/>
      </object_component>
      <object_component id="oc-14b">
         <name>.debug_info</name>
         <load_address>0x6001</load_address>
         <run_address>0x6001</run_address>
         <size>0x199</size>
         <input_file_ref idref="fl-d"/>
      </object_component>
      <object_component id="oc-6a">
         <name>.debug_info</name>
         <load_address>0x619a</load_address>
         <run_address>0x619a</run_address>
         <size>0x810</size>
         <input_file_ref idref="fl-e"/>
      </object_component>
      <object_component id="oc-2e">
         <name>.debug_info</name>
         <load_address>0x69aa</load_address>
         <run_address>0x69aa</run_address>
         <size>0x106</size>
         <input_file_ref idref="fl-10"/>
      </object_component>
      <object_component id="oc-81">
         <name>.debug_info</name>
         <load_address>0x6ab0</load_address>
         <run_address>0x6ab0</run_address>
         <size>0x43d</size>
         <input_file_ref idref="fl-11"/>
      </object_component>
      <object_component id="oc-174">
         <name>.debug_info</name>
         <load_address>0x6eed</load_address>
         <run_address>0x6eed</run_address>
         <size>0x14d</size>
         <input_file_ref idref="fl-12"/>
      </object_component>
      <object_component id="oc-146">
         <name>.debug_info</name>
         <load_address>0x703a</load_address>
         <run_address>0x703a</run_address>
         <size>0x457</size>
         <input_file_ref idref="fl-12"/>
      </object_component>
      <object_component id="oc-33">
         <name>.debug_info</name>
         <load_address>0x7491</load_address>
         <run_address>0x7491</run_address>
         <size>0x137</size>
         <input_file_ref idref="fl-13"/>
      </object_component>
      <object_component id="oc-1f">
         <name>.debug_info</name>
         <load_address>0x75c8</load_address>
         <run_address>0x75c8</run_address>
         <size>0x2ad</size>
         <input_file_ref idref="fl-16"/>
      </object_component>
      <object_component id="oc-a0">
         <name>.debug_info</name>
         <load_address>0x7875</load_address>
         <run_address>0x7875</run_address>
         <size>0x29a</size>
         <input_file_ref idref="fl-17"/>
      </object_component>
      <object_component id="oc-2b">
         <name>.debug_info</name>
         <load_address>0x7b0f</load_address>
         <run_address>0x7b0f</run_address>
         <size>0xd9</size>
         <input_file_ref idref="fl-17"/>
      </object_component>
      <object_component id="oc-3a">
         <name>.debug_info</name>
         <load_address>0x7be8</load_address>
         <run_address>0x7be8</run_address>
         <size>0x489</size>
         <input_file_ref idref="fl-17"/>
      </object_component>
      <object_component id="oc-3f">
         <name>.debug_info</name>
         <load_address>0x8071</load_address>
         <run_address>0x8071</run_address>
         <size>0x1f4</size>
         <input_file_ref idref="fl-17"/>
      </object_component>
      <object_component id="oc-131">
         <name>.debug_info</name>
         <load_address>0x8265</load_address>
         <run_address>0x8265</run_address>
         <size>0x5d</size>
         <input_file_ref idref="fl-17"/>
      </object_component>
      <object_component id="oc-db">
         <name>.debug_info</name>
         <load_address>0x82c2</load_address>
         <run_address>0x82c2</run_address>
         <size>0x24a</size>
         <input_file_ref idref="fl-18"/>
      </object_component>
      <object_component id="oc-75">
         <name>.debug_info</name>
         <load_address>0x850c</load_address>
         <run_address>0x850c</run_address>
         <size>0x589</size>
         <input_file_ref idref="fl-18"/>
      </object_component>
      <object_component id="oc-eb">
         <name>.debug_info</name>
         <load_address>0x8a95</load_address>
         <run_address>0x8a95</run_address>
         <size>0x286</size>
         <input_file_ref idref="fl-13e"/>
      </object_component>
      <object_component id="oc-88">
         <name>.debug_info</name>
         <load_address>0x8d1b</load_address>
         <run_address>0x8d1b</run_address>
         <size>0x140</size>
         <input_file_ref idref="fl-13e"/>
      </object_component>
      <object_component id="oc-b7">
         <name>.debug_info</name>
         <load_address>0x8e5b</load_address>
         <run_address>0x8e5b</run_address>
         <size>0x84</size>
         <input_file_ref idref="fl-13e"/>
      </object_component>
      <object_component id="oc-156">
         <name>.debug_info</name>
         <load_address>0x8edf</load_address>
         <run_address>0x8edf</run_address>
         <size>0x39</size>
         <input_file_ref idref="fl-13e"/>
      </object_component>
      <object_component id="oc-15b">
         <name>.debug_info</name>
         <load_address>0x8f18</load_address>
         <run_address>0x8f18</run_address>
         <size>0xcd</size>
         <input_file_ref idref="fl-13e"/>
      </object_component>
      <object_component id="oc-4f">
         <name>.debug_info</name>
         <load_address>0x8fe5</load_address>
         <run_address>0x8fe5</run_address>
         <size>0x104</size>
         <input_file_ref idref="fl-13f"/>
      </object_component>
      <object_component id="oc-e">
         <name>.debug_info</name>
         <load_address>0x90e9</load_address>
         <run_address>0x90e9</run_address>
         <size>0x193</size>
         <input_file_ref idref="fl-13f"/>
      </object_component>
      <object_component id="oc-4a">
         <name>.debug_info</name>
         <load_address>0x927c</load_address>
         <run_address>0x927c</run_address>
         <size>0x46</size>
         <input_file_ref idref="fl-13f"/>
      </object_component>
      <object_component id="oc-b0">
         <name>.debug_info</name>
         <load_address>0x92c2</load_address>
         <run_address>0x92c2</run_address>
         <size>0x2c</size>
         <input_file_ref idref="fl-13f"/>
      </object_component>
      <object_component id="oc-57">
         <name>.debug_info</name>
         <load_address>0x92ee</load_address>
         <run_address>0x92ee</run_address>
         <size>0xfd</size>
         <input_file_ref idref="fl-140"/>
      </object_component>
      <object_component id="oc-53">
         <name>.debug_info</name>
         <load_address>0x93eb</load_address>
         <run_address>0x93eb</run_address>
         <size>0x210</size>
         <input_file_ref idref="fl-140"/>
      </object_component>
      <object_component id="oc-16">
         <name>.debug_info</name>
         <load_address>0x95fb</load_address>
         <run_address>0x95fb</run_address>
         <size>0x17a</size>
         <input_file_ref idref="fl-140"/>
      </object_component>
      <object_component id="oc-58">
         <name>.debug_info</name>
         <load_address>0x9775</load_address>
         <run_address>0x9775</run_address>
         <size>0x39</size>
         <input_file_ref idref="fl-140"/>
      </object_component>
      <object_component id="oc-bf">
         <name>.debug_info</name>
         <load_address>0x97ae</load_address>
         <run_address>0x97ae</run_address>
         <size>0x2c</size>
         <input_file_ref idref="fl-140"/>
      </object_component>
      <object_component id="oc-153">
         <name>.debug_info</name>
         <load_address>0x97da</load_address>
         <run_address>0x97da</run_address>
         <size>0x1a9</size>
         <input_file_ref idref="fl-142"/>
      </object_component>
      <object_component id="oc-e6">
         <name>.debug_info</name>
         <load_address>0x9983</load_address>
         <run_address>0x9983</run_address>
         <size>0x14c</size>
         <input_file_ref idref="fl-142"/>
      </object_component>
      <object_component id="oc-178">
         <name>.debug_info</name>
         <load_address>0x9acf</load_address>
         <run_address>0x9acf</run_address>
         <size>0x2c</size>
         <input_file_ref idref="fl-142"/>
      </object_component>
      <object_component id="oc-105">
         <name>.debug_info</name>
         <load_address>0x9afb</load_address>
         <run_address>0x9afb</run_address>
         <size>0x15a</size>
         <input_file_ref idref="fl-143"/>
      </object_component>
      <object_component id="oc-102">
         <name>.debug_info</name>
         <load_address>0x9c55</load_address>
         <run_address>0x9c55</run_address>
         <size>0xff</size>
         <input_file_ref idref="fl-143"/>
      </object_component>
      <object_component id="oc-95">
         <name>.debug_info</name>
         <load_address>0x9d54</load_address>
         <run_address>0x9d54</run_address>
         <size>0x1d6</size>
         <input_file_ref idref="fl-143"/>
      </object_component>
      <object_component id="oc-46">
         <name>.debug_info</name>
         <load_address>0x9f2a</load_address>
         <run_address>0x9f2a</run_address>
         <size>0x149</size>
         <input_file_ref idref="fl-144"/>
      </object_component>
      <object_component id="oc-5e">
         <name>.debug_info</name>
         <load_address>0xa073</load_address>
         <run_address>0xa073</run_address>
         <size>0x111</size>
         <input_file_ref idref="fl-145"/>
      </object_component>
      <object_component id="oc-16b">
         <name>.debug_info</name>
         <load_address>0xa184</load_address>
         <run_address>0xa184</run_address>
         <size>0xed</size>
         <input_file_ref idref="fl-146"/>
      </object_component>
      <object_component id="oc-ff">
         <name>.debug_info</name>
         <load_address>0xa271</load_address>
         <run_address>0xa271</run_address>
         <size>0xdc</size>
         <input_file_ref idref="fl-146"/>
      </object_component>
      <object_component id="oc-166">
         <name>.debug_info</name>
         <load_address>0xa34d</load_address>
         <run_address>0xa34d</run_address>
         <size>0x1e8</size>
         <input_file_ref idref="fl-146"/>
      </object_component>
      <object_component id="oc-1ae">
         <name>.debug_info</name>
         <load_address>0xa535</load_address>
         <run_address>0xa535</run_address>
         <size>0x9f</size>
      </object_component>
      <object_component id="oc-9c">
         <name>.debug_line</name>
         <load_address>0x0</load_address>
         <run_address>0x0</run_address>
         <size>0x67</size>
         <input_file_ref idref="fl-2"/>
      </object_component>
      <object_component id="oc-fc">
         <name>.debug_line</name>
         <load_address>0x67</load_address>
         <run_address>0x67</run_address>
         <size>0x20</size>
         <input_file_ref idref="fl-2"/>
      </object_component>
      <object_component id="oc-10a">
         <name>.debug_line</name>
         <load_address>0x87</load_address>
         <run_address>0x87</run_address>
         <size>0x60</size>
         <input_file_ref idref="fl-2"/>
      </object_component>
      <object_component id="oc-ac">
         <name>.debug_line</name>
         <load_address>0xe7</load_address>
         <run_address>0xe7</run_address>
         <size>0x65</size>
         <input_file_ref idref="fl-2"/>
      </object_component>
      <object_component id="oc-188">
         <name>.debug_line</name>
         <load_address>0x14c</load_address>
         <run_address>0x14c</run_address>
         <size>0x5e</size>
         <input_file_ref idref="fl-5"/>
      </object_component>
      <object_component id="oc-f0">
         <name>.debug_line</name>
         <load_address>0x1aa</load_address>
         <run_address>0x1aa</run_address>
         <size>0x55</size>
         <input_file_ref idref="fl-5"/>
      </object_component>
      <object_component id="oc-120">
         <name>.debug_line</name>
         <load_address>0x1ff</load_address>
         <run_address>0x1ff</run_address>
         <size>0x62</size>
         <input_file_ref idref="fl-5"/>
      </object_component>
      <object_component id="oc-182">
         <name>.debug_line</name>
         <load_address>0x261</load_address>
         <run_address>0x261</run_address>
         <size>0x5e</size>
         <input_file_ref idref="fl-5"/>
      </object_component>
      <object_component id="oc-8f">
         <name>.debug_line</name>
         <load_address>0x2bf</load_address>
         <run_address>0x2bf</run_address>
         <size>0x54</size>
         <input_file_ref idref="fl-6"/>
      </object_component>
      <object_component id="oc-173">
         <name>.debug_line</name>
         <load_address>0x313</load_address>
         <run_address>0x313</run_address>
         <size>0x20</size>
         <input_file_ref idref="fl-7"/>
      </object_component>
      <object_component id="oc-d9">
         <name>.debug_line</name>
         <load_address>0x333</load_address>
         <run_address>0x333</run_address>
         <size>0x61</size>
         <input_file_ref idref="fl-7"/>
      </object_component>
      <object_component id="oc-a7">
         <name>.debug_line</name>
         <load_address>0x394</load_address>
         <run_address>0x394</run_address>
         <size>0x62</size>
         <input_file_ref idref="fl-7"/>
      </object_component>
      <object_component id="oc-111">
         <name>.debug_line</name>
         <load_address>0x3f6</load_address>
         <run_address>0x3f6</run_address>
         <size>0x64</size>
         <input_file_ref idref="fl-7"/>
      </object_component>
      <object_component id="oc-141">
         <name>.debug_line</name>
         <load_address>0x45a</load_address>
         <run_address>0x45a</run_address>
         <size>0x62</size>
         <input_file_ref idref="fl-7"/>
      </object_component>
      <object_component id="oc-116">
         <name>.debug_line</name>
         <load_address>0x4bc</load_address>
         <run_address>0x4bc</run_address>
         <size>0x62</size>
         <input_file_ref idref="fl-7"/>
      </object_component>
      <object_component id="oc-11b">
         <name>.debug_line</name>
         <load_address>0x51e</load_address>
         <run_address>0x51e</run_address>
         <size>0x64</size>
         <input_file_ref idref="fl-7"/>
      </object_component>
      <object_component id="oc-125">
         <name>.debug_line</name>
         <load_address>0x582</load_address>
         <run_address>0x582</run_address>
         <size>0x65</size>
         <input_file_ref idref="fl-7"/>
      </object_component>
      <object_component id="oc-12a">
         <name>.debug_line</name>
         <load_address>0x5e7</load_address>
         <run_address>0x5e7</run_address>
         <size>0x65</size>
         <input_file_ref idref="fl-7"/>
      </object_component>
      <object_component id="oc-12f">
         <name>.debug_line</name>
         <load_address>0x64c</load_address>
         <run_address>0x64c</run_address>
         <size>0x62</size>
         <input_file_ref idref="fl-7"/>
      </object_component>
      <object_component id="oc-151">
         <name>.debug_line</name>
         <load_address>0x6ae</load_address>
         <run_address>0x6ae</run_address>
         <size>0x5e</size>
         <input_file_ref idref="fl-9"/>
      </object_component>
      <object_component id="oc-7e">
         <name>.debug_line</name>
         <load_address>0x70c</load_address>
         <run_address>0x70c</run_address>
         <size>0x365</size>
         <input_file_ref idref="fl-9"/>
      </object_component>
      <object_component id="oc-28">
         <name>.debug_line</name>
         <load_address>0xa71</load_address>
         <run_address>0xa71</run_address>
         <size>0x7c</size>
         <input_file_ref idref="fl-9"/>
      </object_component>
      <object_component id="oc-e0">
         <name>.debug_line</name>
         <load_address>0xaed</load_address>
         <run_address>0xaed</run_address>
         <size>0x5e</size>
         <input_file_ref idref="fl-9"/>
      </object_component>
      <object_component id="oc-17e">
         <name>.debug_line</name>
         <load_address>0xb4b</load_address>
         <run_address>0xb4b</run_address>
         <size>0x20</size>
         <input_file_ref idref="fl-a"/>
      </object_component>
      <object_component id="oc-f6">
         <name>.debug_line</name>
         <load_address>0xb6b</load_address>
         <run_address>0xb6b</run_address>
         <size>0x1a1</size>
         <input_file_ref idref="fl-a"/>
      </object_component>
      <object_component id="oc-138">
         <name>.debug_line</name>
         <load_address>0xd0c</load_address>
         <run_address>0xd0c</run_address>
         <size>0x20</size>
         <input_file_ref idref="fl-c"/>
      </object_component>
      <object_component id="oc-72">
         <name>.debug_line</name>
         <load_address>0xd2c</load_address>
         <run_address>0xd2c</run_address>
         <size>0xd5</size>
         <input_file_ref idref="fl-c"/>
      </object_component>
      <object_component id="oc-13c">
         <name>.debug_line</name>
         <load_address>0xe01</load_address>
         <run_address>0xe01</run_address>
         <size>0x62</size>
         <input_file_ref idref="fl-c"/>
      </object_component>
      <object_component id="oc-cd">
         <name>.debug_line</name>
         <load_address>0xe63</load_address>
         <run_address>0xe63</run_address>
         <size>0x62</size>
         <input_file_ref idref="fl-c"/>
      </object_component>
      <object_component id="oc-18c">
         <name>.debug_line</name>
         <load_address>0xec5</load_address>
         <run_address>0xec5</run_address>
         <size>0x20</size>
         <input_file_ref idref="fl-d"/>
      </object_component>
      <object_component id="oc-d3">
         <name>.debug_line</name>
         <load_address>0xee5</load_address>
         <run_address>0xee5</run_address>
         <size>0xdc</size>
         <input_file_ref idref="fl-d"/>
      </object_component>
      <object_component id="oc-14e">
         <name>.debug_line</name>
         <load_address>0xfc1</load_address>
         <run_address>0xfc1</run_address>
         <size>0x65</size>
         <input_file_ref idref="fl-d"/>
      </object_component>
      <object_component id="oc-6d">
         <name>.debug_line</name>
         <load_address>0x1026</load_address>
         <run_address>0x1026</run_address>
         <size>0x307</size>
         <input_file_ref idref="fl-e"/>
      </object_component>
      <object_component id="oc-31">
         <name>.debug_line</name>
         <load_address>0x132d</load_address>
         <run_address>0x132d</run_address>
         <size>0x52</size>
         <input_file_ref idref="fl-10"/>
      </object_component>
      <object_component id="oc-84">
         <name>.debug_line</name>
         <load_address>0x137f</load_address>
         <run_address>0x137f</run_address>
         <size>0x1fd</size>
         <input_file_ref idref="fl-11"/>
      </object_component>
      <object_component id="oc-18a">
         <name>.debug_line</name>
         <load_address>0x157c</load_address>
         <run_address>0x157c</run_address>
         <size>0x20</size>
         <input_file_ref idref="fl-12"/>
      </object_component>
      <object_component id="oc-149">
         <name>.debug_line</name>
         <load_address>0x159c</load_address>
         <run_address>0x159c</run_address>
         <size>0x62</size>
         <input_file_ref idref="fl-12"/>
      </object_component>
      <object_component id="oc-36">
         <name>.debug_line</name>
         <load_address>0x15fe</load_address>
         <run_address>0x15fe</run_address>
         <size>0x4e</size>
         <input_file_ref idref="fl-13"/>
      </object_component>
      <object_component id="oc-22">
         <name>.debug_line</name>
         <load_address>0x164c</load_address>
         <run_address>0x164c</run_address>
         <size>0x7d</size>
         <input_file_ref idref="fl-16"/>
      </object_component>
      <object_component id="oc-10d">
         <name>.debug_line</name>
         <load_address>0x16c9</load_address>
         <run_address>0x16c9</run_address>
         <size>0xa0</size>
         <input_file_ref idref="fl-17"/>
      </object_component>
      <object_component id="oc-9f">
         <name>.debug_line</name>
         <load_address>0x1769</load_address>
         <run_address>0x1769</run_address>
         <size>0x3a</size>
         <input_file_ref idref="fl-17"/>
      </object_component>
      <object_component id="oc-3d">
         <name>.debug_line</name>
         <load_address>0x17a3</load_address>
         <run_address>0x17a3</run_address>
         <size>0x1b2</size>
         <input_file_ref idref="fl-17"/>
      </object_component>
      <object_component id="oc-42">
         <name>.debug_line</name>
         <load_address>0x1955</load_address>
         <run_address>0x1955</run_address>
         <size>0xbc</size>
         <input_file_ref idref="fl-17"/>
      </object_component>
      <object_component id="oc-134">
         <name>.debug_line</name>
         <load_address>0x1a11</load_address>
         <run_address>0x1a11</run_address>
         <size>0x3a</size>
         <input_file_ref idref="fl-17"/>
      </object_component>
      <object_component id="oc-145">
         <name>.debug_line</name>
         <load_address>0x1a4b</load_address>
         <run_address>0x1a4b</run_address>
         <size>0xa4</size>
         <input_file_ref idref="fl-18"/>
      </object_component>
      <object_component id="oc-78">
         <name>.debug_line</name>
         <load_address>0x1aef</load_address>
         <run_address>0x1aef</run_address>
         <size>0x22e</size>
         <input_file_ref idref="fl-18"/>
      </object_component>
      <object_component id="oc-155">
         <name>.debug_line</name>
         <load_address>0x1d1d</load_address>
         <run_address>0x1d1d</run_address>
         <size>0x69</size>
         <input_file_ref idref="fl-13e"/>
      </object_component>
      <object_component id="oc-8a">
         <name>.debug_line</name>
         <load_address>0x1d86</load_address>
         <run_address>0x1d86</run_address>
         <size>0x85</size>
         <input_file_ref idref="fl-13e"/>
      </object_component>
      <object_component id="oc-ba">
         <name>.debug_line</name>
         <load_address>0x1e0b</load_address>
         <run_address>0x1e0b</run_address>
         <size>0x20</size>
         <input_file_ref idref="fl-13e"/>
      </object_component>
      <object_component id="oc-159">
         <name>.debug_line</name>
         <load_address>0x1e2b</load_address>
         <run_address>0x1e2b</run_address>
         <size>0x2e</size>
         <input_file_ref idref="fl-13e"/>
      </object_component>
      <object_component id="oc-15e">
         <name>.debug_line</name>
         <load_address>0x1e59</load_address>
         <run_address>0x1e59</run_address>
         <size>0x5b</size>
         <input_file_ref idref="fl-13e"/>
      </object_component>
      <object_component id="oc-b6">
         <name>.debug_line</name>
         <load_address>0x1eb4</load_address>
         <run_address>0x1eb4</run_address>
         <size>0x5a</size>
         <input_file_ref idref="fl-13f"/>
      </object_component>
      <object_component id="oc-11">
         <name>.debug_line</name>
         <load_address>0x1f0e</load_address>
         <run_address>0x1f0e</run_address>
         <size>0x55</size>
         <input_file_ref idref="fl-13f"/>
      </object_component>
      <object_component id="oc-4d">
         <name>.debug_line</name>
         <load_address>0x1f63</load_address>
         <run_address>0x1f63</run_address>
         <size>0x3a</size>
         <input_file_ref idref="fl-13f"/>
      </object_component>
      <object_component id="oc-b3">
         <name>.debug_line</name>
         <load_address>0x1f9d</load_address>
         <run_address>0x1f9d</run_address>
         <size>0x5a</size>
         <input_file_ref idref="fl-13f"/>
      </object_component>
      <object_component id="oc-be">
         <name>.debug_line</name>
         <load_address>0x1ff7</load_address>
         <run_address>0x1ff7</run_address>
         <size>0x5a</size>
         <input_file_ref idref="fl-140"/>
      </object_component>
      <object_component id="oc-52">
         <name>.debug_line</name>
         <load_address>0x2051</load_address>
         <run_address>0x2051</run_address>
         <size>0xa3</size>
         <input_file_ref idref="fl-140"/>
      </object_component>
      <object_component id="oc-14">
         <name>.debug_line</name>
         <load_address>0x20f4</load_address>
         <run_address>0x20f4</run_address>
         <size>0x4b</size>
         <input_file_ref idref="fl-140"/>
      </object_component>
      <object_component id="oc-5b">
         <name>.debug_line</name>
         <load_address>0x213f</load_address>
         <run_address>0x213f</run_address>
         <size>0x39</size>
         <input_file_ref idref="fl-140"/>
      </object_component>
      <object_component id="oc-c2">
         <name>.debug_line</name>
         <load_address>0x2178</load_address>
         <run_address>0x2178</run_address>
         <size>0x5a</size>
         <input_file_ref idref="fl-140"/>
      </object_component>
      <object_component id="oc-177">
         <name>.debug_line</name>
         <load_address>0x21d2</load_address>
         <run_address>0x21d2</run_address>
         <size>0x68</size>
         <input_file_ref idref="fl-142"/>
      </object_component>
      <object_component id="oc-e5">
         <name>.debug_line</name>
         <load_address>0x223a</load_address>
         <run_address>0x223a</run_address>
         <size>0x78</size>
         <input_file_ref idref="fl-142"/>
      </object_component>
      <object_component id="oc-17b">
         <name>.debug_line</name>
         <load_address>0x22b2</load_address>
         <run_address>0x22b2</run_address>
         <size>0x2e</size>
         <input_file_ref idref="fl-142"/>
      </object_component>
      <object_component id="oc-170">
         <name>.debug_line</name>
         <load_address>0x22e0</load_address>
         <run_address>0x22e0</run_address>
         <size>0x59</size>
         <input_file_ref idref="fl-143"/>
      </object_component>
      <object_component id="oc-16e">
         <name>.debug_line</name>
         <load_address>0x2339</load_address>
         <run_address>0x2339</run_address>
         <size>0x2a</size>
         <input_file_ref idref="fl-143"/>
      </object_component>
      <object_component id="oc-94">
         <name>.debug_line</name>
         <load_address>0x2363</load_address>
         <run_address>0x2363</run_address>
         <size>0x80</size>
         <input_file_ref idref="fl-143"/>
      </object_component>
      <object_component id="oc-45">
         <name>.debug_line</name>
         <load_address>0x23e3</load_address>
         <run_address>0x23e3</run_address>
         <size>0x9a</size>
         <input_file_ref idref="fl-144"/>
      </object_component>
      <object_component id="oc-61">
         <name>.debug_line</name>
         <load_address>0x247d</load_address>
         <run_address>0x247d</run_address>
         <size>0x73</size>
         <input_file_ref idref="fl-145"/>
      </object_component>
      <object_component id="oc-186">
         <name>.debug_line</name>
         <load_address>0x24f0</load_address>
         <run_address>0x24f0</run_address>
         <size>0x20</size>
         <input_file_ref idref="fl-146"/>
      </object_component>
      <object_component id="oc-16a">
         <name>.debug_line</name>
         <load_address>0x2510</load_address>
         <run_address>0x2510</run_address>
         <size>0x2b</size>
         <input_file_ref idref="fl-146"/>
      </object_component>
      <object_component id="oc-168">
         <name>.debug_line</name>
         <load_address>0x253b</load_address>
         <run_address>0x253b</run_address>
         <size>0x64</size>
         <input_file_ref idref="fl-146"/>
      </object_component>
      <object_component id="oc-9b">
         <name>.debug_abbrev</name>
         <load_address>0x0</load_address>
         <run_address>0x0</run_address>
         <size>0x5a</size>
         <input_file_ref idref="fl-2"/>
      </object_component>
      <object_component id="oc-fb">
         <name>.debug_abbrev</name>
         <load_address>0x5a</load_address>
         <run_address>0x5a</run_address>
         <size>0x1f</size>
         <input_file_ref idref="fl-2"/>
      </object_component>
      <object_component id="oc-109">
         <name>.debug_abbrev</name>
         <load_address>0x79</load_address>
         <run_address>0x79</run_address>
         <size>0x35</size>
         <input_file_ref idref="fl-2"/>
      </object_component>
      <object_component id="oc-ab">
         <name>.debug_abbrev</name>
         <load_address>0xae</load_address>
         <run_address>0xae</run_address>
         <size>0x55</size>
         <input_file_ref idref="fl-2"/>
      </object_component>
      <object_component id="oc-187">
         <name>.debug_abbrev</name>
         <load_address>0x103</load_address>
         <run_address>0x103</run_address>
         <size>0x37</size>
         <input_file_ref idref="fl-5"/>
      </object_component>
      <object_component id="oc-160">
         <name>.debug_abbrev</name>
         <load_address>0x13a</load_address>
         <run_address>0x13a</run_address>
         <size>0x5e</size>
         <input_file_ref idref="fl-5"/>
      </object_component>
      <object_component id="oc-11f">
         <name>.debug_abbrev</name>
         <load_address>0x198</load_address>
         <run_address>0x198</run_address>
         <size>0x4b</size>
         <input_file_ref idref="fl-5"/>
      </object_component>
      <object_component id="oc-181">
         <name>.debug_abbrev</name>
         <load_address>0x1e3</load_address>
         <run_address>0x1e3</run_address>
         <size>0x4b</size>
         <input_file_ref idref="fl-5"/>
      </object_component>
      <object_component id="oc-f8">
         <name>.debug_abbrev</name>
         <load_address>0x22e</load_address>
         <run_address>0x22e</run_address>
         <size>0x62</size>
         <input_file_ref idref="fl-6"/>
      </object_component>
      <object_component id="oc-172">
         <name>.debug_abbrev</name>
         <load_address>0x290</load_address>
         <run_address>0x290</run_address>
         <size>0x54</size>
         <input_file_ref idref="fl-7"/>
      </object_component>
      <object_component id="oc-d8">
         <name>.debug_abbrev</name>
         <load_address>0x2e4</load_address>
         <run_address>0x2e4</run_address>
         <size>0xba</size>
         <input_file_ref idref="fl-7"/>
      </object_component>
      <object_component id="oc-a6">
         <name>.debug_abbrev</name>
         <load_address>0x39e</load_address>
         <run_address>0x39e</run_address>
         <size>0x7c</size>
         <input_file_ref idref="fl-7"/>
      </object_component>
      <object_component id="oc-110">
         <name>.debug_abbrev</name>
         <load_address>0x41a</load_address>
         <run_address>0x41a</run_address>
         <size>0x4b</size>
         <input_file_ref idref="fl-7"/>
      </object_component>
      <object_component id="oc-140">
         <name>.debug_abbrev</name>
         <load_address>0x465</load_address>
         <run_address>0x465</run_address>
         <size>0x4b</size>
         <input_file_ref idref="fl-7"/>
      </object_component>
      <object_component id="oc-115">
         <name>.debug_abbrev</name>
         <load_address>0x4b0</load_address>
         <run_address>0x4b0</run_address>
         <size>0x4b</size>
         <input_file_ref idref="fl-7"/>
      </object_component>
      <object_component id="oc-11a">
         <name>.debug_abbrev</name>
         <load_address>0x4fb</load_address>
         <run_address>0x4fb</run_address>
         <size>0x4b</size>
         <input_file_ref idref="fl-7"/>
      </object_component>
      <object_component id="oc-124">
         <name>.debug_abbrev</name>
         <load_address>0x546</load_address>
         <run_address>0x546</run_address>
         <size>0x4b</size>
         <input_file_ref idref="fl-7"/>
      </object_component>
      <object_component id="oc-129">
         <name>.debug_abbrev</name>
         <load_address>0x591</load_address>
         <run_address>0x591</run_address>
         <size>0x5c</size>
         <input_file_ref idref="fl-7"/>
      </object_component>
      <object_component id="oc-12e">
         <name>.debug_abbrev</name>
         <load_address>0x5ed</load_address>
         <run_address>0x5ed</run_address>
         <size>0x4b</size>
         <input_file_ref idref="fl-7"/>
      </object_component>
      <object_component id="oc-150">
         <name>.debug_abbrev</name>
         <load_address>0x638</load_address>
         <run_address>0x638</run_address>
         <size>0x6b</size>
         <input_file_ref idref="fl-9"/>
      </object_component>
      <object_component id="oc-dc">
         <name>.debug_abbrev</name>
         <load_address>0x6a3</load_address>
         <run_address>0x6a3</run_address>
         <size>0xc8</size>
         <input_file_ref idref="fl-9"/>
      </object_component>
      <object_component id="oc-98">
         <name>.debug_abbrev</name>
         <load_address>0x76b</load_address>
         <run_address>0x76b</run_address>
         <size>0x6f</size>
         <input_file_ref idref="fl-9"/>
      </object_component>
      <object_component id="oc-df">
         <name>.debug_abbrev</name>
         <load_address>0x7da</load_address>
         <run_address>0x7da</run_address>
         <size>0x6b</size>
         <input_file_ref idref="fl-9"/>
      </object_component>
      <object_component id="oc-17d">
         <name>.debug_abbrev</name>
         <load_address>0x845</load_address>
         <run_address>0x845</run_address>
         <size>0x47</size>
         <input_file_ref idref="fl-a"/>
      </object_component>
      <object_component id="oc-161">
         <name>.debug_abbrev</name>
         <load_address>0x88c</load_address>
         <run_address>0x88c</run_address>
         <size>0xc8</size>
         <input_file_ref idref="fl-a"/>
      </object_component>
      <object_component id="oc-137">
         <name>.debug_abbrev</name>
         <load_address>0x954</load_address>
         <run_address>0x954</run_address>
         <size>0x44</size>
         <input_file_ref idref="fl-c"/>
      </object_component>
      <object_component id="oc-c8">
         <name>.debug_abbrev</name>
         <load_address>0x998</load_address>
         <run_address>0x998</run_address>
         <size>0x6c</size>
         <input_file_ref idref="fl-c"/>
      </object_component>
      <object_component id="oc-13b">
         <name>.debug_abbrev</name>
         <load_address>0xa04</load_address>
         <run_address>0xa04</run_address>
         <size>0x7f</size>
         <input_file_ref idref="fl-c"/>
      </object_component>
      <object_component id="oc-cc">
         <name>.debug_abbrev</name>
         <load_address>0xa83</load_address>
         <run_address>0xa83</run_address>
         <size>0x6b</size>
         <input_file_ref idref="fl-c"/>
      </object_component>
      <object_component id="oc-18b">
         <name>.debug_abbrev</name>
         <load_address>0xaee</load_address>
         <run_address>0xaee</run_address>
         <size>0x44</size>
         <input_file_ref idref="fl-d"/>
      </object_component>
      <object_component id="oc-143">
         <name>.debug_abbrev</name>
         <load_address>0xb32</load_address>
         <run_address>0xb32</run_address>
         <size>0x50</size>
         <input_file_ref idref="fl-d"/>
      </object_component>
      <object_component id="oc-14d">
         <name>.debug_abbrev</name>
         <load_address>0xb82</load_address>
         <run_address>0xb82</run_address>
         <size>0x4b</size>
         <input_file_ref idref="fl-d"/>
      </object_component>
      <object_component id="oc-c7">
         <name>.debug_abbrev</name>
         <load_address>0xbcd</load_address>
         <run_address>0xbcd</run_address>
         <size>0x44</size>
         <input_file_ref idref="fl-e"/>
      </object_component>
      <object_component id="oc-a1">
         <name>.debug_abbrev</name>
         <load_address>0xc11</load_address>
         <run_address>0xc11</run_address>
         <size>0x38</size>
         <input_file_ref idref="fl-10"/>
      </object_component>
      <object_component id="oc-e3">
         <name>.debug_abbrev</name>
         <load_address>0xc49</load_address>
         <run_address>0xc49</run_address>
         <size>0x36</size>
         <input_file_ref idref="fl-11"/>
      </object_component>
      <object_component id="oc-189">
         <name>.debug_abbrev</name>
         <load_address>0xc7f</load_address>
         <run_address>0xc7f</run_address>
         <size>0x44</size>
         <input_file_ref idref="fl-12"/>
      </object_component>
      <object_component id="oc-148">
         <name>.debug_abbrev</name>
         <load_address>0xcc3</load_address>
         <run_address>0xcc3</run_address>
         <size>0x5a</size>
         <input_file_ref idref="fl-12"/>
      </object_component>
      <object_component id="oc-a2">
         <name>.debug_abbrev</name>
         <load_address>0xd1d</load_address>
         <run_address>0xd1d</run_address>
         <size>0x53</size>
         <input_file_ref idref="fl-13"/>
      </object_component>
      <object_component id="oc-97">
         <name>.debug_abbrev</name>
         <load_address>0xd70</load_address>
         <run_address>0xd70</run_address>
         <size>0x55</size>
         <input_file_ref idref="fl-16"/>
      </object_component>
      <object_component id="oc-10c">
         <name>.debug_abbrev</name>
         <load_address>0xdc5</load_address>
         <run_address>0xdc5</run_address>
         <size>0xa0</size>
         <input_file_ref idref="fl-17"/>
      </object_component>
      <object_component id="oc-9e">
         <name>.debug_abbrev</name>
         <load_address>0xe65</load_address>
         <run_address>0xe65</run_address>
         <size>0x27</size>
         <input_file_ref idref="fl-17"/>
      </object_component>
      <object_component id="oc-a3">
         <name>.debug_abbrev</name>
         <load_address>0xe8c</load_address>
         <run_address>0xe8c</run_address>
         <size>0xa4</size>
         <input_file_ref idref="fl-17"/>
      </object_component>
      <object_component id="oc-ae">
         <name>.debug_abbrev</name>
         <load_address>0xf30</load_address>
         <run_address>0xf30</run_address>
         <size>0x6f</size>
         <input_file_ref idref="fl-17"/>
      </object_component>
      <object_component id="oc-133">
         <name>.debug_abbrev</name>
         <load_address>0xf9f</load_address>
         <run_address>0xf9f</run_address>
         <size>0x5c</size>
         <input_file_ref idref="fl-17"/>
      </object_component>
      <object_component id="oc-144">
         <name>.debug_abbrev</name>
         <load_address>0xffb</load_address>
         <run_address>0xffb</run_address>
         <size>0x6c</size>
         <input_file_ref idref="fl-18"/>
      </object_component>
      <object_component id="oc-d5">
         <name>.debug_abbrev</name>
         <load_address>0x1067</load_address>
         <run_address>0x1067</run_address>
         <size>0x103</size>
         <input_file_ref idref="fl-18"/>
      </object_component>
      <object_component id="oc-154">
         <name>.debug_abbrev</name>
         <load_address>0x116a</load_address>
         <run_address>0x116a</run_address>
         <size>0x9a</size>
         <input_file_ref idref="fl-13e"/>
      </object_component>
      <object_component id="oc-ea">
         <name>.debug_abbrev</name>
         <load_address>0x1204</load_address>
         <run_address>0x1204</run_address>
         <size>0x7e</size>
         <input_file_ref idref="fl-13e"/>
      </object_component>
      <object_component id="oc-b9">
         <name>.debug_abbrev</name>
         <load_address>0x1282</load_address>
         <run_address>0x1282</run_address>
         <size>0x1f</size>
         <input_file_ref idref="fl-13e"/>
      </object_component>
      <object_component id="oc-158">
         <name>.debug_abbrev</name>
         <load_address>0x12a1</load_address>
         <run_address>0x12a1</run_address>
         <size>0x24</size>
         <input_file_ref idref="fl-13e"/>
      </object_component>
      <object_component id="oc-15d">
         <name>.debug_abbrev</name>
         <load_address>0x12c5</load_address>
         <run_address>0x12c5</run_address>
         <size>0x4b</size>
         <input_file_ref idref="fl-13e"/>
      </object_component>
      <object_component id="oc-b5">
         <name>.debug_abbrev</name>
         <load_address>0x1310</load_address>
         <run_address>0x1310</run_address>
         <size>0x52</size>
         <input_file_ref idref="fl-13f"/>
      </object_component>
      <object_component id="oc-49">
         <name>.debug_abbrev</name>
         <load_address>0x1362</load_address>
         <run_address>0x1362</run_address>
         <size>0x74</size>
         <input_file_ref idref="fl-13f"/>
      </object_component>
      <object_component id="oc-4c">
         <name>.debug_abbrev</name>
         <load_address>0x13d6</load_address>
         <run_address>0x13d6</run_address>
         <size>0x24</size>
         <input_file_ref idref="fl-13f"/>
      </object_component>
      <object_component id="oc-b2">
         <name>.debug_abbrev</name>
         <load_address>0x13fa</load_address>
         <run_address>0x13fa</run_address>
         <size>0x24</size>
         <input_file_ref idref="fl-13f"/>
      </object_component>
      <object_component id="oc-bd">
         <name>.debug_abbrev</name>
         <load_address>0x141e</load_address>
         <run_address>0x141e</run_address>
         <size>0x52</size>
         <input_file_ref idref="fl-140"/>
      </object_component>
      <object_component id="oc-bc">
         <name>.debug_abbrev</name>
         <load_address>0x1470</load_address>
         <run_address>0x1470</run_address>
         <size>0x7b</size>
         <input_file_ref idref="fl-140"/>
      </object_component>
      <object_component id="oc-56">
         <name>.debug_abbrev</name>
         <load_address>0x14eb</load_address>
         <run_address>0x14eb</run_address>
         <size>0x66</size>
         <input_file_ref idref="fl-140"/>
      </object_component>
      <object_component id="oc-5a">
         <name>.debug_abbrev</name>
         <load_address>0x1551</load_address>
         <run_address>0x1551</run_address>
         <size>0x24</size>
         <input_file_ref idref="fl-140"/>
      </object_component>
      <object_component id="oc-c1">
         <name>.debug_abbrev</name>
         <load_address>0x1575</load_address>
         <run_address>0x1575</run_address>
         <size>0x24</size>
         <input_file_ref idref="fl-140"/>
      </object_component>
      <object_component id="oc-176">
         <name>.debug_abbrev</name>
         <load_address>0x1599</load_address>
         <run_address>0x1599</run_address>
         <size>0x9c</size>
         <input_file_ref idref="fl-142"/>
      </object_component>
      <object_component id="oc-152">
         <name>.debug_abbrev</name>
         <load_address>0x1635</load_address>
         <run_address>0x1635</run_address>
         <size>0x8c</size>
         <input_file_ref idref="fl-142"/>
      </object_component>
      <object_component id="oc-17a">
         <name>.debug_abbrev</name>
         <load_address>0x16c1</load_address>
         <run_address>0x16c1</run_address>
         <size>0x24</size>
         <input_file_ref idref="fl-142"/>
      </object_component>
      <object_component id="oc-16f">
         <name>.debug_abbrev</name>
         <load_address>0x16e5</load_address>
         <run_address>0x16e5</run_address>
         <size>0x6b</size>
         <input_file_ref idref="fl-143"/>
      </object_component>
      <object_component id="oc-16d">
         <name>.debug_abbrev</name>
         <load_address>0x1750</load_address>
         <run_address>0x1750</run_address>
         <size>0x29</size>
         <input_file_ref idref="fl-143"/>
      </object_component>
      <object_component id="oc-104">
         <name>.debug_abbrev</name>
         <load_address>0x1779</load_address>
         <run_address>0x1779</run_address>
         <size>0xba</size>
         <input_file_ref idref="fl-143"/>
      </object_component>
      <object_component id="oc-af">
         <name>.debug_abbrev</name>
         <load_address>0x1833</load_address>
         <run_address>0x1833</run_address>
         <size>0x4c</size>
         <input_file_ref idref="fl-144"/>
      </object_component>
      <object_component id="oc-c4">
         <name>.debug_abbrev</name>
         <load_address>0x187f</load_address>
         <run_address>0x187f</run_address>
         <size>0x51</size>
         <input_file_ref idref="fl-145"/>
      </object_component>
      <object_component id="oc-185">
         <name>.debug_abbrev</name>
         <load_address>0x18d0</load_address>
         <run_address>0x18d0</run_address>
         <size>0x45</size>
         <input_file_ref idref="fl-146"/>
      </object_component>
      <object_component id="oc-169">
         <name>.debug_abbrev</name>
         <load_address>0x1915</load_address>
         <run_address>0x1915</run_address>
         <size>0x29</size>
         <input_file_ref idref="fl-146"/>
      </object_component>
      <object_component id="oc-184">
         <name>.debug_abbrev</name>
         <load_address>0x193e</load_address>
         <run_address>0x193e</run_address>
         <size>0x6f</size>
         <input_file_ref idref="fl-146"/>
      </object_component>
      <object_component id="oc-1af">
         <name>.debug_abbrev</name>
         <load_address>0x19ad</load_address>
         <run_address>0x19ad</run_address>
         <size>0xf</size>
      </object_component>
      <object_component id="oc-9d">
         <name>.debug_str</name>
         <load_address>0x0</load_address>
         <run_address>0x0</run_address>
         <size>0x19c</size>
         <input_file_ref idref="fl-2"/>
      </object_component>
      <object_component id="oc-fd">
         <name>.debug_str</name>
         <load_address>0x19c</load_address>
         <run_address>0x19c</run_address>
         <size>0xf5</size>
         <input_file_ref idref="fl-2"/>
      </object_component>
      <object_component id="oc-10b">
         <name>.debug_str</name>
         <load_address>0x291</load_address>
         <run_address>0x291</run_address>
         <size>0x20d</size>
         <input_file_ref idref="fl-2"/>
      </object_component>
      <object_component id="oc-ad">
         <name>.debug_str</name>
         <load_address>0x49e</load_address>
         <run_address>0x49e</run_address>
         <size>0x14a</size>
         <input_file_ref idref="fl-2"/>
      </object_component>
      <object_component id="oc-121">
         <name>.debug_str</name>
         <load_address>0x5e8</load_address>
         <run_address>0x5e8</run_address>
         <size>0x15e</size>
         <input_file_ref idref="fl-5"/>
      </object_component>
      <object_component id="oc-183">
         <name>.debug_str</name>
         <load_address>0x746</load_address>
         <run_address>0x746</run_address>
         <size>0x1a5</size>
         <input_file_ref idref="fl-5"/>
      </object_component>
      <object_component id="oc-da">
         <name>.debug_str</name>
         <load_address>0x8eb</load_address>
         <run_address>0x8eb</run_address>
         <size>0x460</size>
         <input_file_ref idref="fl-7"/>
      </object_component>
      <object_component id="oc-a8">
         <name>.debug_str</name>
         <load_address>0xd4b</load_address>
         <run_address>0xd4b</run_address>
         <size>0x220</size>
         <input_file_ref idref="fl-7"/>
      </object_component>
      <object_component id="oc-112">
         <name>.debug_str</name>
         <load_address>0xf6b</load_address>
         <run_address>0xf6b</run_address>
         <size>0x13a</size>
         <input_file_ref idref="fl-7"/>
      </object_component>
      <object_component id="oc-142">
         <name>.debug_str</name>
         <load_address>0x10a5</load_address>
         <run_address>0x10a5</run_address>
         <size>0x159</size>
         <input_file_ref idref="fl-7"/>
      </object_component>
      <object_component id="oc-117">
         <name>.debug_str</name>
         <load_address>0x11fe</load_address>
         <run_address>0x11fe</run_address>
         <size>0x18a</size>
         <input_file_ref idref="fl-7"/>
      </object_component>
      <object_component id="oc-11c">
         <name>.debug_str</name>
         <load_address>0x1388</load_address>
         <run_address>0x1388</run_address>
         <size>0x2ab</size>
         <input_file_ref idref="fl-7"/>
      </object_component>
      <object_component id="oc-126">
         <name>.debug_str</name>
         <load_address>0x1633</load_address>
         <run_address>0x1633</run_address>
         <size>0x181</size>
         <input_file_ref idref="fl-7"/>
      </object_component>
      <object_component id="oc-12b">
         <name>.debug_str</name>
         <load_address>0x17b4</load_address>
         <run_address>0x17b4</run_address>
         <size>0x35b</size>
         <input_file_ref idref="fl-7"/>
      </object_component>
      <object_component id="oc-130">
         <name>.debug_str</name>
         <load_address>0x1b0f</load_address>
         <run_address>0x1b0f</run_address>
         <size>0x25f</size>
         <input_file_ref idref="fl-7"/>
      </object_component>
      <object_component id="oc-e1">
         <name>.debug_str</name>
         <load_address>0x1d6e</load_address>
         <run_address>0x1d6e</run_address>
         <size>0x1ea</size>
         <input_file_ref idref="fl-9"/>
      </object_component>
      <object_component id="oc-13d">
         <name>.debug_str</name>
         <load_address>0x1f58</load_address>
         <run_address>0x1f58</run_address>
         <size>0x4c5</size>
         <input_file_ref idref="fl-c"/>
      </object_component>
      <object_component id="oc-ce">
         <name>.debug_str</name>
         <load_address>0x241d</load_address>
         <run_address>0x241d</run_address>
         <size>0x780</size>
         <input_file_ref idref="fl-c"/>
      </object_component>
      <object_component id="oc-14f">
         <name>.debug_str</name>
         <load_address>0x2b9d</load_address>
         <run_address>0x2b9d</run_address>
         <size>0x1b0</size>
         <input_file_ref idref="fl-d"/>
      </object_component>
      <object_component id="oc-14a">
         <name>.debug_str</name>
         <load_address>0x2d4d</load_address>
         <run_address>0x2d4d</run_address>
         <size>0x2eb</size>
         <input_file_ref idref="fl-12"/>
      </object_component>
      <object_component id="oc-135">
         <name>.debug_str</name>
         <load_address>0x3038</load_address>
         <run_address>0x3038</run_address>
         <size>0xc9</size>
         <input_file_ref idref="fl-17"/>
      </object_component>
      <object_component id="oc-bb">
         <name>.debug_str</name>
         <load_address>0x3101</load_address>
         <run_address>0x3101</run_address>
         <size>0xf5</size>
         <input_file_ref idref="fl-13e"/>
      </object_component>
      <object_component id="oc-15a">
         <name>.debug_str</name>
         <load_address>0x31f6</load_address>
         <run_address>0x31f6</run_address>
         <size>0xab</size>
         <input_file_ref idref="fl-13e"/>
      </object_component>
      <object_component id="oc-15f">
         <name>.debug_str</name>
         <load_address>0x32a1</load_address>
         <run_address>0x32a1</run_address>
         <size>0x11d</size>
         <input_file_ref idref="fl-13e"/>
      </object_component>
      <object_component id="oc-4e">
         <name>.debug_str</name>
         <load_address>0x33be</load_address>
         <run_address>0x33be</run_address>
         <size>0xc9</size>
         <input_file_ref idref="fl-13f"/>
      </object_component>
      <object_component id="oc-b4">
         <name>.debug_str</name>
         <load_address>0x3487</load_address>
         <run_address>0x3487</run_address>
         <size>0xc6</size>
         <input_file_ref idref="fl-13f"/>
      </object_component>
      <object_component id="oc-5c">
         <name>.debug_str</name>
         <load_address>0x354d</load_address>
         <run_address>0x354d</run_address>
         <size>0xbb</size>
         <input_file_ref idref="fl-140"/>
      </object_component>
      <object_component id="oc-c3">
         <name>.debug_str</name>
         <load_address>0x3608</load_address>
         <run_address>0x3608</run_address>
         <size>0xc6</size>
         <input_file_ref idref="fl-140"/>
      </object_component>
      <object_component id="oc-17c">
         <name>.debug_str</name>
         <load_address>0x36ce</load_address>
         <run_address>0x36ce</run_address>
         <size>0xa0</size>
         <input_file_ref idref="fl-142"/>
      </object_component>
      <object_component id="oc-9a">
         <name>.debug_pubtypes</name>
         <load_address>0x0</load_address>
         <run_address>0x0</run_address>
         <size>0xc6</size>
         <input_file_ref idref="fl-2"/>
      </object_component>
      <object_component id="oc-fa">
         <name>.debug_pubtypes</name>
         <load_address>0xc6</load_address>
         <run_address>0xc6</run_address>
         <size>0xff</size>
         <input_file_ref idref="fl-2"/>
      </object_component>
      <object_component id="oc-108">
         <name>.debug_pubtypes</name>
         <load_address>0x1c5</load_address>
         <run_address>0x1c5</run_address>
         <size>0x1c6</size>
         <input_file_ref idref="fl-2"/>
      </object_component>
      <object_component id="oc-aa">
         <name>.debug_pubtypes</name>
         <load_address>0x38b</load_address>
         <run_address>0x38b</run_address>
         <size>0x71</size>
         <input_file_ref idref="fl-2"/>
      </object_component>
      <object_component id="oc-11e">
         <name>.debug_pubtypes</name>
         <load_address>0x3fc</load_address>
         <run_address>0x3fc</run_address>
         <size>0x46</size>
         <input_file_ref idref="fl-5"/>
      </object_component>
      <object_component id="oc-180">
         <name>.debug_pubtypes</name>
         <load_address>0x442</load_address>
         <run_address>0x442</run_address>
         <size>0x3a</size>
         <input_file_ref idref="fl-5"/>
      </object_component>
      <object_component id="oc-d7">
         <name>.debug_pubtypes</name>
         <load_address>0x47c</load_address>
         <run_address>0x47c</run_address>
         <size>0x7d</size>
         <input_file_ref idref="fl-7"/>
      </object_component>
      <object_component id="oc-a5">
         <name>.debug_pubtypes</name>
         <load_address>0x4f9</load_address>
         <run_address>0x4f9</run_address>
         <size>0x75</size>
         <input_file_ref idref="fl-7"/>
      </object_component>
      <object_component id="oc-10f">
         <name>.debug_pubtypes</name>
         <load_address>0x56e</load_address>
         <run_address>0x56e</run_address>
         <size>0x30</size>
         <input_file_ref idref="fl-7"/>
      </object_component>
      <object_component id="oc-13f">
         <name>.debug_pubtypes</name>
         <load_address>0x59e</load_address>
         <run_address>0x59e</run_address>
         <size>0x2c</size>
         <input_file_ref idref="fl-7"/>
      </object_component>
      <object_component id="oc-114">
         <name>.debug_pubtypes</name>
         <load_address>0x5ca</load_address>
         <run_address>0x5ca</run_address>
         <size>0x2c</size>
         <input_file_ref idref="fl-7"/>
      </object_component>
      <object_component id="oc-119">
         <name>.debug_pubtypes</name>
         <load_address>0x5f6</load_address>
         <run_address>0x5f6</run_address>
         <size>0x32</size>
         <input_file_ref idref="fl-7"/>
      </object_component>
      <object_component id="oc-123">
         <name>.debug_pubtypes</name>
         <load_address>0x628</load_address>
         <run_address>0x628</run_address>
         <size>0x32</size>
         <input_file_ref idref="fl-7"/>
      </object_component>
      <object_component id="oc-128">
         <name>.debug_pubtypes</name>
         <load_address>0x65a</load_address>
         <run_address>0x65a</run_address>
         <size>0x56</size>
         <input_file_ref idref="fl-7"/>
      </object_component>
      <object_component id="oc-12d">
         <name>.debug_pubtypes</name>
         <load_address>0x6b0</load_address>
         <run_address>0x6b0</run_address>
         <size>0x2c</size>
         <input_file_ref idref="fl-7"/>
      </object_component>
      <object_component id="oc-de">
         <name>.debug_pubtypes</name>
         <load_address>0x6dc</load_address>
         <run_address>0x6dc</run_address>
         <size>0x64</size>
         <input_file_ref idref="fl-9"/>
      </object_component>
      <object_component id="oc-13a">
         <name>.debug_pubtypes</name>
         <load_address>0x740</load_address>
         <run_address>0x740</run_address>
         <size>0x3d</size>
         <input_file_ref idref="fl-c"/>
      </object_component>
      <object_component id="oc-cb">
         <name>.debug_pubtypes</name>
[...]
         <value>0x21c4</value>
         <object_component_ref idref="oc-7a"/>
      </symbol>
      <symbol id="sm-fd">
         <name>esmError</name>
         <value>0x1df8</value>
         <object_component_ref idref="oc-7a"/>
      </symbol>
      <symbol id="sm-fe">
         <name>esmSetCounterPreloadValue</name>
         <value>0x20a0</value>
         <object_component_ref idref="oc-7a"/>
      </symbol>
      <symbol id="sm-ff">
         <name>esmSetInterruptLevel</name>
         <value>0x1f54</value>
         <object_component_ref idref="oc-7a"/>
      </symbol>
      <symbol id="sm-100">
         <name>esmHighInterrupt</name>
         <value>0x355c</value>
         <object_component_ref idref="oc-24"/>
      </symbol>
      <symbol id="sm-101">
         <name>esmGetStatusUpper</name>
         <value>0x214c</value>
         <object_component_ref idref="oc-7a"/>
      </symbol>
      <symbol id="sm-102">
         <name>esmClearStatusBuffer</name>
         <value>0x2084</value>
         <object_component_ref idref="oc-7a"/>
      </symbol>
      <symbol id="sm-103">
         <name>esmSetInterruptLevelUpper</name>
         <value>0x1fd0</value>
         <object_component_ref idref="oc-7a"/>
      </symbol>
      <symbol id="sm-104">
         <name>esmEnableInterrupt</name>
         <value>0x1ec4</value>
         <object_component_ref idref="oc-7a"/>
      </symbol>
      <symbol id="sm-105">
         <name>esmActivateNormalOperation</name>
         <value>0x1eb4</value>
         <object_component_ref idref="oc-7a"/>
      </symbol>
      <symbol id="sm-106">
         <name>esmEnableError</name>
         <value>0x1e14</value>
         <object_component_ref idref="oc-7a"/>
      </symbol>
      <symbol id="sm-107">
         <name>esmTriggerErrorPinReset</name>
         <value>0x1ea4</value>
         <object_component_ref idref="oc-7a"/>
      </symbol>
      <symbol id="sm-108">
         <name>esmDisableInterrupt</name>
         <value>0x1f0c</value>
         <object_component_ref idref="oc-7a"/>
      </symbol>
      <symbol id="sm-109">
         <name>esmGetConfigValue</name>
         <value>0x229c</value>
         <object_component_ref idref="oc-7a"/>
      </symbol>
      <symbol id="sm-13c">
         <name>gioInit</name>
         <value>0x2460</value>
         <object_component_ref idref="oc-f2"/>
      </symbol>
      <symbol id="sm-13d">
         <name>gioSetDirection</name>
         <value>0x2530</value>
         <object_component_ref idref="oc-f2"/>
      </symbol>
      <symbol id="sm-13e">
         <name>gioDisableNotification</name>
         <value>0x26c0</value>
         <object_component_ref idref="oc-f2"/>
      </symbol>
      <symbol id="sm-13f">
         <name>gioSetPort</name>
         <value>0x25a0</value>
         <object_component_ref idref="oc-f2"/>
      </symbol>
      <symbol id="sm-140">
         <name>gioGetConfigValue</name>
         <value>0x2728</value>
         <object_component_ref idref="oc-f2"/>
      </symbol>
      <symbol id="sm-141">
         <name>gioEnableNotification</name>
         <value>0x2658</value>
         <object_component_ref idref="oc-f2"/>
      </symbol>
      <symbol id="sm-142">
         <name>gioToggleBit</name>
         <value>0x2600</value>
         <object_component_ref idref="oc-f2"/>
      </symbol>
      <symbol id="sm-143">
         <name>gioGetBit</name>
         <value>0x25c0</value>
         <object_component_ref idref="oc-f2"/>
      </symbol>
      <symbol id="sm-144">
         <name>gioSetBit</name>
         <value>0x2550</value>
         <object_component_ref idref="oc-f2"/>
      </symbol>
      <symbol id="sm-145">
         <name>gioGetPort</name>
         <value>0x25e8</value>
         <object_component_ref idref="oc-f2"/>
      </symbol>
      <symbol id="sm-164">
         <name>epcFIFOFullNotification</name>
         <value>0x3ae0</value>
         <object_component_ref idref="oc-6e"/>
      </symbol>
      <symbol id="sm-165">
         <name>esmGroup2Notification</name>
         <value>0x3a90</value>
         <object_component_ref idref="oc-6e"/>
      </symbol>
      <symbol id="sm-166">
         <name>epcCAMFullNotification</name>
         <value>0x3adc</value>
         <object_component_ref idref="oc-6e"/>
      </symbol>
      <symbol id="sm-167">
         <name>esmGroup1Notification</name>
         <value>0x3a7c</value>
         <object_component_ref idref="oc-6e"/>
      </symbol>
      <symbol id="sm-168">
         <name>esmGroup3Notification</name>
         <value>0x3aa4</value>
         <object_component_ref idref="oc-6e"/>
      </symbol>
      <symbol id="sm-169">
         <name>dmaGroupANotification</name>
         <value>0x3ab4</value>
         <object_component_ref idref="oc-6e"/>
      </symbol>
      <symbol id="sm-16a">
         <name>gioNotification</name>
         <value>0x3ac8</value>
         <object_component_ref idref="oc-6e"/>
      </symbol>
      <symbol id="sm-1d8">
         <name>muxInit</name>
         <value>0x20</value>
         <object_component_ref idref="oc-cf"/>
      </symbol>
      <symbol id="sm-204">
         <name>_iCacheInvalidate_</name>
         <value>0x2cd8</value>
         <object_component_ref idref="oc-69"/>
      </symbol>
      <symbol id="sm-205">
         <name>_disable_IRQ_interrupt_</name>
         <value>0x2b6c</value>
         <object_component_ref idref="oc-69"/>
      </symbol>
      <symbol id="sm-206">
         <name>_coreGetInstructionFaultAddress_</name>
         <value>0x2b18</value>
         <object_component_ref idref="oc-69"/>
      </symbol>
      <symbol id="sm-207">
         <name>_coreGetDataFault_</name>
         <value>0x2ac4</value>
         <object_component_ref idref="oc-69"/>
      </symbol>
      <symbol id="sm-208">
         <name>_coreDisableEventBusExport_</name>
         <value>0x2a94</value>
         <object_component_ref idref="oc-69"/>
      </symbol>
      <symbol id="sm-209">
         <name>_coreClearDataFaultAddress_</name>
         <value>0x2b04</value>
         <object_component_ref idref="oc-69"/>
      </symbol>
      <symbol id="sm-20a">
         <name>__TI_PINIT_Base</name>
         <value>0x2cf4</value>
         <object_component_ref idref="oc-69"/>
      </symbol>
      <symbol id="sm-20b">
         <name>_coreInitRegisters_</name>
         <value>0x28e4</value>
         <object_component_ref idref="oc-69"/>
      </symbol>
      <symbol id="sm-20c">
         <name>_coreClearInstructionFaultAddress_</name>
         <value>0x2b20</value>
         <object_component_ref idref="oc-69"/>
      </symbol>
      <symbol id="sm-20d">
         <name>_coreClearDataFault_</name>
         <value>0x2acc</value>
         <object_component_ref idref="oc-69"/>
      </symbol>
      <symbol id="sm-20e">
         <name>_coreGetAuxiliaryDataFault_</name>
         <value>0x2b34</value>
         <object_component_ref idref="oc-69"/>
      </symbol>
      <symbol id="sm-20f">
         <name>_enable_interrupt_</name>
         <value>0x2b7c</value>
         <object_component_ref idref="oc-69"/>
      </symbol>
      <symbol id="sm-210">
         <name>_coreClearAuxiliaryInstructionFault_</name>
         <value>0x2b58</value>
         <object_component_ref idref="oc-69"/>
      </symbol>
      <symbol id="sm-211">
         <name>_memInit_</name>
         <value>0x2c0c</value>
         <object_component_ref idref="oc-69"/>
      </symbol>
      <symbol id="sm-212">
         <name>_dCacheInvalidate_</name>
         <value>0x2cbc</value>
         <object_component_ref idref="oc-69"/>
      </symbol>
      <symbol id="sm-213">
         <name>_coreGetDataFaultAddress_</name>
         <value>0x2afc</value>
         <object_component_ref idref="oc-69"/>
      </symbol>
      <symbol id="sm-214">
         <name>_coreClearInstructionFault_</name>
         <value>0x2ae8</value>
         <object_component_ref idref="oc-69"/>
      </symbol>
      <symbol id="sm-215">
         <name>_getCPSRValue_</name>
         <value>0x2a3c</value>
         <object_component_ref idref="oc-69"/>
      </symbol>
      <symbol id="sm-216">
         <name>_cacheDisable_</name>
         <value>0x2c98</value>
         <object_component_ref idref="oc-69"/>
      </symbol>
      <symbol id="sm-217">
         <name>_enable_IRQ_interrupt_</name>
         <value>0x2b74</value>
         <object_component_ref idref="oc-69"/>
      </symbol>
      <symbol id="sm-218">
         <name>__TI_PINIT_Limit</name>
         <value>0x2cf8</value>
         <object_component_ref idref="oc-69"/>
      </symbol>
      <symbol id="sm-219">
         <name>_coreGetAuxiliaryInstructionFault_</name>
         <value>0x2b50</value>
         <object_component_ref idref="oc-69"/>
      </symbol>
      <symbol id="sm-21a">
         <name>_coreInitStackPointer_</name>
         <value>0x29f0</value>
         <object_component_ref idref="oc-69"/>
      </symbol>
      <symbol id="sm-21b">
         <name>_esmCcmErrorsClear_</name>
         <value>0x2b84</value>
         <object_component_ref idref="oc-69"/>
      </symbol>
      <symbol id="sm-21c">
         <name>_gotoCPUIdle_</name>
         <value>0x2a44</value>
         <object_component_ref idref="oc-69"/>
      </symbol>
      <symbol id="sm-21d">
         <name>_coreEnableIrqVicOffset_</name>
         <value>0x2aac</value>
         <object_component_ref idref="oc-69"/>
      </symbol>
      <symbol id="sm-21e">
         <name>_coreGetInstructionFault_</name>
         <value>0x2ae0</value>
         <object_component_ref idref="oc-69"/>
      </symbol>
      <symbol id="sm-21f">
         <name>_cacheEnable_</name>
         <value>0x2c60</value>
         <object_component_ref idref="oc-69"/>
      </symbol>
      <symbol id="sm-220">
         <name>_coreEnableVfp_</name>
         <value>0x2a5c</value>
         <object_component_ref idref="oc-69"/>
      </symbol>
      <symbol id="sm-221">
         <name>_coreClearAuxiliaryDataFault_</name>
         <value>0x2b3c</value>
         <object_component_ref idref="oc-69"/>
      </symbol>
      <symbol id="sm-222">
         <name>_coreEnableEventBusExport_</name>
         <value>0x2a7c</value>
         <object_component_ref idref="oc-69"/>
      </symbol>
      <symbol id="sm-223">
         <name>_checkMemInitOn_</name>
         <value>0x2c40</value>
         <object_component_ref idref="oc-69"/>
      </symbol>
      <symbol id="sm-231">
         <name>resetEntry</name>
         <value>0x0</value>
         <object_component_ref idref="oc-2d"/>
      </symbol>
      <symbol id="sm-24c">
         <name>_mpuSetRegionBaseAddress_</name>
         <value>0x3054</value>
         <object_component_ref idref="oc-80"/>
      </symbol>
      <symbol id="sm-24d">
         <name>_mpuInit_</name>
         <value>0x2cfc</value>
         <object_component_ref idref="oc-80"/>
      </symbol>
      <symbol id="sm-24e">
         <name>_mpuSetRegionSizeRegister_</name>
         <value>0x3088</value>
         <object_component_ref idref="oc-80"/>
      </symbol>
      <symbol id="sm-24f">
         <name>_mpuDisableBackgroundRegion_</name>
         <value>0x3014</value>
         <object_component_ref idref="oc-80"/>
      </symbol>
      <symbol id="sm-250">
         <name>_mpuSetRegionTypeAndPermission_</name>
         <value>0x3064</value>
         <object_component_ref idref="oc-80"/>
      </symbol>
      <symbol id="sm-251">
         <name>_mpuGetRegionPermission_</name>
         <value>0x307c</value>
         <object_component_ref idref="oc-80"/>
      </symbol>
      <symbol id="sm-252">
         <name>_mpuEnable_</name>
         <value>0x2fbc</value>
         <object_component_ref idref="oc-80"/>
      </symbol>
      <symbol id="sm-253">
         <name>_mpuGetNumberOfRegions_</name>
         <value>0x302c</value>
         <object_component_ref idref="oc-80"/>
      </symbol>
      <symbol id="sm-254">
         <name>_mpuAreRegionsSeparate_</name>
         <value>0x3038</value>
         <object_component_ref idref="oc-80"/>
      </symbol>
      <symbol id="sm-255">
         <name>_mpuEnableBackgroundRegion_</name>
         <value>0x2ffc</value>
         <object_component_ref idref="oc-80"/>
      </symbol>
      <symbol id="sm-256">
         <name>_mpuGetRegionType_</name>
         <value>0x3070</value>
         <object_component_ref idref="oc-80"/>
      </symbol>
      <symbol id="sm-257">
         <name>_mpuDisable_</name>
         <value>0x2fdc</value>
         <object_component_ref idref="oc-80"/>
      </symbol>
      <symbol id="sm-258">
         <name>_mpuGetRegionBaseAddress_</name>
         <value>0x305c</value>
         <object_component_ref idref="oc-80"/>
      </symbol>
      <symbol id="sm-259">
         <name>_mpuSetRegion_</name>
         <value>0x3044</value>
         <object_component_ref idref="oc-80"/>
      </symbol>
      <symbol id="sm-25a">
         <name>_mpuGetRegion_</name>
         <value>0x304c</value>
         <object_component_ref idref="oc-80"/>
      </symbol>
      <symbol id="sm-26d">
         <name>phantomInterrupt</name>
         <value>0x3b98</value>
         <object_component_ref idref="oc-32"/>
      </symbol>
      <symbol id="sm-281">
         <name>_c_int00</name>
         <value>0x36d4</value>
         <object_component_ref idref="oc-1e"/>
      </symbol>
      <symbol id="sm-323">
         <name>vimChannelMap</name>
         <value>0x1438</value>
         <object_component_ref idref="oc-39"/>
      </symbol>
      <symbol id="sm-324">
         <name>vimInit</name>
         <value>0x1364</value>
         <object_component_ref idref="oc-39"/>
      </symbol>
      <symbol id="sm-325">
         <name>vimEnableInterrupt</name>
         <value>0x14dc</value>
         <object_component_ref idref="oc-39"/>
      </symbol>
      <symbol id="sm-326">
         <name>vimDisableInterrupt</name>
         <value>0x16a4</value>
         <object_component_ref idref="oc-39"/>
      </symbol>
      <symbol id="sm-327">
         <name>vimGetConfigValue</name>
         <value>0x1750</value>
         <object_component_ref idref="oc-39"/>
      </symbol>
      <symbol id="sm-328">
         <name>vimECCErrorHandler</name>
         <value>0x3090</value>
         <object_component_ref idref="oc-38"/>
      </symbol>
      <symbol id="sm-378">
         <name>systemGetConfigValue</name>
         <value>0xe98</value>
         <object_component_ref idref="oc-74"/>
      </symbol>
      <symbol id="sm-379">
         <name>trimLPO</name>
         <value>0xa40</value>
         <object_component_ref idref="oc-74"/>
      </symbol>
      <symbol id="sm-37a">
         <name>systemInit</name>
         <value>0xca8</value>
         <object_component_ref idref="oc-74"/>
      </symbol>
      <symbol id="sm-37b">
         <name>periphInit</name>
         <value>0xac8</value>
         <object_component_ref idref="oc-74"/>
      </symbol>
      <symbol id="sm-37c">
         <name>setupFlash</name>
         <value>0xa88</value>
         <object_component_ref idref="oc-74"/>
      </symbol>
      <symbol id="sm-37d">
         <name>setupPLL</name>
         <value>0x9e0</value>
         <object_component_ref idref="oc-74"/>
      </symbol>
      <symbol id="sm-37e">
         <name>getResetSource</name>
         <value>0xd4c</value>
         <object_component_ref idref="oc-74"/>
      </symbol>
      <symbol id="sm-37f">
         <name>mapClocks</name>
         <value>0xb7c</value>
         <object_component_ref idref="oc-74"/>
      </symbol>
      <symbol id="sm-380">
         <name>systemPowerDown</name>
         <value>0xd1c</value>
         <object_component_ref idref="oc-74"/>
      </symbol>
      <symbol id="sm-3aa">
         <name>__TI_auto_init</name>
         <value>0x3840</value>
         <object_component_ref idref="oc-85"/>
      </symbol>
      <symbol id="sm-3c1">
         <name>__TI_decompress_none</name>
         <value>0x3b6c</value>
         <object_component_ref idref="oc-c"/>
      </symbol>
      <symbol id="sm-3e7">
         <name>__TI_decompress_rle24</name>
         <value>0x3b90</value>
         <object_component_ref idref="oc-12"/>
      </symbol>
      <symbol id="sm-402">
         <name>copy_in</name>
         <value>0x3980</value>
         <object_component_ref idref="oc-e4"/>
      </symbol>
      <symbol id="sm-422">
         <name>C$$EXIT</name>
         <value>0x3a04</value>
         <object_component_ref idref="oc-91"/>
      </symbol>
      <symbol id="sm-423">
         <name>abort</name>
         <value>0x3a0c</value>
         <object_component_ref idref="oc-91"/>
      </symbol>
      <symbol id="sm-424">
         <name>exit</name>
         <value>0x3a18</value>
         <object_component_ref idref="oc-91"/>
      </symbol>
      <symbol id="sm-425">
         <name>__TI_dtors_ptr</name>
         <value>0x800150c</value>
         <object_component_ref idref="oc-101"/>
      </symbol>
      <symbol id="sm-426">
         <name>__TI_cleanup_ptr</name>
         <value>0x8001508</value>
         <object_component_ref idref="oc-101"/>
      </symbol>
      <symbol id="sm-43f">
         <name>memcpy</name>
         <value>0x33dc</value>
         <object_component_ref idref="oc-44"/>
      </symbol>
      <symbol id="sm-440">
         <name>__aeabi_memcpy</name>
         <value>0x33dc</value>
         <object_component_ref idref="oc-44"/>
      </symbol>
      <symbol id="sm-441">
         <name>__aeabi_memcpy8</name>
         <value>0x33dc</value>
         <object_component_ref idref="oc-44"/>
      </symbol>
      <symbol id="sm-442">
         <name>__aeabi_memcpy4</name>
         <value>0x33dc</value>
         <object_component_ref idref="oc-44"/>
      </symbol>
      <symbol id="sm-451">
         <name>__aeabi_memset</name>
         <value>0x3794</value>
         <object_component_ref idref="oc-5d"/>
      </symbol>
      <symbol id="sm-452">
         <name>memset</name>
         <value>0x37a0</value>
         <object_component_ref idref="oc-5d"/>
      </symbol>
      <symbol id="sm-453">
         <name>__aeabi_memset8</name>
         <value>0x3794</value>
         <object_component_ref idref="oc-5d"/>
      </symbol>
      <symbol id="sm-454">
         <name>__aeabi_memset4</name>
         <value>0x3794</value>
         <object_component_ref idref="oc-5d"/>
      </symbol>
      <symbol id="sm-455">
         <name>__aeabi_memclr8</name>
         <value>0x3790</value>
         <object_component_ref idref="oc-5d"/>
      </symbol>
      <symbol id="sm-456">
         <name>__aeabi_memclr4</name>
         <value>0x3790</value>
         <object_component_ref idref="oc-5d"/>
      </symbol>
      <symbol id="sm-457">
         <name>__aeabi_memclr</name>
         <value>0x3790</value>
         <object_component_ref idref="oc-5d"/>
      </symbol>
      <symbol id="sm-471">
         <name>_nop</name>
         <value>0x3b60</value>
         <object_component_ref idref="oc-163"/>
      </symbol>
      <symbol id="sm-472">
         <name>_lock</name>
         <value>0x8001500</value>
         <object_component_ref idref="oc-fe"/>
      </symbol>
      <symbol id="sm-473">
         <name>_unlock</name>
         <value>0x8001504</value>
         <object_component_ref idref="oc-fe"/>
      </symbol>
      <symbol id="sm-474">
         <name>_register_lock</name>
         <value>0x3b54</value>
         <object_component_ref idref="oc-163"/>
      </symbol>
      <symbol id="sm-475">
         <name>_register_unlock</name>
         <value>0x3b48</value>
         <object_component_ref idref="oc-163"/>
      </symbol>
      <symbol id="sm-476">
         <name>__TI_static_base__</name>
         <value>0x0</value>
      </symbol>
      <symbol id="sm-479">
         <name>SHT$$INIT_ARRAY$$Base</name>
         <value>0x0</value>
      </symbol>
      <symbol id="sm-47a">
         <name>SHT$$INIT_ARRAY$$Limit</name>
         <value>0x0</value>
      </symbol>
   </symbol_table>
   <title>Link successful</title>
</link_info>
